{
    "chunk_0": {
        "status": "success",
        "publisher[TOK_Q_DELIM]file:///#sso/organization/site/org-banner-url[TOK_Q_DELIM]Article": {
            "query": "prop=publisher, value=file:///#sso/organization/site/org-banner-url, parent_class=Article",
            "response": "TOKPOS"
        },
        "inLanguage[TOK_Q_DELIM]en_US[TOK_Q_DELIM]Article": {
            "query": "prop=inLanguage, value=en_US, parent_class=Article",
            "response": "TOKPOS"
        },
        "author[TOK_Q_DELIM]file:///9e013e648eb9bb6501b0e3eec89ebeea#sso/person[TOK_Q_DELIM]Article": {
            "query": "prop=author, value=file:///9e013e648eb9bb6501b0e3eec89ebeea#sso/person, parent_class=Article",
            "response": "TOKPOS"
        },
        "thumbnailUrl[TOK_Q_DELIM]https://www.lendingkart.com/wp-content/uploads/2019/08/Commercial-Loans-for-Small-Business-600x315-cropped.png[TOK_Q_DELIM]Article": {
            "query": "prop=thumbnailUrl, value=https://www.lendingkart.com/wp-content/uploads/2019/08/Commercial-Loans-for-Small-Business-600x315-cropped.png, parent_class=Article",
            "response": "TOKPOS"
        },
        "dateModified[TOK_Q_DELIM]2020-08-14T06:31:47+00:00[TOK_Q_DELIM]Article": {
            "query": "prop=dateModified, value=2020-08-14T06:31:47+00:00, parent_class=Article",
            "response": "TOKNEG"
        },
        "dateCreated[TOK_Q_DELIM]2019-08-08T10:28:37+00:00[TOK_Q_DELIM]Article": {
            "query": "prop=dateCreated, value=2019-08-08T10:28:37+00:00, parent_class=Article",
            "response": "TOKNEG"
        },
        "url[TOK_Q_DELIM]https://www.lendingkart.com/business-loans/commercial-loan/[TOK_Q_DELIM]Article": {
            "query": "prop=url, value=https://www.lendingkart.com/business-loans/commercial-loan/, parent_class=Article",
            "response": "TOKPOS"
        },
        "headline[TOK_Q_DELIM]Commercial Loan for Small Business - Check Interest Rate &amp; Apply Online[TOK_Q_DELIM]Article": {
            "query": "prop=headline, value=Commercial Loan for Small Business - Check Interest Rate &amp; Apply Online, parent_class=Article",
            "response": "TOKPOS"
        },
        "isFamilyFriendly[TOK_Q_DELIM]True[TOK_Q_DELIM]Article": {
            "query": "prop=isFamilyFriendly, value=True, parent_class=Article",
            "response": "TOKPOS"
        },
        "sameAs[TOK_Q_DELIM]https://www.lendingkart.com/?p=9964[TOK_Q_DELIM]Article": {
            "query": "prop=sameAs, value=https://www.lendingkart.com/?p=9964, parent_class=Article",
            "response": "TOKPOS"
        },
        "name[TOK_Q_DELIM]Commercial Loan for Small Business - Check Interest Rate &amp; Apply...[TOK_Q_DELIM]Article": {
            "query": "prop=name, value=Commercial Loan for Small Business - Check Interest Rate &amp; Apply..., parent_class=Article",
            "response": "TOKPOS"
        },
        "description[TOK_Q_DELIM]Commercial Loan for Small Business in India - Check How to Get Commercial Loan for Business &amp; Shop Purchase? ✓ Interest Rate ✓ Calculator ✓ Apply Online Now.[TOK_Q_DELIM]Article": {
            "query": "prop=description, value=Commercial Loan for Small Business in India - Check How to Get Commercial Loan for Business &amp; Shop Purchase? ✓ Interest Rate ✓ Calculator ✓ Apply Online Now., parent_class=Article",
            "response": "TOKPOS"
        },
        "datePublished[TOK_Q_DELIM]2019-08-08T10:28:37+00:00[TOK_Q_DELIM]Article": {
            "query": "prop=datePublished, value=2019-08-08T10:28:37+00:00, parent_class=Article",
            "response": "TOKPOS"
        },
        "alternateName[TOK_Q_DELIM]Commercial Loan for Small Business - Check Interest Rate &amp; Apply Online[TOK_Q_DELIM]Article": {
            "query": "prop=alternateName, value=Commercial Loan for Small Business - Check Interest Rate &amp; Apply Online, parent_class=Article",
            "response": "TOKPOS"
        },
        "provider[TOK_Q_DELIM]file:///#sso/organization/site/org-logo-url[TOK_Q_DELIM]Article": {
            "query": "prop=provider, value=file:///#sso/organization/site/org-logo-url, parent_class=Article",
            "response": "TOKPOS"
        },
        "mainEntityOfPage[TOK_Q_DELIM]https://www.lendingkart.com/business-loans/commercial-loan/[TOK_Q_DELIM]Article": {
            "query": "prop=mainEntityOfPage, value=https://www.lendingkart.com/business-loans/commercial-loan/, parent_class=Article",
            "response": "TOKPOS"
        },
        "copyrightYear[TOK_Q_DELIM]2019[TOK_Q_DELIM]Article": {
            "query": "prop=copyrightYear, value=2019, parent_class=Article",
            "response": "TOKPOS"
        },
        "score": 0.8823529411764706
    }
}