{"msgs": {"Review|N209824fa114441a69183fa675c9ac075|Restaurant": ["(Review) is not a property of (Restaurant)."]}, "score": 0.9696969706152433, "n_infos": 33, "valid": false}