{
    "chunk_0": {
        "status": "success",
        "email[TOK_Q_DELIM]isotra@isotra.cz[TOK_Q_DELIM]Organization": {
            "query": "prop=email, value=isotra@isotra.cz, parent_class=Organization",
            "response": "TOKPOS"
        },
        "addressLocality[TOK_Q_DELIM]Opava[TOK_Q_DELIM]PostalAddress": {
            "query": "prop=addressLocality, value=Opava, parent_class=PostalAddress",
            "response": "TOKPOS"
        },
        "streetAddress[TOK_Q_DELIM]Bílovecká 2411/1[TOK_Q_DELIM]PostalAddress": {
            "query": "prop=streetAddress, value=Bílovecká 2411/1, parent_class=PostalAddress",
            "response": "TOKPOS"
        },
        "addressRegion[TOK_Q_DELIM]Česká republika[TOK_Q_DELIM]PostalAddress": {
            "query": "prop=addressRegion, value=Česká republika, parent_class=PostalAddress",
            "response": "TOKPOS"
        },
        "url[TOK_Q_DELIM]https://www.isotra.cz/frontend-content/img/logo-app.png[TOK_Q_DELIM]ImageObject": {
            "query": "prop=url, value=https://www.isotra.cz/frontend-content/img/logo-app.png, parent_class=ImageObject",
            "response": "TOKNEG"
        },
        "url[TOK_Q_DELIM]https://www.isotra.cz[TOK_Q_DELIM]Organization": {
            "query": "prop=url, value=https://www.isotra.cz, parent_class=Organization",
            "response": "TOKPOS"
        },
        "description[TOK_Q_DELIM]ISOTRA vyrábí kvalitní interiérové zastínění a exteriérové zastínění. Vlastníme nástrojárnu a pro naše produkty si vyrbíme vlastní komponenty.[TOK_Q_DELIM]Organization": {
            "query": "prop=description, value=ISOTRA vyrábí kvalitní interiérové zastínění a exteriérové zastínění. Vlastníme nástrojárnu a pro naše produkty si vyrbíme vlastní komponenty., parent_class=Organization",
            "response": "TOKPOS"
        },
        "height[TOK_Q_DELIM]302[TOK_Q_DELIM]ImageObject": {
            "query": "prop=height, value=302, parent_class=ImageObject",
            "response": "TOKPOS"
        },
        "width[TOK_Q_DELIM]302[TOK_Q_DELIM]ImageObject": {
            "query": "prop=width, value=302, parent_class=ImageObject",
            "response": "TOKPOS"
        },
        "telephone[TOK_Q_DELIM]+420 553 685 111[TOK_Q_DELIM]Organization": {
            "query": "prop=telephone, value=+420 553 685 111, parent_class=Organization",
            "response": "TOKPOS"
        },
        "postalCode[TOK_Q_DELIM]746 01[TOK_Q_DELIM]PostalAddress": {
            "query": "prop=postalCode, value=746 01, parent_class=PostalAddress",
            "response": "TOKPOS"
        },
        "@contactType[TOK_Q_DELIM]customer service[TOK_Q_DELIM]ContactPoint": {
            "query": "prop=@contactType, value=customer service, parent_class=ContactPoint",
            "response": "TOKPOS"
        },
        "name[TOK_Q_DELIM]ISOTRA a.s.[TOK_Q_DELIM]Organization": {
            "query": "prop=name, value=ISOTRA a.s., parent_class=Organization",
            "response": "TOKPOS"
        },
        "addressCountry[TOK_Q_DELIM]CZ[TOK_Q_DELIM]PostalAddress": {
            "query": "prop=addressCountry, value=CZ, parent_class=PostalAddress",
            "response": "TOKPOS"
        },
        "@telephone[TOK_Q_DELIM]+420 800 800 110[TOK_Q_DELIM]ContactPoint": {
            "query": "prop=@telephone, value=+420 800 800 110, parent_class=ContactPoint",
            "response": "TOKPOS"
        },
        "score": 0.9333333333333333
    }
}