{
    "chunk_0": {
        "status": "success",
        "item[TOK_Q_DELIM]https://www.annonce.cz/knihy.html[TOK_Q_DELIM]ListItem": {
            "query": "item: An entity represented by an entry in a list or data feed (e.g. an 'artist' in a list of 'artists').",
            "response": "TOKNEG"
        },
        "sameAs[TOK_Q_DELIM]https://www.linkedin.com/company/vltavalabemedia/?originalSubdomain=cz[TOK_Q_DELIM]Organization": {
            "query": "sameAs: URL of a reference Web page that unambiguously indicates the item's identity. E.g. the URL of the item's Wikipedia page, Wikidata entry, or official website.",
            "response": "TOKPOS"
        },
        "position[TOK_Q_DELIM]0[TOK_Q_DELIM]ListItem": {
            "query": "position: The position of an item in a series or sequence of items.",
            "response": "TOKNEG"
        },
        "telephone[TOK_Q_DELIM]+420-221-626-999[TOK_Q_DELIM]ContactPoint": {
            "query": "telephone: The telephone number.",
            "response": "TOKPOS"
        },
        "addressLocality[TOK_Q_DELIM]Praha, Česká Republika[TOK_Q_DELIM]PostalAddress": {
            "query": "addressLocality: The locality in which the street address is, and which is in the region. For example, Mountain View.",
            "response": "TOKNEG"
        },
        "url[TOK_Q_DELIM]https://www.annonce.cz/inzerat/psychologie-atkinsonove-65673133-wngcs1.html[TOK_Q_DELIM]Product": {
            "query": "url: URL of the item.",
            "response": "TOKPOS"
        },
        "alternateName[TOK_Q_DELIM]Annonce.cz[TOK_Q_DELIM]Organization": {
            "query": "alternateName: An alias for the item.",
            "response": "TOKPOS"
        },
        "sameAs[TOK_Q_DELIM]https://www.firmy.cz/detail/12774022-annonce-praha-nove-mesto.html[TOK_Q_DELIM]Organization": {
            "query": "sameAs: URL of a reference Web page that unambiguously indicates the item's identity. E.g. the URL of the item's Wikipedia page, Wikidata entry, or official website.",
            "response": "TOKPOS"
        },
        "identifier[TOK_Q_DELIM]WNGCS1[TOK_Q_DELIM]Product": {
            "query": "identifier: The identifier property represents any kind of identifier for any kind of [[Thing]], such as ISBNs, GTIN codes, UUIDs etc. Schema.org provides dedicated properties for representing many of these, either as textual strings or as URL (URI) links. See [background notes](/docs/datamodel.html#identifierBg) for more details.",
            "response": "TOKPOS"
        },
        "name[TOK_Q_DELIM]VLTAVA LABE MEDIA a.s.[TOK_Q_DELIM]Organization": {
            "query": "name: The name of the item.",
            "response": "TOKPOS"
        },
        "url[TOK_Q_DELIM]https://www.annonce.cz/[TOK_Q_DELIM]Organization": {
            "query": "url: URL of the item.",
            "response": "TOKPOS"
        },
        "logo[TOK_Q_DELIM]https://www.annonce.cz/public/ca/85/97/8540_130383_vlm_224x224.png[TOK_Q_DELIM]Organization": {
            "query": "logo: An associated logo.",
            "response": "TOKPOS"
        },
        "item[TOK_Q_DELIM]https://www.annonce.cz/[TOK_Q_DELIM]ListItem": {
            "query": "item: An entity represented by an entry in a list or data feed (e.g. an 'artist' in a list of 'artists').",
            "response": "TOKNEG"
        },
        "name[TOK_Q_DELIM]PSYCHOLOGIE ATKINSONOVÉ  A HILGARDA 2012[TOK_Q_DELIM]Product": {
            "query": "name: The name of the item.",
            "response": "TOKPOS"
        },
        "logo[TOK_Q_DELIM]https://www.annonce.cz/public/2b/ca/d1/8538_130382_annonce_224x224.png[TOK_Q_DELIM]Organization": {
            "query": "logo: An associated logo.",
            "response": "TOKPOS"
        },
        "item[TOK_Q_DELIM]https://www.annonce.cz/knihy-casopisy-mapy.html[TOK_Q_DELIM]ListItem": {
            "query": "item: An entity represented by an entry in a list or data feed (e.g. an 'artist' in a list of 'artists').",
            "response": "TOKNEG"
        },
        "position[TOK_Q_DELIM]3[TOK_Q_DELIM]ListItem": {
            "query": "position: The position of an item in a series or sequence of items.",
            "response": "TOKPOS"
        },
        "url[TOK_Q_DELIM]https://www.vlmedia.cz/[TOK_Q_DELIM]Organization": {
            "query": "url: URL of the item.",
            "response": "TOKPOS"
        },
        "item[TOK_Q_DELIM]https://www.annonce.cz/cestovani-konicky-a-volny-cas.html[TOK_Q_DELIM]ListItem": {
            "query": "item: An entity represented by an entry in a list or data feed (e.g. an 'artist' in a list of 'artists').",
            "response": "TOKNEG"
        },
        "url[TOK_Q_DELIM]https://www.annonce.cz/inzerat/psychologie-atkinsonove-65673133-wngcs1.html[TOK_Q_DELIM]ItemPage": {
            "query": "url: URL of the item.",
            "response": "TOKPOS"
        },
        "position[TOK_Q_DELIM]2[TOK_Q_DELIM]ListItem": {
            "query": "position: The position of an item in a series or sequence of items.",
            "response": "TOKNEG"
        },
        "position[TOK_Q_DELIM]1[TOK_Q_DELIM]ListItem": {
            "query": "position: The position of an item in a series or sequence of items.",
            "response": "TOKPOS"
        },
        "description[TOK_Q_DELIM]Psychologie Atkinsonové a Hilgarda, přepracované vydání: S. Nolen-Hoeksema, B.L. Fredrickson, G. R. Loftus, W. A. Wagenaar, vydavatel: nakladatelství Portál v Praze roku 2012, pevná vazba, počet stran: 888, české vydání 3. ISBN 978-80-262-0083-3, stav knihy je nový a cena jen podle dohody.[TOK_Q_DELIM]Product": {
            "query": "description: A description of the item.",
            "response": "TOKPOS"
        },
        "score": 0.6956521739130435
    }
}