{
    "chunk_0": {
        "status": "success",
        "streetAddress[TOK_Q_DELIM] 5/393, Viraj Khand - 5, Viraj Khand, Gomti Nagar[TOK_Q_DELIM]PostalAddress": {
            "query": "streetAddress: The street address. For example, 1600 Amphitheatre Pkwy.",
            "response": "TOKNEG"
        },
        "postalCode[TOK_Q_DELIM]226010[TOK_Q_DELIM]PostalAddress": {
            "query": "postalCode: The postal code. For example, 94043.",
            "response": "TOKPOS"
        },
        "contactType[TOK_Q_DELIM]Customer Service[TOK_Q_DELIM]ContactPoint": {
            "query": "contactType: A person or organization can have different contact points, for different purposes. For example, a sales contact point, a PR contact point and so on. This property is used to specify the kind of contact point.",
            "response": "TOKPOS"
        },
        "sameAs[TOK_Q_DELIM]https://www.instagram.com/houseofdhaaga/?hl=en[TOK_Q_DELIM]Organization": {
            "query": "sameAs: URL of a reference Web page that unambiguously indicates the item's identity. E.g. the URL of the item's Wikipedia page, Wikidata entry, or official website.",
            "response": "TOKPOS"
        },
        "sameAs[TOK_Q_DELIM]https://in.pinterest.com/houseofdhaaga/[TOK_Q_DELIM]Organization": {
            "query": "sameAs: URL of a reference Web page that unambiguously indicates the item's identity. E.g. the URL of the item's Wikipedia page, Wikidata entry, or official website.",
            "response": "TOKPOS"
        },
        "addressLocality[TOK_Q_DELIM]Lucknow[TOK_Q_DELIM]PostalAddress": {
            "query": "addressLocality: The locality in which the street address is, and which is in the region. For example, Mountain View.",
            "response": "TOKPOS"
        },
        "score": 0.8333333333333334
    }
}