{
    "msgs": {
        "Comment[TOK_Q_DELIM]ne04c21324946401b9d2b3c9f686bc26eb4[TOK_Q_DELIM]DiscussionForumPosting": [
            "(Comment) is not a property of (DiscussionForumPosting)."
        ],
        "Comment[TOK_Q_DELIM]ne04c21324946401b9d2b3c9f686bc26eb26[TOK_Q_DELIM]DiscussionForumPosting": [
            "(Comment) is not a property of (DiscussionForumPosting)."
        ],
        "Comment[TOK_Q_DELIM]ne04c21324946401b9d2b3c9f686bc26eb48[TOK_Q_DELIM]DiscussionForumPosting": [
            "(Comment) is not a property of (DiscussionForumPosting)."
        ],
        "Comment[TOK_Q_DELIM]ne04c21324946401b9d2b3c9f686bc26eb70[TOK_Q_DELIM]DiscussionForumPosting": [
            "(Comment) is not a property of (DiscussionForumPosting)."
        ],
        "Comment[TOK_Q_DELIM]ne04c21324946401b9d2b3c9f686bc26eb92[TOK_Q_DELIM]DiscussionForumPosting": [
            "(Comment) is not a property of (DiscussionForumPosting)."
        ],
        "Comment[TOK_Q_DELIM]ne04c21324946401b9d2b3c9f686bc26eb114[TOK_Q_DELIM]DiscussionForumPosting": [
            "(Comment) is not a property of (DiscussionForumPosting)."
        ],
        "Comment[TOK_Q_DELIM]ne04c21324946401b9d2b3c9f686bc26eb136[TOK_Q_DELIM]DiscussionForumPosting": [
            "(Comment) is not a property of (DiscussionForumPosting)."
        ],
        "Comment[TOK_Q_DELIM]ne04c21324946401b9d2b3c9f686bc26eb158[TOK_Q_DELIM]DiscussionForumPosting": [
            "(Comment) is not a property of (DiscussionForumPosting)."
        ],
        "Comment[TOK_Q_DELIM]ne04c21324946401b9d2b3c9f686bc26eb180[TOK_Q_DELIM]DiscussionForumPosting": [
            "(Comment) is not a property of (DiscussionForumPosting)."
        ],
        "Comment[TOK_Q_DELIM]ne04c21324946401b9d2b3c9f686bc26eb202[TOK_Q_DELIM]DiscussionForumPosting": [
            "(Comment) is not a property of (DiscussionForumPosting)."
        ],
        "Comment[TOK_Q_DELIM]ne04c21324946401b9d2b3c9f686bc26eb224[TOK_Q_DELIM]DiscussionForumPosting": [
            "(Comment) is not a property of (DiscussionForumPosting)."
        ],
        "Comment[TOK_Q_DELIM]ne04c21324946401b9d2b3c9f686bc26eb246[TOK_Q_DELIM]DiscussionForumPosting": [
            "(Comment) is not a property of (DiscussionForumPosting)."
        ],
        "Comment[TOK_Q_DELIM]ne04c21324946401b9d2b3c9f686bc26eb268[TOK_Q_DELIM]DiscussionForumPosting": [
            "(Comment) is not a property of (DiscussionForumPosting)."
        ],
        "Comment[TOK_Q_DELIM]ne04c21324946401b9d2b3c9f686bc26eb290[TOK_Q_DELIM]DiscussionForumPosting": [
            "(Comment) is not a property of (DiscussionForumPosting)."
        ],
        "Comment[TOK_Q_DELIM]ne04c21324946401b9d2b3c9f686bc26eb312[TOK_Q_DELIM]DiscussionForumPosting": [
            "(Comment) is not a property of (DiscussionForumPosting)."
        ],
        "Comment[TOK_Q_DELIM]ne04c21324946401b9d2b3c9f686bc26eb334[TOK_Q_DELIM]DiscussionForumPosting": [
            "(Comment) is not a property of (DiscussionForumPosting)."
        ],
        "Comment[TOK_Q_DELIM]ne04c21324946401b9d2b3c9f686bc26eb356[TOK_Q_DELIM]DiscussionForumPosting": [
            "(Comment) is not a property of (DiscussionForumPosting)."
        ],
        "Comment[TOK_Q_DELIM]ne04c21324946401b9d2b3c9f686bc26eb378[TOK_Q_DELIM]DiscussionForumPosting": [
            "(Comment) is not a property of (DiscussionForumPosting)."
        ],
        "Comment[TOK_Q_DELIM]ne04c21324946401b9d2b3c9f686bc26eb400[TOK_Q_DELIM]DiscussionForumPosting": [
            "(Comment) is not a property of (DiscussionForumPosting)."
        ],
        "Comment[TOK_Q_DELIM]ne04c21324946401b9d2b3c9f686bc26eb422[TOK_Q_DELIM]DiscussionForumPosting": [
            "(Comment) is not a property of (DiscussionForumPosting)."
        ]
    },
    "score": 0.6551724197384066,
    "n_infos": 58,
    "valid": false
}