{
    "chunk_0": {
        "status": "success",
        "name[TOK_Q_DELIM]Richard Laymon[TOK_Q_DELIM]Person": {
            "query": "name: The name of the item.",
            "response": "TOKPOS"
        },
        "text[TOK_Q_DELIM]Horror writers are specialists in the worst-case scenario.[TOK_Q_DELIM]Quotation": {
            "query": "text: The textual content of this CreativeWork.",
            "response": "TOKNEG"
        },
        "score": 0.5
    }
}