{
    "msgs": {
        "hasMenu[TOK_Q_DELIM][TOK_Q_DELIM]FinancialService": [
            "(hasMenu) is not a property of (FinancialService)."
        ],
        "ContactPoint[TOK_Q_DELIM]n33225d8576ef46cfb5ad717f4764a21eb6[TOK_Q_DELIM]FinancialService": [
            "(ContactPoint) is not a property of (FinancialService)."
        ],
        "ContactPoint[TOK_Q_DELIM]n33225d8576ef46cfb5ad717f4764a21eb14[TOK_Q_DELIM]FinancialService": [
            "(ContactPoint) is not a property of (FinancialService)."
        ]
    },
    "score": 0.8000000133333325,
    "n_infos": 15,
    "valid": false
}