{
    "chunk_0": {
        "status": "success",
        "datePublished[TOK_Q_DELIM]2022-06-15T14:36:52+00:00[TOK_Q_DELIM]Article": {
            "query": "prop=datePublished, value=2022-06-15T14:36:52+00:00, parent_class=Article",
            "response": "TOKPOS"
        },
        "articleSection[TOK_Q_DELIM]Gaming software[TOK_Q_DELIM]Article": {
            "query": "prop=articleSection, value=Gaming software, parent_class=Article",
            "response": "TOKPOS"
        },
        "xpath[TOK_Q_DELIM]/html/head/title[TOK_Q_DELIM]SpeakableSpecification": {
            "query": "prop=xpath, value=/html/head/title, parent_class=SpeakableSpecification",
            "response": "TOKPOS"
        },
        "email[TOK_Q_DELIM]will.sawyer@futurenet.com[TOK_Q_DELIM]Person": {
            "query": "prop=email, value=will.sawyer@futurenet.com, parent_class=Person",
            "response": "TOKPOS"
        },
        "mainEntityOfPage[TOK_Q_DELIM]https://www.gamesradar.com/marvels-midnight-suns-characters/[TOK_Q_DELIM]Article": {
            "query": "prop=mainEntityOfPage, value=https://www.gamesradar.com/marvels-midnight-suns-characters/, parent_class=Article",
            "response": "TOKPOS"
        },
        "name[TOK_Q_DELIM]GamesRadar+[TOK_Q_DELIM]Organization": {
            "query": "prop=name, value=GamesRadar+, parent_class=Organization",
            "response": "TOKPOS"
        },
        "caption[TOK_Q_DELIM]GamesRadar+ logo[TOK_Q_DELIM]ImageObject": {
            "query": "prop=caption, value=GamesRadar+ logo, parent_class=ImageObject",
            "response": "TOKPOS"
        },
        "caption[TOK_Q_DELIM]Will Sawyer[TOK_Q_DELIM]ImageObject": {
            "query": "prop=caption, value=Will Sawyer, parent_class=ImageObject",
            "response": "TOKNEG"
        },
        "headline[TOK_Q_DELIM]All Marvel&rsquo;s Midnight Suns heroes and characters in the game[TOK_Q_DELIM]Article": {
            "query": "prop=headline, value=All Marvel&rsquo;s Midnight Suns heroes and characters in the game, parent_class=Article",
            "response": "TOKPOS"
        },
        "alternativeHeadline[TOK_Q_DELIM]Midnight Suns features Doctor Strange, Spider-Man, and more[TOK_Q_DELIM]Article": {
            "query": "prop=alternativeHeadline, value=Midnight Suns features Doctor Strange, Spider-Man, and more, parent_class=Article",
            "response": "TOKPOS"
        },
        "xpath[TOK_Q_DELIM]/html/head/meta[@name=\"description\"]/@content[TOK_Q_DELIM]SpeakableSpecification": {
            "query": "prop=xpath, value=/html/head/meta[@name=\"description\"]/@content, parent_class=SpeakableSpecification",
            "response": "TOKNEG"
        },
        "height[TOK_Q_DELIM]689[TOK_Q_DELIM]ImageObject": {
            "query": "prop=height, value=689, parent_class=ImageObject",
            "response": "TOKPOS"
        },
        "url[TOK_Q_DELIM]https://www.gamesradar.com/marvels-midnight-suns-characters/[TOK_Q_DELIM]Article": {
            "query": "prop=url, value=https://www.gamesradar.com/marvels-midnight-suns-characters/, parent_class=Article",
            "response": "TOKPOS"
        },
        "url[TOK_Q_DELIM]https://cdn.mos.cms.futurecdn.net/v6MrDnYdXecSwHaqR6eDZV.jpg[TOK_Q_DELIM]ImageObject": {
            "query": "prop=url, value=https://cdn.mos.cms.futurecdn.net/v6MrDnYdXecSwHaqR6eDZV.jpg, parent_class=ImageObject",
            "response": "TOKPOS"
        },
        "name[TOK_Q_DELIM]All Marvel&rsquo;s Midnight Suns heroes and characters in the game[TOK_Q_DELIM]Article": {
            "query": "prop=name, value=All Marvel&rsquo;s Midnight Suns heroes and characters in the game, parent_class=Article",
            "response": "TOKPOS"
        },
        "description[TOK_Q_DELIM]Will Sawyer is a freelance guides writer at GamesRadar+ who works with the rest of the guides team to give readers great information and advice on the best items, how to complete a particular challenge, or where to go in some of the biggest video games. Will joined the GameRadar+ team in August 2021 and has written about service titles, including Fortnite, Destiny 2, and Warzone, as well as some of the biggest releases like Halo Infinite, Dying Light 2, and Elden Ring.[TOK_Q_DELIM]Person": {
            "query": "prop=description, value=Will Sawyer is a freelance guides writer at GamesRadar+ who works with the rest of the guides team to give readers great information and advice on the best items, how to complete a particular challenge, or where to go in some of the biggest video games. Will joined the GameRadar+ team in August 2021 and has written about service titles, including Fortnite, Destiny 2, and Warzone, as well as some of the biggest releases like Halo Infinite, Dying Light 2, and Elden Ring., parent_class=Person",
            "response": "TOKPOS"
        },
        "thumbnailUrl[TOK_Q_DELIM]https://cdn.mos.cms.futurecdn.net/2aQYLJniyfaSY4JintvrwD-320-80.jpg[TOK_Q_DELIM]Article": {
            "query": "prop=thumbnailUrl, value=https://cdn.mos.cms.futurecdn.net/2aQYLJniyfaSY4JintvrwD-320-80.jpg, parent_class=Article",
            "response": "TOKPOS"
        },
        "url[TOK_Q_DELIM]https://www.gamesradar.com/author/will-sawyer/[TOK_Q_DELIM]Person": {
            "query": "prop=url, value=https://www.gamesradar.com/author/will-sawyer/, parent_class=Person",
            "response": "TOKPOS"
        },
        "url[TOK_Q_DELIM]https://cdn.mos.cms.futurecdn.net/2aQYLJniyfaSY4JintvrwD.jpg[TOK_Q_DELIM]ImageObject": {
            "query": "prop=url, value=https://cdn.mos.cms.futurecdn.net/2aQYLJniyfaSY4JintvrwD.jpg, parent_class=ImageObject",
            "response": "TOKPOS"
        },
        "url[TOK_Q_DELIM]https://vanilla.futurecdn.net/gamesradar/media/img/gamesradar_logo.png[TOK_Q_DELIM]ImageObject": {
            "query": "prop=url, value=https://vanilla.futurecdn.net/gamesradar/media/img/gamesradar_logo.png, parent_class=ImageObject",
            "response": "TOKPOS"
        },
        "name[TOK_Q_DELIM]Will Sawyer[TOK_Q_DELIM]Person": {
            "query": "prop=name, value=Will Sawyer, parent_class=Person",
            "response": "TOKPOS"
        },
        "url[TOK_Q_DELIM]https://www.gamesradar.com[TOK_Q_DELIM]Organization": {
            "query": "prop=url, value=https://www.gamesradar.com, parent_class=Organization",
            "response": "TOKPOS"
        },
        "sameAs[TOK_Q_DELIM]https://www.twitter.com/@Will_Sawyer17[TOK_Q_DELIM]Person": {
            "query": "prop=sameAs, value=https://www.twitter.com/@Will_Sawyer17, parent_class=Person",
            "response": "TOKNEG"
        },
        "caption[TOK_Q_DELIM]Marvel's Midnight Suns[TOK_Q_DELIM]ImageObject": {
            "query": "prop=caption, value=Marvel's Midnight Suns, parent_class=ImageObject",
            "response": "TOKPOS"
        },
        "jobTitle[TOK_Q_DELIM]Guides Writer[TOK_Q_DELIM]Person": {
            "query": "prop=jobTitle, value=Guides Writer, parent_class=Person",
            "response": "TOKPOS"
        },
        "width[TOK_Q_DELIM]1225[TOK_Q_DELIM]ImageObject": {
            "query": "prop=width, value=1225, parent_class=ImageObject",
            "response": "TOKNEG"
        },
        "score": 0.8461538461538461
    }
}