{"msgs": {"width[TOK_Q_DELIM]583[TOK_Q_DELIM]MediaObject-width": ["Node Literal(\"583\", datatype=xsd:integer) does not conform to one or more shapes in [ sh:class schema1:Distance ] , [ sh:class schema1:QuantitativeValue ] , [ sh:datatype xsd:string ] , [ sh:class schema1:Observation ]"], "height[TOK_Q_DELIM]583[TOK_Q_DELIM]MediaObject-height": ["Node Literal(\"583\", datatype=xsd:integer) does not conform to one or more shapes in [ sh:class schema1:Distance ] , [ sh:class schema1:QuantitativeValue ] , [ sh:datatype xsd:string ] , [ sh:class schema1:Observation ]"]}, "score": 0.9310344851367419, "n_infos": 29, "valid": false}