{
    "chunk_0": {
        "status": "success",
        "postalCode[TOK_Q_DELIM]46845[TOK_Q_DELIM]PostalAddress": {
            "query": "postalCode: The postal code. For example, 94043.",
            "response": "TOKPOS"
        },
        "name[TOK_Q_DELIM]Telehealth Services[TOK_Q_DELIM]OfferCatalog": {
            "query": "name: The name of the item.",
            "response": "TOKPOS"
        },
        "postalCode[TOK_Q_DELIM]46805[TOK_Q_DELIM]PostalAddress": {
            "query": "postalCode: The postal code. For example, 94043.",
            "response": "TOKPOS"
        },
        "addressCountry[TOK_Q_DELIM]USA[TOK_Q_DELIM]PostalAddress": {
            "query": "addressCountry: The country. For example, USA. You can also provide the two-letter [ISO 3166-1 alpha-2 country code](http://en.wikipedia.org/wiki/ISO_3166-1).",
            "response": "TOKPOS"
        },
        "image[TOK_Q_DELIM]https://photos.healthgrades.com/img/facility/hospital_icon.png[TOK_Q_DELIM]Hospital": {
            "query": "image: An image of the item. This can be a [[URL]] or a fully described [[ImageObject]].",
            "response": "TOKPOS"
        },
        "reviewBody[TOK_Q_DELIM]Dr. Velagapudi has doctored my sister, mother-in-law, son, husband, nephew and me.  In each interaction with him, he gives sufficient information to make informed choices.  He encourages questions, and wants you to understand what is happening.  He is positive, encouraging, patient and very kind.  His staff is equally great.  [TOK_Q_DELIM]Review": {
            "query": "reviewBody: The actual body of the review.",
            "response": "TOKPOS"
        },
        "postalCode[TOK_Q_DELIM]46825[TOK_Q_DELIM]PostalAddress": {
            "query": "postalCode: The postal code. For example, 94043.",
            "response": "TOKPOS"
        },
        "name[TOK_Q_DELIM]Parkview Whitley Hospital[TOK_Q_DELIM]Hospital": {
            "query": "name: The name of the item.",
            "response": "TOKPOS"
        },
        "faxNumber[TOK_Q_DELIM](260) 266-9240[TOK_Q_DELIM]Physician": {
            "query": "faxNumber: The fax number.",
            "response": "TOKPOS"
        },
        "reviewBody[TOK_Q_DELIM]I think that Dr. Velagapudi did the Bladder surgery on my Mom at age 83 30 years ago in Buffalo,N.Y. at Roswell Hospital  It was such a great surgery that he actually extended her life for almost 20 years.  Now my sister had developed Bladder cancer and I wish he was still in Buffalo.  Just to check---My mothers name is/was Mary Laskowski.  He installed  a bag for her Urine.  God Bless him and I can hope That this is the right Doctor.  I surely cannot forget his name\nPlease reply if you are actually the same doctor.[TOK_Q_DELIM]Review": {
            "query": "reviewBody: The actual body of the review.",
            "response": "TOKPOS"
        },
        "image[TOK_Q_DELIM]file://photos.healthgrades.com/img/silhouettes/silhouette-male_w90h120_v1.jpg[TOK_Q_DELIM]Physician": {
            "query": "image: An image of the item. This can be a [[URL]] or a fully described [[ImageObject]].",
            "response": "TOKPOS"
        },
        "streetAddress[TOK_Q_DELIM]2520 E Dupont Rd[TOK_Q_DELIM]PostalAddress": {
            "query": "streetAddress: The street address. For example, 1600 Amphitheatre Pkwy.",
            "response": "TOKPOS"
        },
        "name[TOK_Q_DELIM]Dr. Satish Velagapudi, MD[TOK_Q_DELIM]Physician": {
            "query": "name: The name of the item.",
            "response": "TOKPOS"
        },
        "streetAddress[TOK_Q_DELIM]1260 E State Road 205[TOK_Q_DELIM]PostalAddress": {
            "query": "streetAddress: The street address. For example, 1600 Amphitheatre Pkwy.",
            "response": "TOKPOS"
        },
        "name[TOK_Q_DELIM]Dupont Hospital[TOK_Q_DELIM]Hospital": {
            "query": "name: The name of the item.",
            "response": "TOKPOS"
        },
        "streetAddress[TOK_Q_DELIM]11109 Parkview Plaza Dr[TOK_Q_DELIM]PostalAddress": {
            "query": "streetAddress: The street address. For example, 1600 Amphitheatre Pkwy.",
            "response": "TOKPOS"
        },
        "addressLocality[TOK_Q_DELIM]Columbia City[TOK_Q_DELIM]PostalAddress": {
            "query": "addressLocality: The locality in which the street address is, and which is in the region. For example, Mountain View.",
            "response": "TOKPOS"
        },
        "reviewBody[TOK_Q_DELIM]Dr. Velagapudi is patient and very understanding and offers great advice and follow up. [TOK_Q_DELIM]Review": {
            "query": "reviewBody: The actual body of the review.",
            "response": "TOKPOS"
        },
        "bestRating[TOK_Q_DELIM]5[TOK_Q_DELIM]AggregateRating": {
            "query": "bestRating: The highest value allowed in this rating system. If bestRating is omitted, 5 is assumed.",
            "response": "TOKPOS"
        },
        "postalCode[TOK_Q_DELIM]46725[TOK_Q_DELIM]PostalAddress": {
            "query": "postalCode: The postal code. For example, 94043.",
            "response": "TOKPOS"
        },
        "addressLocality[TOK_Q_DELIM]Huntington[TOK_Q_DELIM]PostalAddress": {
            "query": "addressLocality: The locality in which the street address is, and which is in the region. For example, Mountain View.",
            "response": "TOKPOS"
        },
        "addressRegion[TOK_Q_DELIM]IN[TOK_Q_DELIM]PostalAddress": {
            "query": "addressRegion: The region in which the locality is, and which is in the country. For example, California or another appropriate first-level [Administrative division](https://en.wikipedia.org/wiki/List_of_administrative_divisions_by_country).",
            "response": "TOKNEG"
        },
        "reviewBody[TOK_Q_DELIM]Dr Velagapudi is my husbands doctor and we love him. He has been caring for my husband for over 4 years. He discusses things with you and  never leaves you guessing or wondering what's going to happen or what is going to take place. He even looked up Tony's CT Scan and went over that with us, SINCE HIS MEDICAL DOCTOR never went over it with us. He is sooo good. Thank you Doctor[TOK_Q_DELIM]Review": {
            "query": "reviewBody: The actual body of the review.",
            "response": "TOKPOS"
        },
        "name[TOK_Q_DELIM]Parkview Huntington Hospital[TOK_Q_DELIM]Hospital": {
            "query": "name: The name of the item.",
            "response": "TOKPOS"
        },
        "name[TOK_Q_DELIM]Dr. Satish Velagapudi, MD[TOK_Q_DELIM]Person": {
            "query": "name: The name of the item.",
            "response": "TOKPOS"
        },
        "streetAddress[TOK_Q_DELIM]2001 Stults Rd[TOK_Q_DELIM]PostalAddress": {
            "query": "streetAddress: The street address. For example, 1600 Amphitheatre Pkwy.",
            "response": "TOKPOS"
        },
        "ratingValue[TOK_Q_DELIM]5[TOK_Q_DELIM]Rating": {
            "query": "ratingValue: The rating for the content.\\n\\nUsage guidelines:\\n\\n* Use values from 0123456789 (Unicode 'DIGIT ZERO' (U+0030) to 'DIGIT NINE' (U+0039)) rather than superficially similar Unicode symbols.\\n* Use '.' (Unicode 'FULL STOP' (U+002E)) rather than ',' to indicate a decimal point. Avoid using these symbols as a readability separator.",
            "response": "TOKPOS"
        },
        "latitude[TOK_Q_DELIM]41.09171[TOK_Q_DELIM]GeoCoordinates": {
            "query": "latitude: The latitude of a location. For example ```37.42242``` ([WGS 84](https://en.wikipedia.org/wiki/World_Geodetic_System)).",
            "response": "TOKPOS"
        },
        "latitude[TOK_Q_DELIM]41.18599[TOK_Q_DELIM]GeoCoordinates": {
            "query": "latitude: The latitude of a location. For example ```37.42242``` ([WGS 84](https://en.wikipedia.org/wiki/World_Geodetic_System)).",
            "response": "TOKPOS"
        },
        "name[TOK_Q_DELIM]Parkview Regional Medical Center[TOK_Q_DELIM]Hospital": {
            "query": "name: The name of the item.",
            "response": "TOKPOS"
        },
        "description[TOK_Q_DELIM]Visit Healthgrades for information on Dr. Satish Velagapudi, MD Find Phone & Address information, medical practice history, affiliated hospitals and more.[TOK_Q_DELIM]Physician": {
            "query": "description: A description of the item.",
            "response": "TOKPOS"
        },
        "description[TOK_Q_DELIM]Dr. Satish Velagapudi, MD is a Urology Specialist in Fort Wayne, IN and has over 36 years of experience in the medical field. Dr. Velagapudi has extensive experience in Urinary Conditions. He graduated from University Of Pennsylvania School Of Medicine in 1986. He is affiliated with medical facilities such as Dupont Hospital and Parkview Huntington Hospital. His office accepts new patients and telehealth appointments.[TOK_Q_DELIM]Physician": {
            "query": "description: A description of the item.",
            "response": "TOKPOS"
        },
        "name[TOK_Q_DELIM]Telehealth Services available[TOK_Q_DELIM]Service": {
            "query": "name: The name of the item.",
            "response": "TOKPOS"
        },
        "name[TOK_Q_DELIM]Michael[TOK_Q_DELIM]Person": {
            "query": "name: The name of the item.",
            "response": "TOKPOS"
        },
        "streetAddress[TOK_Q_DELIM]1818 Carew St Ste 210[TOK_Q_DELIM]PostalAddress": {
            "query": "streetAddress: The street address. For example, 1600 Amphitheatre Pkwy.",
            "response": "TOKPOS"
        },
        "ratingValue[TOK_Q_DELIM]4.6363635[TOK_Q_DELIM]AggregateRating": {
            "query": "ratingValue: The rating for the content.\\n\\nUsage guidelines:\\n\\n* Use values from 0123456789 (Unicode 'DIGIT ZERO' (U+0030) to 'DIGIT NINE' (U+0039)) rather than superficially similar Unicode symbols.\\n* Use '.' (Unicode 'FULL STOP' (U+002E)) rather than ',' to indicate a decimal point. Avoid using these symbols as a readability separator.",
            "response": "TOKPOS"
        },
        "reviewBody[TOK_Q_DELIM]My primary care Doctor recommended Dr. Velagapudi because of urinary problems. To make a long story short I ended up having a TERP operation performed by Dr. V. He is an excellent surgeon  and communicator. I experience zero pain from the operation and the operation was very successful. He took the time to answer all my questions and I came in with a list. I just don't think you could find a better Doctor/Surgeon. He returned my quality of life.[TOK_Q_DELIM]Review": {
            "query": "reviewBody: The actual body of the review.",
            "response": "TOKPOS"
        },
        "name[TOK_Q_DELIM]urology patient [TOK_Q_DELIM]Person": {
            "query": "name: The name of the item.",
            "response": "TOKPOS"
        },
        "reviewBody[TOK_Q_DELIM] THIS DOCTOR IS THE MOST CAREING DOCTOR I HAVE EVER MET THERE IS NO WAY YOU COULD GO WRONG UNDER HIS CARE[TOK_Q_DELIM]Review": {
            "query": "reviewBody: The actual body of the review.",
            "response": "TOKPOS"
        },
        "reviewBody[TOK_Q_DELIM]I have never met a more kind Dr. EVER. He is amazing. He is extremely respectful and thorough.  I would recommend him highly.  [TOK_Q_DELIM]Review": {
            "query": "reviewBody: The actual body of the review.",
            "response": "TOKPOS"
        },
        "reviewCount[TOK_Q_DELIM]22[TOK_Q_DELIM]AggregateRating": {
            "query": "reviewCount: The count of total number of reviews.",
            "response": "TOKPOS"
        },
        "name[TOK_Q_DELIM]James Laskowski[TOK_Q_DELIM]Person": {
            "query": "name: The name of the item.",
            "response": "TOKPOS"
        },
        "addressLocality[TOK_Q_DELIM]Fort Wayne[TOK_Q_DELIM]PostalAddress": {
            "query": "addressLocality: The locality in which the street address is, and which is in the region. For example, Mountain View.",
            "response": "TOKPOS"
        },
        "streetAddress[TOK_Q_DELIM]11141 Parkview Plaza Dr Ste 320[TOK_Q_DELIM]PostalAddress": {
            "query": "streetAddress: The street address. For example, 1600 Amphitheatre Pkwy.",
            "response": "TOKPOS"
        },
        "postalCode[TOK_Q_DELIM]46750[TOK_Q_DELIM]PostalAddress": {
            "query": "postalCode: The postal code. For example, 94043.",
            "response": "TOKPOS"
        },
        "score": 0.9777777777777777
    }
}