{"msgs": {"inLanguage[TOK_Q_DELIM]vn[TOK_Q_DELIM]EntryPoint": ["(inLanguage) is not a property of (EntryPoint)."]}, "score": 0.9736842112188365, "n_infos": 38, "valid": false}