{
    "msgs": {
        "inLanguage[TOK_Q_DELIM]TR-tr[TOK_Q_DELIM]EntryPoint": [
            "(inLanguage) is not a property of (EntryPoint)."
        ],
        "hospitalAffiliation[TOK_Q_DELIM]nee962d31b58041e2b8075a4af52d5162b11[TOK_Q_DELIM]Physician-hospitalAffiliation": [
            "Node [ <http://schema.org/address> [ <http://schema.org/addressLocality> Literal(\"TR\") ; <http://schema.org/addressRegion> Literal(\"Türkiye\") ; <http://schema.org/streetAddress> Literal(\"Teşvikiye Mh. Av.Süreyya Ağaoğlu Sk. Uzal Apt. No: 2/5 Teşvikiye\") ; owl:sameAs <self> ; rdf:type owl:Thing, rdfs:Resource ] ; <http://schema.org/name> Literal(\"Mor Academia\") ; owl:sameAs <self> ; rdf:type owl:Thing, rdfs:Resource ] does not conform to one or more shapes in [ sh:datatype xsd:string ] , [ sh:class schema1:Hospital ]"
        ],
        "MedicalSpecialty[TOK_Q_DELIM]Psikoloji, Klinik Psikolog[TOK_Q_DELIM]Physician": [
            "(MedicalSpecialty) is not a property of (Physician)."
        ]
    },
    "score": 0.9666666670370371,
    "n_infos": 90,
    "valid": false
}