{"msgs": {"itemcondition[TOK_Q_DELIM]http://schema.org/NewCondition[TOK_Q_DELIM]Offer": ["(itemcondition) is not a property of (Offer)."], "review[TOK_Q_DELIM]ndb470c350b0146ef932b6be5b7db579bb6[TOK_Q_DELIM]Product-review": ["Node [ <http://schema.org/author> [ <http://schema.org/name> Literal(\"Kayleigh Smith\") ; owl:sameAs <self> ; rdf:type <http://schema.org/Person>, owl:Thing, rdfs:Resource ] ; <http://schema.org/datePublished> Literal(\"2022-05-06 03:00:19\" = None, datatype=<http://schema.org/Date>) ; <http://schema.org/description> Literal(\"Soak woth a little water befor sticking and works amazing .\") ; <http://schema.org/name> Literal(\"\") ; <http://schema.org/reviewRating> [ <http://schema.org/bestRating> Literal(\"5\", datatype=xsd:integer) ; <http://schema.org/ratingValue> Literal(\"4\") ; <http://schema.org/worstRating> Literal(\"1\", datatype=xsd:integer) ; owl:sameAs <self> ; rdf:type owl:Thing, rdfs:Resource ] ; owl:sameAs <self> ; rdf:type owl:Thing, rdfs:Resource ] does not conform to one or more shapes in [ sh:class schema1:Review ] , [ sh:class schema1:CriticReview ] , [ sh:class schema1:MediaReview ] , [ sh:datatype xsd:string ] , [ sh:class schema1:UserReview ] , [ sh:class schema1:Recommendation ] , [ sh:class schema1:ClaimReview ] , [ sh:class schema1:EmployerReview ] , [ sh:class schema1:ReviewNewsArticle ]"], "Description[TOK_Q_DELIM]The Industrial Suction Cup is a simple heavy duty product designed to stop animals from jumping out of the bath during bathing. Simply attach the cup to the inside of the bath or surrounding wall tiles, and then attach a lead or noose to the dog's collar. No tools are required to attach this suction cup, and it is easy to remove after use. &nbsp; NB: This product is not to be used for any other purpose than to which it was intended: assisting in bathing pets. Please watch the pet at all times while using this device. &nbsp;[TOK_Q_DELIM]Product": ["(Description) is not a property of (Product)."], "Brand[TOK_Q_DELIM]ndb470c350b0146ef932b6be5b7db579bb44[TOK_Q_DELIM]Product": ["(Brand) is not a property of (Product)."], "Offers[TOK_Q_DELIM]ndb470c350b0146ef932b6be5b7db579bb3[TOK_Q_DELIM]Product": ["(Offers) is not a property of (Product)."], "SKU[TOK_Q_DELIM]HDSC[TOK_Q_DELIM]Product": ["(SKU) is not a property of (Product)."]}, "score": 0.7391304461247632, "n_infos": 23, "valid": false}