{"msgs": {"address[TOK_Q_DELIM]Nbe88b8779d604904af046602d2bbf04a[TOK_Q_DELIM]Place-address": ["Node [ <http://schema.org/addressCountry> Literal(\"Canada\") ; <http://schema.org/addressLocality> Literal(\"Brampton\") ; <http://schema.org/addressRegion> Literal(\"Ontario\") ; <http://schema.org/name> Literal(\"Space-O Technologies\") ; <http://schema.org/postalCode> Literal(\"L6W 3W8\") ; <http://schema.org/sameAs> <https://en.wikipedia.org/wiki/Brampton>, <https://www.geonames.org/5907364/brampton.html>, <https://www.google.com/search?q=Brampton&kponly&kgmid=/m/0154fs>, <https://www.wikidata.org/wiki/Special:EntityPage/Q44198> ; <http://schema.org/streetAddress> Literal(\"2 County Court Blvd., Suite 400\") ; owl:sameAs <self> ; rdf:type owl:Thing, rdfs:Resource ] does not conform to one or more shapes in [ sh:class schema1:URL ] , [ sh:datatype xsd:string ] , [ sh:class schema1:XPathType ] , [ sh:class schema1:Text ] , [ sh:class schema1:PronounceableText ] , [ sh:class schema1:CssSelectorType ] , [ sh:class schema1:PostalAddress ]"]}, "score": 0.9929577465284666, "n_infos": 142, "valid": false}