{
    "msgs": {
        "Brand[TOK_Q_DELIM]Krimcode[TOK_Q_DELIM]Organization": [
            "(Brand) is not a property of (Organization)."
        ]
    },
    "score": 0.9333333377777775,
    "n_infos": 15,
    "valid": false
}