{
    "chunk_0": {
        "status": "success",
        "award[TOK_Q_DELIM]Best Beds For Bedroom[TOK_Q_DELIM]Article": {
            "query": "prop=award, value=Best Beds For Bedroom, parent_class=Article",
            "response": "TOKNEG"
        },
        "datePublished[TOK_Q_DELIM]2020-10-07T08:27:37+00:00[TOK_Q_DELIM]Article": {
            "query": "prop=datePublished, value=2020-10-07T08:27:37+00:00, parent_class=Article",
            "response": "TOKNEG"
        },
        "alternativeHeadline[TOK_Q_DELIM]Top Rated Beds For Bedroom[TOK_Q_DELIM]Article": {
            "query": "prop=alternativeHeadline, value=Top Rated Beds For Bedroom, parent_class=Article",
            "response": "TOKNEG"
        },
        "genre[TOK_Q_DELIM]Home Decor[TOK_Q_DELIM]Article": {
            "query": "prop=genre, value=Home Decor, parent_class=Article",
            "response": "TOKPOS"
        },
        "editor[TOK_Q_DELIM]Alex[TOK_Q_DELIM]Article": {
            "query": "prop=editor, value=Alex, parent_class=Article",
            "response": "TOKNEG"
        },
        "mainEntityOfPage[TOK_Q_DELIM]https://www.bedroomeo.com/[TOK_Q_DELIM]Article": {
            "query": "prop=mainEntityOfPage, value=https://www.bedroomeo.com/, parent_class=Article",
            "response": "TOKPOS"
        },
        "wordCount[TOK_Q_DELIM]1702[TOK_Q_DELIM]Article": {
            "query": "prop=wordCount, value=1702, parent_class=Article",
            "response": "TOKNEG"
        },
        "headline[TOK_Q_DELIM]Beds For Master Bedroom (Top Rated)[TOK_Q_DELIM]Article": {
            "query": "prop=headline, value=Beds For Master Bedroom (Top Rated), parent_class=Article",
            "response": "TOKPOS"
        },
        "author[TOK_Q_DELIM]Alex[TOK_Q_DELIM]Article": {
            "query": "prop=author, value=Alex, parent_class=Article",
            "response": "TOKNEG"
        },
        "publisher[TOK_Q_DELIM]https://www.bedroomeo.com/[TOK_Q_DELIM]Article": {
            "query": "prop=publisher, value=https://www.bedroomeo.com/, parent_class=Article",
            "response": "TOKPOS"
        },
        "score": 0.4
    },
    "chunk_1": {
        "status": "success",
        "award[TOK_Q_DELIM]Best Beds For Bedroom[TOK_Q_DELIM]Article": {
            "query": "prop=award, value=Best Beds For Bedroom, parent_class=Article",
            "response": "TOKNEG"
        },
        "datePublished[TOK_Q_DELIM]2020-10-07T08:27:37+00:00[TOK_Q_DELIM]Article": {
            "query": "prop=datePublished, value=2020-10-07T08:27:37+00:00, parent_class=Article",
            "response": "TOKNEG"
        },
        "alternativeHeadline[TOK_Q_DELIM]Top Rated Beds For Bedroom[TOK_Q_DELIM]Article": {
            "query": "prop=alternativeHeadline, value=Top Rated Beds For Bedroom, parent_class=Article",
            "response": "TOKPOS"
        },
        "genre[TOK_Q_DELIM]Home Decor[TOK_Q_DELIM]Article": {
            "query": "prop=genre, value=Home Decor, parent_class=Article",
            "response": "TOKPOS"
        },
        "editor[TOK_Q_DELIM]Alex[TOK_Q_DELIM]Article": {
            "query": "prop=editor, value=Alex, parent_class=Article",
            "response": "TOKNEG"
        },
        "mainEntityOfPage[TOK_Q_DELIM]https://www.bedroomeo.com/[TOK_Q_DELIM]Article": {
            "query": "prop=mainEntityOfPage, value=https://www.bedroomeo.com/, parent_class=Article",
            "response": "TOKPOS"
        },
        "wordCount[TOK_Q_DELIM]1702[TOK_Q_DELIM]Article": {
            "query": "prop=wordCount, value=1702, parent_class=Article",
            "response": "TOKNEG"
        },
        "headline[TOK_Q_DELIM]Beds For Master Bedroom (Top Rated)[TOK_Q_DELIM]Article": {
            "query": "prop=headline, value=Beds For Master Bedroom (Top Rated), parent_class=Article",
            "response": "TOKPOS"
        },
        "author[TOK_Q_DELIM]Alex[TOK_Q_DELIM]Article": {
            "query": "prop=author, value=Alex, parent_class=Article",
            "response": "TOKPOS"
        },
        "publisher[TOK_Q_DELIM]https://www.bedroomeo.com/[TOK_Q_DELIM]Article": {
            "query": "prop=publisher, value=https://www.bedroomeo.com/, parent_class=Article",
            "response": "TOKPOS"
        },
        "score": 0.6
    },
    "aggregation": {
        "award[TOK_Q_DELIM]Best Beds For Bedroom[TOK_Q_DELIM]Article": false,
        "datePublished[TOK_Q_DELIM]2020-10-07T08:27:37+00:00[TOK_Q_DELIM]Article": false,
        "alternativeHeadline[TOK_Q_DELIM]Top Rated Beds For Bedroom[TOK_Q_DELIM]Article": true,
        "genre[TOK_Q_DELIM]Home Decor[TOK_Q_DELIM]Article": true,
        "editor[TOK_Q_DELIM]Alex[TOK_Q_DELIM]Article": false,
        "mainEntityOfPage[TOK_Q_DELIM]https://www.bedroomeo.com/[TOK_Q_DELIM]Article": true,
        "wordCount[TOK_Q_DELIM]1702[TOK_Q_DELIM]Article": false,
        "headline[TOK_Q_DELIM]Beds For Master Bedroom (Top Rated)[TOK_Q_DELIM]Article": true,
        "author[TOK_Q_DELIM]Alex[TOK_Q_DELIM]Article": true,
        "publisher[TOK_Q_DELIM]https://www.bedroomeo.com/[TOK_Q_DELIM]Article": true,
        "score": 0.6
    }
}