{"msgs": {"width[TOK_Q_DELIM]1200[TOK_Q_DELIM]MediaObject-width": ["Node Literal(\"1200\", datatype=xsd:integer) does not conform to one or more shapes in [ sh:class schema1:Distance ] , [ sh:class schema1:QuantitativeValue ] , [ sh:datatype xsd:string ] , [ sh:class schema1:Observation ]"], "height[TOK_Q_DELIM]60[TOK_Q_DELIM]MediaObject-height": ["Node Literal(\"60\", datatype=xsd:integer) does not conform to one or more shapes in [ sh:class schema1:Distance ] , [ sh:class schema1:QuantitativeValue ] , [ sh:datatype xsd:string ] , [ sh:class schema1:Observation ]"], "height[TOK_Q_DELIM]800[TOK_Q_DELIM]MediaObject-height": ["Node Literal(\"800\", datatype=xsd:integer) does not conform to one or more shapes in [ sh:class schema1:Distance ] , [ sh:class schema1:QuantitativeValue ] , [ sh:datatype xsd:string ] , [ sh:class schema1:Observation ]"], "width[TOK_Q_DELIM]388[TOK_Q_DELIM]MediaObject-width": ["Node Literal(\"388\", datatype=xsd:integer) does not conform to one or more shapes in [ sh:class schema1:Distance ] , [ sh:class schema1:QuantitativeValue ] , [ sh:datatype xsd:string ] , [ sh:class schema1:Observation ]"], "productID[TOK_Q_DELIM]elcomercio:locked[TOK_Q_DELIM]CreativeWork": ["(productID) is not a property of (CreativeWork)."]}, "score": 0.901960786236063, "n_infos": 51, "valid": false}