{
    "chunk_0": {
        "status": "success",
        "alternativeHeadline[TOK_Q_DELIM]Celebrating America's Museums with Bank of America[TOK_Q_DELIM]Article": {
            "query": "prop=alternativeHeadline, value=Celebrating America's Museums with Bank of America, parent_class=Article",
            "response": "TOKNEG"
        },
        "url[TOK_Q_DELIM]https://thomaskanechicago.com/author/thomas-kane/[TOK_Q_DELIM]Person": {
            "query": "prop=url, value=https://thomaskanechicago.com/author/thomas-kane/, parent_class=Person",
            "response": "TOKNEG"
        },
        "url[TOK_Q_DELIM]https://thomaskanechicago.com/celebrating-americas-museums-with-bank-of-america/[TOK_Q_DELIM]Article": {
            "query": "prop=url, value=https://thomaskanechicago.com/celebrating-americas-museums-with-bank-of-america/, parent_class=Article",
            "response": "TOKPOS"
        },
        "name[TOK_Q_DELIM]Thomas Kane[TOK_Q_DELIM]Person": {
            "query": "prop=name, value=Thomas Kane, parent_class=Person",
            "response": "TOKPOS"
        },
        "articleBody[TOK_Q_DELIM]<span style=\"font-weight: 400;\">Museums across the world — along with artists everywhere — have had a </span><a href=\"https://www.dw.com/en/art-behind-locked-doors-how-galleries-continue-to-suffer-during-covid-19/a-56424221\"><span style=\"font-weight: 400;\">rough 12 months</span></a><span style=\"font-weight: 400;\">, from the Louvre in Paris to the Hamburger Kunstalle in Hamburg to the Washington National Gallery. </span>\r\n\r\n<span style=\"font-weight: 400;\">In the US, many states have reopened their economies and then closed them again several times over the last year. Many Americans continued to gather in large groups, especially on beaches or other outdoor places. </span>\r\n\r\n<span style=\"font-weight: 400;\">But for the most part, America’s museums have been permanently closed since the pandemic began in March 2020. They’ve turned to social media outreach and building their digital collections, even as they were forced to layoff staff and bar all physical visitors. </span>\r\n\r\n<span style=\"font-weight: 400;\">As America vaccinates its population and reopens its economy, we should all take a moment to support the institutions that preserve some of the most incredible accomplishments in human history. </span>\r\n\r\n<span style=\"font-weight: 400;\">That could be a financial donation, or it could simply be sharing content on social media celebrating these places and the art they protect for all of us. </span>\r\n\r\n<span style=\"font-weight: 400;\">That’s why I think Bank of America’s decision to support the best museums in the country is both timely and important. The company has launched a </span><a href=\"https://about.bankofamerica.com/en-us/what-guides-us/arts-and-culture.html?cm_mmc=EBZ-MuseumsOnUs-_-email-_-ED24EM000L_commitment_cta_textlink_bottom_093020-_-01441_Museums_On_Us#fbid=nfbLjVOg_x8\"><span style=\"font-weight: 400;\">video series</span></a><span style=\"font-weight: 400;\"> called </span><a href=\"https://www.linkedin.com/feed/hashtag/?keywords=bofamasterpiecemoment&amp;highlightedUpdateUrns=urn%3Ali%3Aactivity%3A6787400228384370688\"><span style=\"font-weight: 400;\">#BofAMasterpieceMoment</span></a><span style=\"font-weight: 400;\">, providing a platform to the best curators in the country at the best museums in the country, and asking them to simply talk about some of their favorite works of art. </span>\r\n\r\n<span style=\"font-weight: 400;\">These are brilliant people speaking passionately about art directly to us — the people who haven’t been able to go to these places for more than a year. It’s an incredible initiative, and more than worth a little of our time.</span>\r\n\r\n<span style=\"font-weight: 400;\">There are so many gems here. </span>\r\n\r\n<span style=\"font-weight: 400;\">There’s Thelma Golden, director and chief curator of The Studio Museum in Harlem discussing the jazz-inspired masterpiece </span><a href=\"https://about.bankofamerica.com/en/making-an-impact/masterpiece-moment\"><span style=\"font-weight: 400;\">“Trane,”</span></a><span style=\"font-weight: 400;\"> a nine-and-a-half-foot-tall surrealist painting by William T. </span><span style=\"font-weight: 400;\">Williams. </span>\r\n\r\n<span style=\"font-weight: 400;\">Here at the Art Institute of Chicago, we have James Rondeau, President and Eloise W. Martin Director, discussing the timeless masterpiece by Georges Seurat, </span><a href=\"https://about.bankofamerica.com/en/making-an-impact/masterpiece-moment\"><span style=\"font-weight: 400;\">“A Sunday Afternoon on the Island of La Grande Jatte – 1884.”</span></a><span style=\"font-weight: 400;\"> It was called a “scandal” at its debut before eventually becoming one of the most important and widely recognized paintings of the 19th Century. </span>\r\n\r\n<span style=\"font-weight: 400;\">Or you can get an insider’s understanding of Joan Mitchell’s gorgeous abstract painting </span><a href=\"https://about.bankofamerica.com/en/making-an-impact/masterpiece-moment\"><span style=\"font-weight: 400;\">“Low Water”</span></a><span style=\"font-weight: 400;\"> from Eric Crosby, the Henry J. Heinz II director at the Carnegie Museum of Art in Pittsburgh.</span>\r\n\r\n<span style=\"font-weight: 400;\">A new episode of Bank of America’s Masterpiece Moment will be available every two weeks throughout the year. Click </span><a href=\"https://twitter.com/BankofAmerica/status/1354534657233137665\"><span style=\"font-weight: 400;\">here</span></a><span style=\"font-weight: 400;\"> to receive Twitter notifications every time a new video is released.</span>\r\n\r\n<span style=\"font-weight: 400;\">If you love art or even if you just want to spend a few minutes feeling like you’re in the tranquil space of a museum, these videos scratch that itch. </span>\r\n\r\n<span style=\"font-weight: 400;\">I know that this is tough time for many of us. We’re looking for work, or looking for more work, or trying to buy a house in a competitive market. There are so many reasons to do something that seems more practical than spending time with art. </span>\r\n\r\n<span style=\"font-weight: 400;\">I get that. But I also know that few things connect us to ourselves and to the arc of human history like the experience of great art. </span>\r\n\r\n<span style=\"font-weight: 400;\">Like going to the park or finishing a good book, these experiences — even from a distance — are more than a distraction. The take us outside of our daily problems, if just for a moment, and allow us to feel a little more free, a little more connected to the universal struggle. </span>\r\n\r\n<span style=\"font-weight: 400;\">I find comfort in that, and I hope you can find it, too.</span>\r\n\r\n<span style=\"font-weight: 400;\">And if you feel inspired by these paintings the way that I do, then I urge you to support your local museum with a donation. The arts need us, and for the sake of our children’s children, they deserve our support.</span>[TOK_Q_DELIM]Article": {
            "query": "prop=articleBody, value=<span style=\"font-weight: 400;\">Museums across the world — along with artists everywhere — have had a </span><a href=\"https://www.dw.com/en/art-behind-locked-doors-how-galleries-continue-to-suffer-during-covid-19/a-56424221\"><span style=\"font-weight: 400;\">rough 12 months</span></a><span style=\"font-weight: 400;\">, from the Louvre in Paris to the Hamburger Kunstalle in Hamburg to the Washington National Gallery. </span>\r\n\r\n<span style=\"font-weight: 400;\">In the US, many states have reopened their economies and then closed them again several times over the last year. Many Americans continued to gather in large groups, especially on beaches or other outdoor places. </span>\r\n\r\n<span style=\"font-weight: 400;\">But for the most part, America’s museums have been permanently closed since the pandemic began in March 2020. They’ve turned to social media outreach and building their digital collections, even as they were forced to layoff staff and bar all physical visitors. </span>\r\n\r\n<span style=\"font-weight: 400;\">As America vaccinates its population and reopens its economy, we should all take a moment to support the institutions that preserve some of the most incredible accomplishments in human history. </span>\r\n\r\n<span style=\"font-weight: 400;\">That could be a financial donation, or it could simply be sharing content on social media celebrating these places and the art they protect for all of us. </span>\r\n\r\n<span style=\"font-weight: 400;\">That’s why I think Bank of America’s decision to support the best museums in the country is both timely and important. The company has launched a </span><a href=\"https://about.bankofamerica.com/en-us/what-guides-us/arts-and-culture.html?cm_mmc=EBZ-MuseumsOnUs-_-email-_-ED24EM000L_commitment_cta_textlink_bottom_093020-_-01441_Museums_On_Us#fbid=nfbLjVOg_x8\"><span style=\"font-weight: 400;\">video series</span></a><span style=\"font-weight: 400;\"> called </span><a href=\"https://www.linkedin.com/feed/hashtag/?keywords=bofamasterpiecemoment&amp;highlightedUpdateUrns=urn%3Ali%3Aactivity%3A6787400228384370688\"><span style=\"font-weight: 400;\">#BofAMasterpieceMoment</span></a><span style=\"font-weight: 400;\">, providing a platform to the best curators in the country at the best museums in the country, and asking them to simply talk about some of their favorite works of art. </span>\r\n\r\n<span style=\"font-weight: 400;\">These are brilliant people speaking passionately about art directly to us — the people who haven’t been able to go to these places for more than a year. It’s an incredible initiative, and more than worth a little of our time.</span>\r\n\r\n<span style=\"font-weight: 400;\">There are so many gems here. </span>\r\n\r\n<span style=\"font-weight: 400;\">There’s Thelma Golden, director and chief curator of The Studio Museum in Harlem discussing the jazz-inspired masterpiece </span><a href=\"https://about.bankofamerica.com/en/making-an-impact/masterpiece-moment\"><span style=\"font-weight: 400;\">“Trane,”</span></a><span style=\"font-weight: 400;\"> a nine-and-a-half-foot-tall surrealist painting by William T. </span><span style=\"font-weight: 400;\">Williams. </span>\r\n\r\n<span style=\"font-weight: 400;\">Here at the Art Institute of Chicago, we have James Rondeau, President and Eloise W. Martin Director, discussing the timeless masterpiece by Georges Seurat, </span><a href=\"https://about.bankofamerica.com/en/making-an-impact/masterpiece-moment\"><span style=\"font-weight: 400;\">“A Sunday Afternoon on the Island of La Grande Jatte – 1884.”</span></a><span style=\"font-weight: 400;\"> It was called a “scandal” at its debut before eventually becoming one of the most important and widely recognized paintings of the 19th Century. </span>\r\n\r\n<span style=\"font-weight: 400;\">Or you can get an insider’s understanding of Joan Mitchell’s gorgeous abstract painting </span><a href=\"https://about.bankofamerica.com/en/making-an-impact/masterpiece-moment\"><span style=\"font-weight: 400;\">“Low Water”</span></a><span style=\"font-weight: 400;\"> from Eric Crosby, the Henry J. Heinz II director at the Carnegie Museum of Art in Pittsburgh.</span>\r\n\r\n<span style=\"font-weight: 400;\">A new episode of Bank of America’s Masterpiece Moment will be available every two weeks throughout the year. Click </span><a href=\"https://twitter.com/BankofAmerica/status/1354534657233137665\"><span style=\"font-weight: 400;\">here</span></a><span style=\"font-weight: 400;\"> to receive Twitter notifications every time a new video is released.</span>\r\n\r\n<span style=\"font-weight: 400;\">If you love art or even if you just want to spend a few minutes feeling like you’re in the tranquil space of a museum, these videos scratch that itch. </span>\r\n\r\n<span style=\"font-weight: 400;\">I know that this is tough time for many of us. We’re looking for work, or looking for more work, or trying to buy a house in a competitive market. There are so many reasons to do something that seems more practical than spending time with art. </span>\r\n\r\n<span style=\"font-weight: 400;\">I get that. But I also know that few things connect us to ourselves and to the arc of human history like the experience of great art. </span>\r\n\r\n<span style=\"font-weight: 400;\">Like going to the park or finishing a good book, these experiences — even from a distance — are more than a distraction. The take us outside of our daily problems, if just for a moment, and allow us to feel a little more free, a little more connected to the universal struggle. </span>\r\n\r\n<span style=\"font-weight: 400;\">I find comfort in that, and I hope you can find it, too.</span>\r\n\r\n<span style=\"font-weight: 400;\">And if you feel inspired by these paintings the way that I do, then I urge you to support your local museum with a donation. The arts need us, and for the sake of our children’s children, they deserve our support.</span>, parent_class=Article",
            "response": "TOKPOS"
        },
        "description[TOK_Q_DELIM]Museums across the world — along with artists everywhere — have had a rough 12 months, from the Louvre in Paris to the Hamburger Kunstalle in Hamburg to the Washington National Gallery.  In the US, many states have reopened their economies and then closed them again several times over the last y ...[TOK_Q_DELIM]Article": {
            "query": "prop=description, value=Museums across the world — along with artists everywhere — have had a rough 12 months, from the Louvre in Paris to the Hamburger Kunstalle in Hamburg to the Washington National Gallery.  In the US, many states have reopened their economies and then closed them again several times over the last y ..., parent_class=Article",
            "response": "TOKPOS"
        },
        "headline[TOK_Q_DELIM]Celebrating America's Museums with Bank of America - Thomas Kane Charities[TOK_Q_DELIM]Article": {
            "query": "prop=headline, value=Celebrating America's Museums with Bank of America - Thomas Kane Charities, parent_class=Article",
            "response": "TOKNEG"
        },
        "image[TOK_Q_DELIM]https://thomaskanechicago.com/author/thomas-kane/#schema-author-gravatar[TOK_Q_DELIM]Person": {
            "query": "prop=image, value=https://thomaskanechicago.com/author/thomas-kane/#schema-author-gravatar, parent_class=Person",
            "response": "TOKPOS"
        },
        "dateModified[TOK_Q_DELIM]2021-06-11 08:27:05[TOK_Q_DELIM]Article": {
            "query": "prop=dateModified, value=2021-06-11 08:27:05, parent_class=Article",
            "response": "TOKNEG"
        },
        "name[TOK_Q_DELIM]Celebrating America's Museums with Bank of America[TOK_Q_DELIM]Article": {
            "query": "prop=name, value=Celebrating America's Museums with Bank of America, parent_class=Article",
            "response": "TOKPOS"
        },
        "mainEntityOfPage[TOK_Q_DELIM]https://thomaskanechicago.com/celebrating-americas-museums-with-bank-of-america/#schema-webpage[TOK_Q_DELIM]Article": {
            "query": "prop=mainEntityOfPage, value=https://thomaskanechicago.com/celebrating-americas-museums-with-bank-of-america/#schema-webpage, parent_class=Article",
            "response": "TOKNEG"
        },
        "url[TOK_Q_DELIM]https://thomaskanechicago.com[TOK_Q_DELIM]Organization": {
            "query": "prop=url, value=https://thomaskanechicago.com, parent_class=Organization",
            "response": "TOKPOS"
        },
        "datePublished[TOK_Q_DELIM]2021-06-11 08:25:47[TOK_Q_DELIM]Article": {
            "query": "prop=datePublished, value=2021-06-11 08:25:47, parent_class=Article",
            "response": "TOKNEG"
        },
        "score": 0.5384615384615384
    },
    "aggregation": {
        "alternativeHeadline[TOK_Q_DELIM]Celebrating America's Museums with Bank of America[TOK_Q_DELIM]Article": false,
        "url[TOK_Q_DELIM]https://thomaskanechicago.com/author/thomas-kane/[TOK_Q_DELIM]Person": false,
        "url[TOK_Q_DELIM]https://thomaskanechicago.com/celebrating-americas-museums-with-bank-of-america/[TOK_Q_DELIM]Article": true,
        "name[TOK_Q_DELIM]Thomas Kane[TOK_Q_DELIM]Person": true,
        "articleBody[TOK_Q_DELIM]<span style=\"font-weight: 400;\">Museums across the world — along with artists everywhere — have had a </span><a href=\"https://www.dw.com/en/art-behind-locked-doors-how-galleries-continue-to-suffer-during-covid-19/a-56424221\"><span style=\"font-weight: 400;\">rough 12 months</span></a><span style=\"font-weight: 400;\">, from the Louvre in Paris to the Hamburger Kunstalle in Hamburg to the Washington National Gallery. </span>\r\n\r\n<span style=\"font-weight: 400;\">In the US, many states have reopened their economies and then closed them again several times over the last year. Many Americans continued to gather in large groups, especially on beaches or other outdoor places. </span>\r\n\r\n<span style=\"font-weight: 400;\">But for the most part, America’s museums have been permanently closed since the pandemic began in March 2020. They’ve turned to social media outreach and building their digital collections, even as they were forced to layoff staff and bar all physical visitors. </span>\r\n\r\n<span style=\"font-weight: 400;\">As America vaccinates its population and reopens its economy, we should all take a moment to support the institutions that preserve some of the most incredible accomplishments in human history. </span>\r\n\r\n<span style=\"font-weight: 400;\">That could be a financial donation, or it could simply be sharing content on social media celebrating these places and the art they protect for all of us. </span>\r\n\r\n<span style=\"font-weight: 400;\">That’s why I think Bank of America’s decision to support the best museums in the country is both timely and important. The company has launched a </span><a href=\"https://about.bankofamerica.com/en-us/what-guides-us/arts-and-culture.html?cm_mmc=EBZ-MuseumsOnUs-_-email-_-ED24EM000L_commitment_cta_textlink_bottom_093020-_-01441_Museums_On_Us#fbid=nfbLjVOg_x8\"><span style=\"font-weight: 400;\">video series</span></a><span style=\"font-weight: 400;\"> called </span><a href=\"https://www.linkedin.com/feed/hashtag/?keywords=bofamasterpiecemoment&amp;highlightedUpdateUrns=urn%3Ali%3Aactivity%3A6787400228384370688\"><span style=\"font-weight: 400;\">#BofAMasterpieceMoment</span></a><span style=\"font-weight: 400;\">, providing a platform to the best curators in the country at the best museums in the country, and asking them to simply talk about some of their favorite works of art. </span>\r\n\r\n<span style=\"font-weight: 400;\">These are brilliant people speaking passionately about art directly to us — the people who haven’t been able to go to these places for more than a year. It’s an incredible initiative, and more than worth a little of our time.</span>\r\n\r\n<span style=\"font-weight: 400;\">There are so many gems here. </span>\r\n\r\n<span style=\"font-weight: 400;\">There’s Thelma Golden, director and chief curator of The Studio Museum in Harlem discussing the jazz-inspired masterpiece </span><a href=\"https://about.bankofamerica.com/en/making-an-impact/masterpiece-moment\"><span style=\"font-weight: 400;\">“Trane,”</span></a><span style=\"font-weight: 400;\"> a nine-and-a-half-foot-tall surrealist painting by William T. </span><span style=\"font-weight: 400;\">Williams. </span>\r\n\r\n<span style=\"font-weight: 400;\">Here at the Art Institute of Chicago, we have James Rondeau, President and Eloise W. Martin Director, discussing the timeless masterpiece by Georges Seurat, </span><a href=\"https://about.bankofamerica.com/en/making-an-impact/masterpiece-moment\"><span style=\"font-weight: 400;\">“A Sunday Afternoon on the Island of La Grande Jatte – 1884.”</span></a><span style=\"font-weight: 400;\"> It was called a “scandal” at its debut before eventually becoming one of the most important and widely recognized paintings of the 19th Century. </span>\r\n\r\n<span style=\"font-weight: 400;\">Or you can get an insider’s understanding of Joan Mitchell’s gorgeous abstract painting </span><a href=\"https://about.bankofamerica.com/en/making-an-impact/masterpiece-moment\"><span style=\"font-weight: 400;\">“Low Water”</span></a><span style=\"font-weight: 400;\"> from Eric Crosby, the Henry J. Heinz II director at the Carnegie Museum of Art in Pittsburgh.</span>\r\n\r\n<span style=\"font-weight: 400;\">A new episode of Bank of America’s Masterpiece Moment will be available every two weeks throughout the year. Click </span><a href=\"https://twitter.com/BankofAmerica/status/1354534657233137665\"><span style=\"font-weight: 400;\">here</span></a><span style=\"font-weight: 400;\"> to receive Twitter notifications every time a new video is released.</span>\r\n\r\n<span style=\"font-weight: 400;\">If you love art or even if you just want to spend a few minutes feeling like you’re in the tranquil space of a museum, these videos scratch that itch. </span>\r\n\r\n<span style=\"font-weight: 400;\">I know that this is tough time for many of us. We’re looking for work, or looking for more work, or trying to buy a house in a competitive market. There are so many reasons to do something that seems more practical than spending time with art. </span>\r\n\r\n<span style=\"font-weight: 400;\">I get that. But I also know that few things connect us to ourselves and to the arc of human history like the experience of great art. </span>\r\n\r\n<span style=\"font-weight: 400;\">Like going to the park or finishing a good book, these experiences — even from a distance — are more than a distraction. The take us outside of our daily problems, if just for a moment, and allow us to feel a little more free, a little more connected to the universal struggle. </span>\r\n\r\n<span style=\"font-weight: 400;\">I find comfort in that, and I hope you can find it, too.</span>\r\n\r\n<span style=\"font-weight: 400;\">And if you feel inspired by these paintings the way that I do, then I urge you to support your local museum with a donation. The arts need us, and for the sake of our children’s children, they deserve our support.</span>[TOK_Q_DELIM]Article": true,
        "description[TOK_Q_DELIM]Museums across the world — along with artists everywhere — have had a rough 12 months, from the Louvre in Paris to the Hamburger Kunstalle in Hamburg to the Washington National Gallery.  In the US, many states have reopened their economies and then closed them again several times over the last y ...[TOK_Q_DELIM]Article": true,
        "headline[TOK_Q_DELIM]Celebrating America's Museums with Bank of America - Thomas Kane Charities[TOK_Q_DELIM]Article": false,
        "image[TOK_Q_DELIM]https://thomaskanechicago.com/author/thomas-kane/#schema-author-gravatar[TOK_Q_DELIM]Person": true,
        "dateModified[TOK_Q_DELIM]2021-06-11 08:27:05[TOK_Q_DELIM]Article": false,
        "name[TOK_Q_DELIM]Celebrating America's Museums with Bank of America[TOK_Q_DELIM]Article": true,
        "mainEntityOfPage[TOK_Q_DELIM]https://thomaskanechicago.com/celebrating-americas-museums-with-bank-of-america/#schema-webpage[TOK_Q_DELIM]Article": false,
        "url[TOK_Q_DELIM]https://thomaskanechicago.com[TOK_Q_DELIM]Organization": true,
        "datePublished[TOK_Q_DELIM]2021-06-11 08:25:47[TOK_Q_DELIM]Article": false,
        "score": 0.5384615384615384
    }
}