{"msgs": {"availableService[TOK_Q_DELIM]nacdb56a2e05746c68defff5d7a5df8f5b4[TOK_Q_DELIM]MedicalOrganization": ["(availableService) is not a property of (MedicalOrganization)."], "availableService[TOK_Q_DELIM]nacdb56a2e05746c68defff5d7a5df8f5b11[TOK_Q_DELIM]MedicalOrganization": ["(availableService) is not a property of (MedicalOrganization)."], "hasMap[TOK_Q_DELIM]https://intrabalance.com/contact-us/[TOK_Q_DELIM]MedicalOrganization": ["(hasMap) is not a property of (MedicalOrganization)."], "openingHours[TOK_Q_DELIM]Fr 9:00-15:00[TOK_Q_DELIM]MedicalOrganization": ["(openingHours) is not a property of (MedicalOrganization)."], "openingHours[TOK_Q_DELIM]Th 14:00-18:00[TOK_Q_DELIM]MedicalOrganization": ["(openingHours) is not a property of (MedicalOrganization)."], "availableService[TOK_Q_DELIM]nacdb56a2e05746c68defff5d7a5df8f5b21[TOK_Q_DELIM]MedicalOrganization": ["(availableService) is not a property of (MedicalOrganization)."], "availableService[TOK_Q_DELIM]nacdb56a2e05746c68defff5d7a5df8f5b28[TOK_Q_DELIM]MedicalOrganization": ["(availableService) is not a property of (MedicalOrganization)."], "availableService[TOK_Q_DELIM]nacdb56a2e05746c68defff5d7a5df8f5b35[TOK_Q_DELIM]MedicalOrganization": ["(availableService) is not a property of (MedicalOrganization)."], "geo[TOK_Q_DELIM]37.797959, -122.4033513[TOK_Q_DELIM]MedicalOrganization": ["(geo) is not a property of (MedicalOrganization)."], "availableService[TOK_Q_DELIM]nacdb56a2e05746c68defff5d7a5df8f5b43[TOK_Q_DELIM]MedicalOrganization": ["(availableService) is not a property of (MedicalOrganization)."], "availableService[TOK_Q_DELIM]nacdb56a2e05746c68defff5d7a5df8f5b50[TOK_Q_DELIM]MedicalOrganization": ["(availableService) is not a property of (MedicalOrganization)."], "availableService[TOK_Q_DELIM]nacdb56a2e05746c68defff5d7a5df8f5b57[TOK_Q_DELIM]MedicalOrganization": ["(availableService) is not a property of (MedicalOrganization)."]}, "score": 0.8378378400292184, "n_infos": 74, "valid": false}