{"msgs": {"mainentity[TOK_Q_DELIM]https://thietkeinanktp.com/blog/kich-thuoc-lich-treo-tuong/#thing[TOK_Q_DELIM]BlogPosting": ["(mainentity) is not a property of (BlogPosting)."], "ispartof[TOK_Q_DELIM]https://thietkeinanktp.com/#website[TOK_Q_DELIM]WebPage": ["(ispartof) is not a property of (WebPage)."], "mainentityOfPage[TOK_Q_DELIM]https://thietkeinanktp.com/blog/kich-thuoc-lich-treo-tuong/#webpage[TOK_Q_DELIM]BlogPosting": ["(mainentityOfPage) is not a property of (BlogPosting)."]}, "score": 0.9210526336565097, "n_infos": 38, "valid": false}