{
    "chunk_0": {
        "status": "success",
        "alternateName[TOK_Q_DELIM]Типография Авторитет[TOK_Q_DELIM]Organization": {
            "query": "alternateName: An alias for the item.",
            "response": "TOKPOS"
        },
        "score": 1.0
    }
}