{
    "chunk_0": {
        "status": "success",
        "disambiguatingDescription[TOK_Q_DELIM]Retrouvez le classement UCI sur les trois dernières saisons[TOK_Q_DELIM]WebSite": {
            "query": "disambiguatingDescription: A sub property of description. A short description of the item used to disambiguate from other, similar items. Information from other properties (in particular, name) may be necessary for the description to be useful for disambiguation.",
            "response": "TOKPOS"
        },
        "url[TOK_Q_DELIM]https://vélofuté.com/classement-uci-2020-2022[TOK_Q_DELIM]WebSite": {
            "query": "url: URL of the item.",
            "response": "TOKPOS"
        },
        "alternateName[TOK_Q_DELIM]Classement UCI sur les trois dernières saisons[TOK_Q_DELIM]WebSite": {
            "query": "alternateName: An alias for the item.",
            "response": "TOKPOS"
        },
        "score": 1.0
    }
}