{
    "chunk_0": {
        "status": "success",
        "headline[TOK_Q_DELIM]MotoGP, chi è il favorito per il Mondiale a 5 gare dalla fine[TOK_Q_DELIM]NewsArticle": {
            "query": "headline: Headline of the article.",
            "response": "TOKPOS"
        },
        "cssSelector[TOK_Q_DELIM].bck-freemium__wall[TOK_Q_DELIM]WebPageElement": {
            "query": "cssSelector: A CSS selector, e.g. of a [[SpeakableSpecification]] or [[WebPageElement]]. In the latter case, multiple matches within a page can constitute a single conceptual \"Web page element\".",
            "response": "TOKPOS"
        },
        "url[TOK_Q_DELIM]https://dimages2.gazzettaobjects.it/files/article_main_microformat/uploads/2022/09/18/632729696e327.jpeg[TOK_Q_DELIM]ImageObject": {
            "query": "url: URL of the item.",
            "response": "TOKNEG"
        },
        "description[TOK_Q_DELIM]Con 125 punti a disposizione vediamo il borsino dei candidati per il titolo, con Quartararo che non ha più margine, Bagnaia (-10) e Aleix Espargaro (-17) che lo incalzano e Bastianini che è a -48, ma spera ancora[TOK_Q_DELIM]NewsArticle": {
            "query": "description: A description of the item.",
            "response": "TOKPOS"
        },
        "articleBody[TOK_Q_DELIM]Come a un tavolo di poker: 125 punti sul piatto e quattro giocatori pronti ad accaparrarselo. Il GP di Aragon, con la volata vincente di Enea Bastianini su Pecco Bagnaia e la contestuale caduta di Fabio Quartararo, ha sparigliato le carte di un Mondiale che è facile pronosticare possa decidersi all'atto conclusivo di Valencia. A cinque gare dalla fine analizziamo le possibilità dei contendenti in lizza, Fabio Quartararo, Francesco Bagnaia, Aleix Espargaro ed Enea Bastianini, in ordine di classifica, considerando il momento di forma, lo stato mentale, il mezzo a disposizione e la predisposizione alle piste rimanenti.&nbsp; Il leader del Mondiale non ha più un GP di vantaggio: il suo margine è stato eroso dalla sfortunata caduta ad Aragon, frutto del contatto al 1. giro con Marc Marquez, e si è ridotto a 10 punti su Bagnaia che cinque gare fa era a -91! Margine esiguo per giocare in difesa con una Yamaha che paga pegno alla velocità della Ducati, ma sufficienti per restare la lepre del Mondiale e il pilota che maggiormente fa la differenza rispetto al mezzo a disposizione. Fabio è eccelso, ceca di pensare ai plus della sua M1 senza lamentarsi troppo dei minus, ha una forza mentale notevole, amnesia di Assen a parte, ma non può non avvertire la marea (rossa) che avanza. Ha una caratura notevole, sa guidare oltre i limiti della Yamaha, ma è accerchiato dalle Desmosedici, non vince dal Sachsenring, ha un solo podio e due cadute negli ultimi cinque GP, la metà dei trionfi di Bagnaia (3 contro 6) e delle 'x' in classifica (2 a 4) e un calendario non facile. Plausibile si possa riprendere presto dalle ferite, anche fisiche, del terribile volo di Aragon, meno che il suo riscatto arrivi già in Giappone, il prossimo GP, su un tracciato ricco di accelerate e frenate, pane quotidiano per la Ducati, e dove è pure prevista pioggia. Nelle cinque piste finali non ha mai vinto e in almeno due, Motegi e Sepang, potrebbe affannare su quei lunghi rettifili. In Thailandia e Australia potrebbe invece avere un vantaggio tecnico dall'agilità della sua M1, anche se non va trascurata la variabile meteo di tutte le tappe a Oriente. Difficile che non arrivi a giocarsi il titolo fino a Valencia. Possibilità di vittoria: 30% Pecco è il pilota che in stagione ha conquistato più vittorie (6) e pole (5), a dimostrazione che è in stato di grazia per velocità e forma complessiva. La sua Ducati è un missile, che non aspetta più però solo i rettifili per volare, e lui ce l'ha ormai in pugno al meglio. Il morale è alle stelle dopo aver recuperato 81 punti in cinque gare a Quartararo ed è pronto al colpaccio iridato. Se riesce a essere impermeabile alle dinamiche di Borgo Panigale, ondeggianti fra ordini di squadra e semplici consigli ai suoi otto piloti, e a tener fede al lodevole intento di \"voler vincere da solo, senza aiuti\", ha moto, trend e calendario per spuntarla.&nbsp; È stato bravo a rialzarsi, soprattutto moralmente, dalle quattro cadute nei primi 10 GP: operato questo basilare 'click' mentale, assolutamente non scontato, ha cambiato marcia palesando una caratura che viene sottovalutata per la sua indole misurata e timida. Tranne l'Australia, un banco di prova che però è privo di freschi riferimenti per tutti, il calendario sulla carta lo agevola, soprattutto a Motegi e Sepang. A Valencia, poi l'anno scorso ha vinto... Possibilità di successo: 45%. Lo spagnolo dell'Aprilia è pericoloso come un serpente nascosto sotto la sabbia. In agguato nell'ombra, ma potenzialmente letale e temibile per tutti. La casa di Noale è quella che ha fatto i maggiori progressi rispetto alla scorsa stagione e ha il vantaggio della leggerezza: nessuno le chiede di dover vincere il titolo, ma si è conquistata con merito il diritto di giocarselo fino alla fine. Aleix è a tiro del leader, 17 punti, ha ritrovato un podio che mancava da sei gare (dal Mugello), è sempre fra i primi con tenacia e una qualità maturata in ritardo, ma non trascurabile, e si è rialzato con temperamento da situazioni difficili. Forte di una regolarità notevole, unico pilota sempre a punti in stagione, lo spagnolo ha la moto per difendersi ovunque a attaccare in quelle piste, come Phillip Island, in cui l'RS-GP può davvero fare la differenza. Non sarebbe la prima volta che fra i due litiganti spunta il terzo che gode. Difficile, ma non impossibile. Possibilità di vittoria: 10%. La 'Bestia' del team Gresini ha colpito ancora: dopo la Francia, vittoria con Bagnaia costretto all'errore fatale dopo un sorpasso con cui \"volevo innervosirlo\", fa il bis ad Aragon, passandolo all'ultimo giro senza fare favori, né alla Ducati ufficiale, né al suo futuro compagno di squadra. Professionalità? Rivalsa? Temperamento? Tutto questo o anche altro. Di certo, nel giorno del titolo Costruttori della Ducati si è visto qualche viso scuro di troppo in quel box della rossa che l'anno prossimo sarà il suo. \"Sarebbe stato meglio avere 5 punti in più nella lotta contro Quartararo, ma...\", è stato il ritornello. Onesto e plausibile, ma da accordare con il carattere di un pilota che quando è in forma è un fighter strepitoso, capace di coniugare come pochi velocità, pulizia di guida e sapiente gestione delle gomme nel finale di gara. A Misano il suo attacco a Bagnaia all'ultimo giro, con critiche a caldo del boss Ducati Claudio Domenicali poi smussate, è andato a vuoto; ad Aragon ha colto nel segno. Premessa di una rivalità che l'anno prossimo nello stesso box rosso potrebbe divampare, ma con appendici non trascurabili pure in questo finale. L'aritmetica, -48, e le prestazioni tengono in corsa Bastianini per il titolo e sarà difficile convincerlo a chiudere il gas in analoghe situazioni contro il suo futuro compagno. Enea ha 4 vittorie stagionali e nella prossima doppietta orientale si gioca tutto: se fra Giappone e Thailandia dovesse ancora accorciare il gap dal vertice, suonerà impossibile frenarne le ambizioni e parlare di giochi di squadra; viceversa sarà opportuno indurlo a più miti consigli in ossequio alla ragion di Stato Ducati. Enea è volitivo, ma intelligente, sa bene chi è il suo datore di lavoro, ma è anche chiaro che le alleanze in pista sono complesse, di difficile attuazione e meno scontate di quanto possa apparire. Nelle prossime gare ce lo aspettiamo a combattere lì davanti con qualità e grinta per un traguardo complesso, ma non impossibile, curiosi di vedere cosa dovesse succedere in caso di un messaggio 'Mappa 8'. Prima di diventare l'arbitro del Mondiale, la Bestia ha ancora la possibilità di giocarselo e merita questa chance. Probabilità di successo: 15%.&nbsp; &nbsp;[TOK_Q_DELIM]NewsArticle": {
            "query": "articleBody: The actual body of the article.",
            "response": "TOKPOS"
        },
        "contentUrl[TOK_Q_DELIM]file:///GDD/MarkupAutomator/9a0f1135eb0d40f064faeff4d072e41c_raw[TOK_Q_DELIM]VideoObject": {
            "query": "contentUrl: Actual bytes of the media object, for example the image file or video file.",
            "response": "TOKNEG"
        },
        "alternativeHeadline[TOK_Q_DELIM]Con 125 punti a disposizione vediamo il borsino dei candidati per il titolo, con Quartararo che non ha più margine, Bagnaia (-10) e Aleix Espargaro (-17) che lo incalzano e Bastianini che è a -48, ma spera ancora[TOK_Q_DELIM]NewsArticle": {
            "query": "alternativeHeadline: A secondary title of the CreativeWork.",
            "response": "TOKPOS"
        },
        "url[TOK_Q_DELIM]https://dimages2.gazzettaobjects.it/files/article_main_microformat/uploads/2022/09/03/6313279db26cd.jpeg[TOK_Q_DELIM]ImageObject": {
            "query": "url: URL of the item.",
            "response": "TOKNEG"
        },
        "articleSection[TOK_Q_DELIM]Moto GP[TOK_Q_DELIM]NewsArticle": {
            "query": "articleSection: Articles may belong to one or more 'sections' in a magazine or newspaper, such as Sports, Lifestyle, etc.",
            "response": "TOKPOS"
        },
        "duration[TOK_Q_DELIM][TOK_Q_DELIM]VideoObject": {
            "query": "duration: The duration of the item (movie, audio recording, event, etc.) in [ISO 8601 date format](http://en.wikipedia.org/wiki/ISO_8601).",
            "response": "TOKNEG"
        },
        "name[TOK_Q_DELIM]MotoGP Misano, le prove dell'inno di Mameli in versione rock[TOK_Q_DELIM]VideoObject": {
            "query": "name: The name of the item.",
            "response": "TOKPOS"
        },
        "url[TOK_Q_DELIM]https://dimages2.gazzettaobjects.it/files/article_main_microformat/uploads/2022/08/08/62f10e1574bad.jpeg[TOK_Q_DELIM]ImageObject": {
            "query": "url: URL of the item.",
            "response": "TOKNEG"
        },
        "width[TOK_Q_DELIM]976[TOK_Q_DELIM]ImageObject": {
            "query": "width: The width of the item.",
            "response": "TOKPOS"
        },
        "embedUrl[TOK_Q_DELIM]file:///GDD/MarkupAutomator/9a0f1135eb0d40f064faeff4d072e41c_raw[TOK_Q_DELIM]VideoObject": {
            "query": "embedUrl: A URL pointing to a player for a specific video. In general, this is the information in the ```src``` element of an ```embed``` tag and should not be the same as the content of the ```loc``` tag.",
            "response": "TOKNEG"
        },
        "description[TOK_Q_DELIM][TOK_Q_DELIM]VideoObject": {
            "query": "description: A description of the item.",
            "response": "TOKPOS"
        },
        "url[TOK_Q_DELIM]https://dimages2.gazzettaobjects.it/files/article_main_microformat/uploads/2022/09/17/6325a0b780b0f.jpeg[TOK_Q_DELIM]ImageObject": {
            "query": "url: URL of the item.",
            "response": "TOKNEG"
        },
        "url[TOK_Q_DELIM]https://dimages2.gazzettaobjects.it/files/article_main_microformat/uploads/2022/09/19/63282d4abd280.jpeg[TOK_Q_DELIM]ImageObject": {
            "query": "url: URL of the item.",
            "response": "TOKNEG"
        },
        "name[TOK_Q_DELIM]La Gazzetta dello Sport[TOK_Q_DELIM]Product": {
            "query": "name: The name of the item.",
            "response": "TOKPOS"
        },
        "url[TOK_Q_DELIM]https://dimages2.gazzettaobjects.it/files/article_main_microformat/uploads/2022/09/18/632723b989cad.jpeg[TOK_Q_DELIM]ImageObject": {
            "query": "url: URL of the item.",
            "response": "TOKNEG"
        },
        "thumbnailUrl[TOK_Q_DELIM]https://dimages2.gazzettaobjects.it/files/article_main_microformat/uploads/2022/09/03/6313279db26cd.jpeg[TOK_Q_DELIM]VideoObject": {
            "query": "thumbnailUrl: A thumbnail image relevant to the Thing.",
            "response": "TOKPOS"
        },
        "name[TOK_Q_DELIM]MotoGP, GP Aragon: gli highlights della gara[TOK_Q_DELIM]VideoObject": {
            "query": "name: The name of the item.",
            "response": "TOKPOS"
        },
        "thumbnailUrl[TOK_Q_DELIM]https://dimages2.gazzettaobjects.it/files/article_main_microformat/uploads/2022/09/18/632729696e327.jpeg[TOK_Q_DELIM]VideoObject": {
            "query": "thumbnailUrl: A thumbnail image relevant to the Thing.",
            "response": "TOKPOS"
        },
        "isAccessibleForFree[TOK_Q_DELIM]False[TOK_Q_DELIM]NewsArticle": {
            "query": "isAccessibleForFree: A flag to signal that the item, event, or place is accessible for free.",
            "response": "TOKPOS"
        },
        "height[TOK_Q_DELIM]477[TOK_Q_DELIM]ImageObject": {
            "query": "height: The height of the item.",
            "response": "TOKPOS"
        },
        "description[TOK_Q_DELIM]prove inno misano[TOK_Q_DELIM]VideoObject": {
            "query": "description: A description of the item.",
            "response": "TOKPOS"
        },
        "keywords[TOK_Q_DELIM]motogp, Mondiale, borsino, favoriti, bastianini, bagnaia, ducati, aleix espargaro, quartararo[TOK_Q_DELIM]NewsArticle": {
            "query": "keywords: Keywords or tags used to describe some item. Multiple textual entries in a keywords list are typically delimited by commas, or by repeating the property.",
            "response": "TOKPOS"
        },
        "image[TOK_Q_DELIM]file:///GDD/MarkupAutomator/9a0f1135eb0d40f064faeff4d072e41c_raw#openingImage[TOK_Q_DELIM]NewsArticle": {
            "query": "image: An image of the item. This can be a [[URL]] or a fully described [[ImageObject]].",
            "response": "TOKNEG"
        },
        "name[TOK_Q_DELIM]La Gazzetta dello Sport[TOK_Q_DELIM]CreativeWork": {
            "query": "name: The name of the item.",
            "response": "TOKPOS"
        },
        "url[TOK_Q_DELIM]https://dimages2.gazzettaobjects.it/files/article_main_microformat/files/fp/uploads/2022/09/18/632723bf42985.r_d.1440-758-0.jpeg[TOK_Q_DELIM]ImageObject": {
            "query": "url: URL of the item.",
            "response": "TOKNEG"
        },
        "score": 0.6206896551724138
    }
}