{
    "chunk_0": {
        "status": "success",
        "isPartOf[TOK_Q_DELIM]https://first-star.capital/#website[TOK_Q_DELIM]CollectionPage": {
            "query": "prop=isPartOf, value=https://first-star.capital/#website, parent_class=CollectionPage",
            "response": "TOKNEG"
        },
        "url[TOK_Q_DELIM]https://first-star.capital/2022/04[TOK_Q_DELIM]CollectionPage": {
            "query": "prop=url, value=https://first-star.capital/2022/04, parent_class=CollectionPage",
            "response": "TOKNEG"
        },
        "description[TOK_Q_DELIM]Monthly archive for 4月 2022.[TOK_Q_DELIM]CollectionPage": {
            "query": "prop=description, value=Monthly archive for 4月 2022., parent_class=CollectionPage",
            "response": "TOKNEG"
        },
        "mainEntityOfPage[TOK_Q_DELIM]https://first-star.capital/2022/04[TOK_Q_DELIM]CollectionPage": {
            "query": "prop=mainEntityOfPage, value=https://first-star.capital/2022/04, parent_class=CollectionPage",
            "response": "TOKNEG"
        },
        "name[TOK_Q_DELIM]Month: 4月 2022[TOK_Q_DELIM]CollectionPage": {
            "query": "prop=name, value=Month: 4月 2022, parent_class=CollectionPage",
            "response": "TOKNEG"
        },
        "alternateName[TOK_Q_DELIM]4月 &ndash; 2022[TOK_Q_DELIM]CollectionPage": {
            "query": "prop=alternateName, value=4月 &ndash; 2022, parent_class=CollectionPage",
            "response": "TOKNEG"
        },
        "inLanguage[TOK_Q_DELIM]ja[TOK_Q_DELIM]CollectionPage": {
            "query": "prop=inLanguage, value=ja, parent_class=CollectionPage",
            "response": "TOKNEG"
        },
        "headline[TOK_Q_DELIM]4月 &ndash; 2022[TOK_Q_DELIM]CollectionPage": {
            "query": "prop=headline, value=4月 &ndash; 2022, parent_class=CollectionPage",
            "response": "TOKNEG"
        },
        "url[TOK_Q_DELIM]https://first-star.capital/2022/09[TOK_Q_DELIM]CollectionPage": {
            "query": "prop=url, value=https://first-star.capital/2022/09, parent_class=CollectionPage",
            "response": "TOKNEG"
        },
        "name[TOK_Q_DELIM]4月 2022[TOK_Q_DELIM]CollectionPage": {
            "query": "prop=name, value=4月 2022, parent_class=CollectionPage",
            "response": "TOKNEG"
        },
        "score": 0.0
    }
}