{"msgs": {"relevantSpecialty|4194304|MedicalEntity-relevantSpecialty": ["Node Literal(\"4194304\", datatype=xsd:integer) does not conform to one or more shapes in [ sh:datatype xsd:string ] , [ sh:class schema1:MedicalSpecialty ]"]}, "score": 0.9767441865873445, "n_infos": 43, "valid": false}