{
    "chunk_0": {
        "status": "success",
        "howPerformed[TOK_Q_DELIM]A section of tissue is removed from the diseased or injured cornea using either a surgical cutting instrument called a trephine or a femtosecond laser. The surgeon then sutures donor tissue into place.[TOK_Q_DELIM]MedicalProcedure": {
            "query": "prop=howPerformed, value=A section of tissue is removed from the diseased or injured cornea using either a surgical cutting instrument called a trephine or a femtosecond laser. The surgeon then sutures donor tissue into place., parent_class=MedicalProcedure",
            "response": "TOKPOS"
        },
        "description[TOK_Q_DELIM]Visian ICL™[TOK_Q_DELIM]MedicalProcedure": {
            "query": "prop=description, value=Visian ICL™, parent_class=MedicalProcedure",
            "response": "TOKPOS"
        },
        "disambiguatingDescription[TOK_Q_DELIM]Intacs® are corneal implants are FDA-approved for treatment of keratoconus, myopia, astigmatism, and other eye conditions, reducing or eliminating the need for glasses or contact lens. [TOK_Q_DELIM]MedicalProcedure": {
            "query": "prop=disambiguatingDescription, value=Intacs® are corneal implants are FDA-approved for treatment of keratoconus, myopia, astigmatism, and other eye conditions, reducing or eliminating the need for glasses or contact lens. , parent_class=MedicalProcedure",
            "response": "TOKPOS"
        },
        "disambiguatingDescription[TOK_Q_DELIM]A laser creates a pocket in the first few layers of the cornea and then the lens is placed in the pocket and centered over the pupil. Only one eye is treated.\tThe KAMRA® Inlay treats blurry near vision, a common condition called presbyopia, for patie[TOK_Q_DELIM]MedicalProcedure": {
            "query": "prop=disambiguatingDescription, value=A laser creates a pocket in the first few layers of the cornea and then the lens is placed in the pocket and centered over the pupil. Only one eye is treated.\tThe KAMRA® Inlay treats blurry near vision, a common condition called presbyopia, for patie, parent_class=MedicalProcedure",
            "response": "TOKPOS"
        },
        "description[TOK_Q_DELIM]Intacs®[TOK_Q_DELIM]MedicalProcedure": {
            "query": "prop=description, value=Intacs®, parent_class=MedicalProcedure",
            "response": "TOKNEG"
        },
        "howPerformed[TOK_Q_DELIM]The surgeon creates a tunnel between layers of the corneal stroma and inserts thin, disc-shaped implants to flatten the cornea.[TOK_Q_DELIM]MedicalProcedure": {
            "query": "prop=howPerformed, value=The surgeon creates a tunnel between layers of the corneal stroma and inserts thin, disc-shaped implants to flatten the cornea., parent_class=MedicalProcedure",
            "response": "TOKPOS"
        },
        "alternateName[TOK_Q_DELIM]Implantable Collamer® Lens[TOK_Q_DELIM]MedicalProcedure": {
            "query": "prop=alternateName, value=Implantable Collamer® Lens, parent_class=MedicalProcedure",
            "response": "TOKNEG"
        },
        "disambiguatingDescription[TOK_Q_DELIM]n/a[TOK_Q_DELIM]MedicalProcedure": {
            "query": "prop=disambiguatingDescription, value=n/a, parent_class=MedicalProcedure",
            "response": "TOKPOS"
        },
        "description[TOK_Q_DELIM]Corneal Collagen Crosslinking (CXL)[TOK_Q_DELIM]MedicalProcedure": {
            "query": "prop=description, value=Corneal Collagen Crosslinking (CXL), parent_class=MedicalProcedure",
            "response": "TOKPOS"
        },
        "disambiguatingDescription[TOK_Q_DELIM]Visian ICL™ is an implantable, biocompatible lens that corrects moderate to high nearsightedness for patients who don\\'t want to wear contact lenses or eyeglasses.[TOK_Q_DELIM]MedicalProcedure": {
            "query": "prop=disambiguatingDescription, value=Visian ICL™ is an implantable, biocompatible lens that corrects moderate to high nearsightedness for patients who don\\'t want to wear contact lenses or eyeglasses., parent_class=MedicalProcedure",
            "response": "TOKPOS"
        },
        "alternateName[TOK_Q_DELIM]Laser Eye Surgery[TOK_Q_DELIM]MedicalProcedure": {
            "query": "prop=alternateName, value=Laser Eye Surgery, parent_class=MedicalProcedure",
            "response": "TOKPOS"
        },
        "disambiguatingDescription[TOK_Q_DELIM]Photorefractive Keratectomy (PRK), is a precise, minimally invasive method of reshaping the cornea. This helps the eye to focus properly, thus reducing or eliminating the need for eyeglasses and contact lenses. [TOK_Q_DELIM]MedicalProcedure": {
            "query": "prop=disambiguatingDescription, value=Photorefractive Keratectomy (PRK), is a precise, minimally invasive method of reshaping the cornea. This helps the eye to focus properly, thus reducing or eliminating the need for eyeglasses and contact lenses. , parent_class=MedicalProcedure",
            "response": "TOKPOS"
        },
        "disambiguatingDescription[TOK_Q_DELIM]Laser cataract surgery involves using a laser to remove cataracts and usually replace the clouded lens with a clear, artificial lens. Not every cataract surgery includes implanting an artificial lens. [TOK_Q_DELIM]MedicalProcedure": {
            "query": "prop=disambiguatingDescription, value=Laser cataract surgery involves using a laser to remove cataracts and usually replace the clouded lens with a clear, artificial lens. Not every cataract surgery includes implanting an artificial lens. , parent_class=MedicalProcedure",
            "response": "TOKPOS"
        },
        "description[TOK_Q_DELIM]KAMRA®[TOK_Q_DELIM]MedicalProcedure": {
            "query": "prop=description, value=KAMRA®, parent_class=MedicalProcedure",
            "response": "TOKPOS"
        },
        "howPerformed[TOK_Q_DELIM]An eye doctor replaces a clear lens and replaces it with an artificial intraocular lens (IOL) to correct for age-related vision issues.[TOK_Q_DELIM]MedicalProcedure": {
            "query": "prop=howPerformed, value=An eye doctor replaces a clear lens and replaces it with an artificial intraocular lens (IOL) to correct for age-related vision issues., parent_class=MedicalProcedure",
            "response": "TOKPOS"
        },
        "alternateName[TOK_Q_DELIM]CL[TOK_Q_DELIM]MedicalProcedure": {
            "query": "prop=alternateName, value=CL, parent_class=MedicalProcedure",
            "response": "TOKPOS"
        },
        "alternateName[TOK_Q_DELIM]Lens Replacement[TOK_Q_DELIM]MedicalProcedure": {
            "query": "prop=alternateName, value=Lens Replacement, parent_class=MedicalProcedure",
            "response": "TOKPOS"
        },
        "howPerformed[TOK_Q_DELIM]The thin, top layer of the cornea known as epithelium is gently removed. The excimer laser is then used to reshape the cornea.[TOK_Q_DELIM]MedicalProcedure": {
            "query": "prop=howPerformed, value=The thin, top layer of the cornea known as epithelium is gently removed. The excimer laser is then used to reshape the cornea., parent_class=MedicalProcedure",
            "response": "TOKPOS"
        },
        "alternateName[TOK_Q_DELIM]Photorefractive Keratectomy[TOK_Q_DELIM]MedicalProcedure": {
            "query": "prop=alternateName, value=Photorefractive Keratectomy, parent_class=MedicalProcedure",
            "response": "TOKPOS"
        },
        "howPerformed[TOK_Q_DELIM]A thin flap in the cornea is created using either a microkeratome blade or a femtosecond laser. The surgeon folds back the flap, then removes some corneal tissue underneath using an excimer laser.[TOK_Q_DELIM]MedicalProcedure": {
            "query": "prop=howPerformed, value=A thin flap in the cornea is created using either a microkeratome blade or a femtosecond laser. The surgeon folds back the flap, then removes some corneal tissue underneath using an excimer laser., parent_class=MedicalProcedure",
            "response": "TOKPOS"
        },
        "description[TOK_Q_DELIM]LASIK[TOK_Q_DELIM]MedicalProcedure": {
            "query": "prop=description, value=LASIK, parent_class=MedicalProcedure",
            "response": "TOKPOS"
        },
        "description[TOK_Q_DELIM]Contact Lenses[TOK_Q_DELIM]MedicalProcedure": {
            "query": "prop=description, value=Contact Lenses, parent_class=MedicalProcedure",
            "response": "TOKPOS"
        },
        "description[TOK_Q_DELIM]Refractive Lens Exchange (RLE)[TOK_Q_DELIM]MedicalProcedure": {
            "query": "prop=description, value=Refractive Lens Exchange (RLE), parent_class=MedicalProcedure",
            "response": "TOKNEG"
        },
        "howPerformed[TOK_Q_DELIM]After applying specialized vitamin B-12 eye drops, the doctor shines a specific type of ultraviolet light directly onto your cornea to activate the eye drops and trigger the crosslinking.[TOK_Q_DELIM]MedicalProcedure": {
            "query": "prop=howPerformed, value=After applying specialized vitamin B-12 eye drops, the doctor shines a specific type of ultraviolet light directly onto your cornea to activate the eye drops and trigger the crosslinking., parent_class=MedicalProcedure",
            "response": "TOKPOS"
        },
        "disambiguatingDescription[TOK_Q_DELIM]Refractive lens exchange (RLE) replaces your eye\\'s clear natural lens with an artificial intraocular lens (IOL) to correct your refractive error and achieve sharper focus, reducing your need for reading glasses or bifocals.[TOK_Q_DELIM]MedicalProcedure": {
            "query": "prop=disambiguatingDescription, value=Refractive lens exchange (RLE) replaces your eye\\'s clear natural lens with an artificial intraocular lens (IOL) to correct your refractive error and achieve sharper focus, reducing your need for reading glasses or bifocals., parent_class=MedicalProcedure",
            "response": "TOKPOS"
        },
        "alternateName[TOK_Q_DELIM]Corneal Inserts[TOK_Q_DELIM]MedicalProcedure": {
            "query": "prop=alternateName, value=Corneal Inserts, parent_class=MedicalProcedure",
            "response": "TOKNEG"
        },
        "disambiguatingDescription[TOK_Q_DELIM]LASIK is a refractive surgery where a laser is used to reshape the inner cornea and restore or correct vision. Patients who otherwise rely on glasses or contact lenses to see can reduce or eliminate the need for these devices after the procedure.[TOK_Q_DELIM]MedicalProcedure": {
            "query": "prop=disambiguatingDescription, value=LASIK is a refractive surgery where a laser is used to reshape the inner cornea and restore or correct vision. Patients who otherwise rely on glasses or contact lenses to see can reduce or eliminate the need for these devices after the procedure., parent_class=MedicalProcedure",
            "response": "TOKPOS"
        },
        "disambiguatingDescription[TOK_Q_DELIM]We offer various basic and premium Advanced Lens Implants or Intraocular Lenses (IOLs) that can be customized to suit your specific condition and lifestyle to treat different types of vision problems.[TOK_Q_DELIM]MedicalProcedure": {
            "query": "prop=disambiguatingDescription, value=We offer various basic and premium Advanced Lens Implants or Intraocular Lenses (IOLs) that can be customized to suit your specific condition and lifestyle to treat different types of vision problems., parent_class=MedicalProcedure",
            "response": "TOKPOS"
        },
        "alternateName[TOK_Q_DELIM]KAMRA® Inlay[TOK_Q_DELIM]MedicalProcedure": {
            "query": "prop=alternateName, value=KAMRA® Inlay, parent_class=MedicalProcedure",
            "response": "TOKPOS"
        },
        "disambiguatingDescription[TOK_Q_DELIM]Contact lenses are prescription devices to correct vision impairments and are an alternative to eyeglasses.[TOK_Q_DELIM]MedicalProcedure": {
            "query": "prop=disambiguatingDescription, value=Contact lenses are prescription devices to correct vision impairments and are an alternative to eyeglasses., parent_class=MedicalProcedure",
            "response": "TOKPOS"
        },
        "procedureType[TOK_Q_DELIM]SurgicalProcedure[TOK_Q_DELIM]MedicalProcedure": {
            "query": "prop=procedureType, value=SurgicalProcedure, parent_class=MedicalProcedure",
            "response": "TOKPOS"
        },
        "description[TOK_Q_DELIM]Laser Cataract Surgery[TOK_Q_DELIM]MedicalProcedure": {
            "query": "prop=description, value=Laser Cataract Surgery, parent_class=MedicalProcedure",
            "response": "TOKPOS"
        },
        "description[TOK_Q_DELIM]PRK[TOK_Q_DELIM]MedicalProcedure": {
            "query": "prop=description, value=PRK, parent_class=MedicalProcedure",
            "response": "TOKPOS"
        },
        "disambiguatingDescription[TOK_Q_DELIM]Corneal collagen crosslinking is a minimally invasive procedure that treats keratoconus, a condition in which the cornea gets progressively thinner and weaker.[TOK_Q_DELIM]MedicalProcedure": {
            "query": "prop=disambiguatingDescription, value=Corneal collagen crosslinking is a minimally invasive procedure that treats keratoconus, a condition in which the cornea gets progressively thinner and weaker., parent_class=MedicalProcedure",
            "response": "TOKPOS"
        },
        "howPerformed[TOK_Q_DELIM]A laser creates a pocket in the first few layers of the cornea and then the lens is placed in the pocket and centered over the pupil. Only one eye is treated.[TOK_Q_DELIM]MedicalProcedure": {
            "query": "prop=howPerformed, value=A laser creates a pocket in the first few layers of the cornea and then the lens is placed in the pocket and centered over the pupil. Only one eye is treated., parent_class=MedicalProcedure",
            "response": "TOKPOS"
        },
        "disambiguatingDescription[TOK_Q_DELIM]A cornea transplant is a surgical procedure that replaces diseased or scarred corneal tissue with healthy tissue from an organ donor.[TOK_Q_DELIM]MedicalProcedure": {
            "query": "prop=disambiguatingDescription, value=A cornea transplant is a surgical procedure that replaces diseased or scarred corneal tissue with healthy tissue from an organ donor., parent_class=MedicalProcedure",
            "response": "TOKPOS"
        },
        "procedureType[TOK_Q_DELIM]None[TOK_Q_DELIM]MedicalProcedure": {
            "query": "prop=procedureType, value=None, parent_class=MedicalProcedure",
            "response": "TOKPOS"
        },
        "description[TOK_Q_DELIM]Keratoconus[TOK_Q_DELIM]MedicalProcedure": {
            "query": "prop=description, value=Keratoconus, parent_class=MedicalProcedure",
            "response": "TOKPOS"
        },
        "description[TOK_Q_DELIM]Corneal Transplant[TOK_Q_DELIM]MedicalProcedure": {
            "query": "prop=description, value=Corneal Transplant, parent_class=MedicalProcedure",
            "response": "TOKPOS"
        },
        "description[TOK_Q_DELIM]Advanced Lens Implants[TOK_Q_DELIM]MedicalProcedure": {
            "query": "prop=description, value=Advanced Lens Implants, parent_class=MedicalProcedure",
            "response": "TOKPOS"
        },
        "alternateName[TOK_Q_DELIM]Cataract Surgery[TOK_Q_DELIM]MedicalProcedure": {
            "query": "prop=alternateName, value=Cataract Surgery, parent_class=MedicalProcedure",
            "response": "TOKPOS"
        },
        "howPerformed[TOK_Q_DELIM]The clouded lens is removed, and a clear artificial lens is usually implanted. In some cases, however, a cataract may be removed without implanting an artificial lens.[TOK_Q_DELIM]MedicalProcedure": {
            "query": "prop=howPerformed, value=The clouded lens is removed, and a clear artificial lens is usually implanted. In some cases, however, a cataract may be removed without implanting an artificial lens., parent_class=MedicalProcedure",
            "response": "TOKPOS"
        },
        "score": 0.9047619047619048
    }
}