{
    "chunk_0": {
        "status": "success",
        "nationality[TOK_Q_DELIM]UA[TOK_Q_DELIM]Person": {
            "query": "nationality: Nationality of the person.",
            "response": "TOKPOS"
        },
        "alternateName[TOK_Q_DELIM]Артур2000[TOK_Q_DELIM]Person": {
            "query": "alternateName: An alias for the item.",
            "response": "TOKPOS"
        },
        "image[TOK_Q_DELIM]https://profiles.cdnyavp.pl/185337_59e3245e1dcc9a63102ae02e6b7a0a61.jpg[TOK_Q_DELIM]Person": {
            "query": "image: An image of the item. This can be a [[URL]] or a fully described [[ImageObject]].",
            "response": "TOKPOS"
        },
        "gender[TOK_Q_DELIM]male[TOK_Q_DELIM]Person": {
            "query": "gender: Gender of something, typically a [[Person]], but possibly also fictional characters, animals, etc. While http://schema.org/Male and http://schema.org/Female may be used, text strings are also acceptable for people who do not identify as a binary gender. The [[gender]] property can also be used in an extended sense to cover e.g. the gender of sports teams. As with the gender of individuals, we do not try to enumerate all possibilities. A mixed-gender [[SportsTeam]] can be indicated with a text value of \"Mixed\".",
            "response": "TOKPOS"
        },
        "name[TOK_Q_DELIM]Артур2000 [TOK_Q_DELIM]Person": {
            "query": "name: The name of the item.",
            "response": "TOKNEG"
        },
        "score": 0.8
    }
}