{"msgs": {"height|135|MediaObject-height": ["Node Literal(\"135\", datatype=xsd:integer) does not conform to one or more shapes in [ sh:class schema1:Distance ] , [ sh:class schema1:QuantitativeValue ] , [ sh:datatype xsd:string ] , [ sh:class schema1:Observation ]"], "height|440|MediaObject-height": ["Node Literal(\"440\", datatype=xsd:integer) does not conform to one or more shapes in [ sh:class schema1:Distance ] , [ sh:class schema1:QuantitativeValue ] , [ sh:datatype xsd:string ] , [ sh:class schema1:Observation ]"], "height|60|MediaObject-height": ["Node Literal(\"60\", datatype=xsd:integer) does not conform to one or more shapes in [ sh:class schema1:Distance ] , [ sh:class schema1:QuantitativeValue ] , [ sh:datatype xsd:string ] , [ sh:class schema1:Observation ]"], "width|386|MediaObject-width": ["Node Literal(\"386\", datatype=xsd:integer) does not conform to one or more shapes in [ sh:class schema1:Distance ] , [ sh:class schema1:QuantitativeValue ] , [ sh:datatype xsd:string ] , [ sh:class schema1:Observation ]"], "width|660|MediaObject-width": ["Node Literal(\"660\", datatype=xsd:integer) does not conform to one or more shapes in [ sh:class schema1:Distance ] , [ sh:class schema1:QuantitativeValue ] , [ sh:datatype xsd:string ] , [ sh:class schema1:Observation ]"], "width|241|MediaObject-width": ["Node Literal(\"241\", datatype=xsd:integer) does not conform to one or more shapes in [ sh:class schema1:Distance ] , [ sh:class schema1:QuantitativeValue ] , [ sh:datatype xsd:string ] , [ sh:class schema1:Observation ]"]}, "score": 0.8461538500986192, "n_infos": 39, "valid": false}