{
    "chunk_0": {
        "status": "success",
        "url[TOK_Q_DELIM]https://tomasventruba.cz[TOK_Q_DELIM]Person": {
            "query": "prop=url, value=https://tomasventruba.cz, parent_class=Person",
            "response": "TOKPOS"
        },
        "availableLanguage[TOK_Q_DELIM]en-US[TOK_Q_DELIM]ContactPoint": {
            "query": "prop=availableLanguage, value=en-US, parent_class=ContactPoint",
            "response": "TOKPOS"
        },
        "telephone[TOK_Q_DELIM]+420 777 425 245[TOK_Q_DELIM]ContactPoint": {
            "query": "prop=telephone, value=+420 777 425 245, parent_class=ContactPoint",
            "response": "TOKPOS"
        },
        "position[TOK_Q_DELIM]1[TOK_Q_DELIM]ListItem": {
            "query": "prop=position, value=1, parent_class=ListItem",
            "response": "TOKPOS"
        },
        "sameAs[TOK_Q_DELIM]https://www.facebook.com/VclinicBrno[TOK_Q_DELIM]Person": {
            "query": "prop=sameAs, value=https://www.facebook.com/VclinicBrno, parent_class=Person",
            "response": "TOKPOS"
        },
        "areaServed[TOK_Q_DELIM]Hlinky 118[TOK_Q_DELIM]ContactPoint": {
            "query": "prop=areaServed, value=Hlinky 118, parent_class=ContactPoint",
            "response": "TOKPOS"
        },
        "sameAs[TOK_Q_DELIM]https://www.linkedin.com/in/tomas-ventruba/[TOK_Q_DELIM]Person": {
            "query": "prop=sameAs, value=https://www.linkedin.com/in/tomas-ventruba/, parent_class=Person",
            "response": "TOKPOS"
        },
        "areaServed[TOK_Q_DELIM]603 00 Brno[TOK_Q_DELIM]ContactPoint": {
            "query": "prop=areaServed, value=603 00 Brno, parent_class=ContactPoint",
            "response": "TOKPOS"
        },
        "url[TOK_Q_DELIM]https://v-clinic.cz/kontakt/[TOK_Q_DELIM]ContactPoint": {
            "query": "prop=url, value=https://v-clinic.cz/kontakt/, parent_class=ContactPoint",
            "response": "TOKPOS"
        },
        "url[TOK_Q_DELIM]https://tomasventruba.cz/wp-content/uploads/2022/03/mudr-tomas-ventruba.jpg[TOK_Q_DELIM]ImageObject": {
            "query": "prop=url, value=https://tomasventruba.cz/wp-content/uploads/2022/03/mudr-tomas-ventruba.jpg, parent_class=ImageObject",
            "response": "TOKPOS"
        },
        "contactType[TOK_Q_DELIM]Reservations[TOK_Q_DELIM]ContactPoint": {
            "query": "prop=contactType, value=Reservations, parent_class=ContactPoint",
            "response": "TOKPOS"
        },
        "availableLanguage[TOK_Q_DELIM]cs-CZ[TOK_Q_DELIM]ContactPoint": {
            "query": "prop=availableLanguage, value=cs-CZ, parent_class=ContactPoint",
            "response": "TOKPOS"
        },
        "name[TOK_Q_DELIM]MUDr. Tomáš Ventruba[TOK_Q_DELIM]Person": {
            "query": "prop=name, value=MUDr. Tomáš Ventruba, parent_class=Person",
            "response": "TOKPOS"
        },
        "headline[TOK_Q_DELIM]MUDr. Tomáš Ventruba[TOK_Q_DELIM]ContactPage": {
            "query": "prop=headline, value=MUDr. Tomáš Ventruba, parent_class=ContactPage",
            "response": "TOKPOS"
        },
        "datePublished[TOK_Q_DELIM]2022-03-21[TOK_Q_DELIM]ImageObject": {
            "query": "prop=datePublished, value=2022-03-21, parent_class=ImageObject",
            "response": "TOKPOS"
        },
        "name[TOK_Q_DELIM]MUDr. Tomáš Ventruba[TOK_Q_DELIM]ImageObject": {
            "query": "prop=name, value=MUDr. Tomáš Ventruba, parent_class=ImageObject",
            "response": "TOKPOS"
        },
        "contentUrl[TOK_Q_DELIM]https://tomasventruba.cz/wp-content/uploads/2022/03/mudr-tomas-ventruba.jpg[TOK_Q_DELIM]ImageObject": {
            "query": "prop=contentUrl, value=https://tomasventruba.cz/wp-content/uploads/2022/03/mudr-tomas-ventruba.jpg, parent_class=ImageObject",
            "response": "TOKPOS"
        },
        "email[TOK_Q_DELIM]info@v-clinic.cz[TOK_Q_DELIM]ContactPoint": {
            "query": "prop=email, value=info@v-clinic.cz, parent_class=ContactPoint",
            "response": "TOKPOS"
        },
        "item[TOK_Q_DELIM]https://tomasventruba.cz/[TOK_Q_DELIM]ListItem": {
            "query": "prop=item, value=https://tomasventruba.cz/, parent_class=ListItem",
            "response": "TOKPOS"
        },
        "areaServed[TOK_Q_DELIM]CZ[TOK_Q_DELIM]ContactPoint": {
            "query": "prop=areaServed, value=CZ, parent_class=ContactPoint",
            "response": "TOKPOS"
        },
        "sameAs[TOK_Q_DELIM]https://www.instagram.com/vclinic_brno/[TOK_Q_DELIM]Person": {
            "query": "prop=sameAs, value=https://www.instagram.com/vclinic_brno/, parent_class=Person",
            "response": "TOKPOS"
        },
        "score": 1.0,
        "width[TOK_Q_DELIM]512[TOK_Q_DELIM]ImageObject": {
            "query": "prop=width, value=512, parent_class=ImageObject",
            "response": "TOKPOS"
        },
        "height[TOK_Q_DELIM]512[TOK_Q_DELIM]ImageObject": {
            "query": "prop=height, value=512, parent_class=ImageObject",
            "response": "TOKPOS"
        }
    }
}