{
    "chunk_0": {
        "status": "success",
        "representativeOfPage[TOK_Q_DELIM]True[TOK_Q_DELIM]ImageObject": {
            "query": "prop=representativeOfPage, value=True, parent_class=ImageObject",
            "response": "TOKNEG"
        },
        "position[TOK_Q_DELIM]1[TOK_Q_DELIM]ListItem": {
            "query": "prop=position, value=1, parent_class=ListItem",
            "response": "TOKPOS"
        },
        "item[TOK_Q_DELIM]https://bahrain.fitnessfirstme.com/events[TOK_Q_DELIM]ListItem": {
            "query": "prop=item, value=https://bahrain.fitnessfirstme.com/events, parent_class=ListItem",
            "response": "TOKNEG"
        },
        "url[TOK_Q_DELIM]https://bahrain.fitnessfirstme.com/sites/bh/files/styles/d02_square/public/2020-10/ff_aipwep.jpg?h=4beff8be&itok=7oMR9HMf[TOK_Q_DELIM]ImageObject": {
            "query": "prop=url, value=https://bahrain.fitnessfirstme.com/sites/bh/files/styles/d02_square/public/2020-10/ff_aipwep.jpg?h=4beff8be&itok=7oMR9HMf, parent_class=ImageObject",
            "response": "TOKPOS"
        },
        "position[TOK_Q_DELIM]2[TOK_Q_DELIM]ListItem": {
            "query": "prop=position, value=2, parent_class=ListItem",
            "response": "TOKPOS"
        },
        "name[TOK_Q_DELIM]AWARENESS IS POWER at  | Fitness First UAE[TOK_Q_DELIM]Event": {
            "query": "prop=name, value=AWARENESS IS POWER at  | Fitness First UAE, parent_class=Event",
            "response": "TOKNEG"
        },
        "name[TOK_Q_DELIM]Events[TOK_Q_DELIM]ListItem": {
            "query": "prop=name, value=Events, parent_class=ListItem",
            "response": "TOKPOS"
        },
        "name[TOK_Q_DELIM]Sponsored Events[TOK_Q_DELIM]ListItem": {
            "query": "prop=name, value=Sponsored Events, parent_class=ListItem",
            "response": "TOKPOS"
        },
        "name[TOK_Q_DELIM]AWARENESS IS POWER at  | Fitness First UAE[TOK_Q_DELIM]WebPage": {
            "query": "prop=name, value=AWARENESS IS POWER at  | Fitness First UAE, parent_class=WebPage",
            "response": "TOKNEG"
        },
        "url[TOK_Q_DELIM]https://bahrain.fitnessfirstme.com/events/sponsored-events/awareness-power[TOK_Q_DELIM]WebPage": {
            "query": "prop=url, value=https://bahrain.fitnessfirstme.com/events/sponsored-events/awareness-power, parent_class=WebPage",
            "response": "TOKPOS"
        },
        "description[TOK_Q_DELIM]Have a place in the AWARENESS IS POWER at  for the best fitness challenges, rockout workouts, cycle events, and more in Dubai, Sharjah, and Abu Dhabi.[TOK_Q_DELIM]WebPage": {
            "query": "prop=description, value=Have a place in the AWARENESS IS POWER at  for the best fitness challenges, rockout workouts, cycle events, and more in Dubai, Sharjah, and Abu Dhabi., parent_class=WebPage",
            "response": "TOKNEG"
        },
        "item[TOK_Q_DELIM]https://bahrain.fitnessfirstme.com/events/sponsored-events[TOK_Q_DELIM]ListItem": {
            "query": "prop=item, value=https://bahrain.fitnessfirstme.com/events/sponsored-events, parent_class=ListItem",
            "response": "TOKNEG"
        },
        "url[TOK_Q_DELIM]https://bahrain.fitnessfirstme.com/events/sponsored-events/awareness-power[TOK_Q_DELIM]Event": {
            "query": "prop=url, value=https://bahrain.fitnessfirstme.com/events/sponsored-events/awareness-power, parent_class=Event",
            "response": "TOKPOS"
        },
        "isAccessibleForFree[TOK_Q_DELIM]True[TOK_Q_DELIM]WebPage": {
            "query": "prop=isAccessibleForFree, value=True, parent_class=WebPage",
            "response": "TOKPOS"
        },
        "description[TOK_Q_DELIM]Have a place in the AWARENESS IS POWER at  for the best fitness challenges, rockout workouts, cycle events, and more in Dubai, Sharjah, and Abu Dhabi.[TOK_Q_DELIM]Event": {
            "query": "prop=description, value=Have a place in the AWARENESS IS POWER at  for the best fitness challenges, rockout workouts, cycle events, and more in Dubai, Sharjah, and Abu Dhabi., parent_class=Event",
            "response": "TOKNEG"
        },
        "isAccessibleForFree[TOK_Q_DELIM]True[TOK_Q_DELIM]Event": {
            "query": "prop=isAccessibleForFree, value=True, parent_class=Event",
            "response": "TOKNEG"
        },
        "score": 0.4
    }
}