{
    "chunk_0": {
        "status": "success",
        "name[TOK_Q_DELIM]Giovanna Gallaher [TOK_Q_DELIM]Person": {
            "query": "name: The name of the item.",
            "response": "TOKPOS"
        },
        "name[TOK_Q_DELIM]Melissa Wagstaff [TOK_Q_DELIM]Person": {
            "query": "name: The name of the item.",
            "response": "TOKPOS"
        },
        "name[TOK_Q_DELIM]Lee Gallaher (Ariel) [TOK_Q_DELIM]Person": {
            "query": "name: The name of the item.",
            "response": "TOKPOS"
        },
        "name[TOK_Q_DELIM]Patricia B. Gallaher (deceased)[TOK_Q_DELIM]Person": {
            "query": "name: The name of the item.",
            "response": "TOKNEG"
        },
        "name[TOK_Q_DELIM]Jenny Fetherolf [TOK_Q_DELIM]Person": {
            "query": "name: The name of the item.",
            "response": "TOKPOS"
        },
        "name[TOK_Q_DELIM]Alyssandra Gallaher [TOK_Q_DELIM]Person": {
            "query": "name: The name of the item.",
            "response": "TOKPOS"
        },
        "name[TOK_Q_DELIM]Steve Fetherolf [TOK_Q_DELIM]Person": {
            "query": "name: The name of the item.",
            "response": "TOKPOS"
        },
        "name[TOK_Q_DELIM]Franklin Delano Gallaher[TOK_Q_DELIM]Person": {
            "query": "name: The name of the item.",
            "response": "TOKPOS"
        },
        "score": 0.875
    }
}