{
    "chunk_0": {
        "status": "success",
        "url[TOK_Q_DELIM]https://www.gameroco.com/[TOK_Q_DELIM]Organization": {
            "query": "url: URL of the item.",
            "response": "TOKPOS"
        },
        "description[TOK_Q_DELIM]You can access the most popular free games with gameroco. Get ready for fun-filled moments with Gameroco.[TOK_Q_DELIM]Organization": {
            "query": "description: A description of the item.",
            "response": "TOKPOS"
        },
        "addressCountry[TOK_Q_DELIM]TR[TOK_Q_DELIM]PostalAddress": {
            "query": "addressCountry: The country. For example, USA. You can also provide the two-letter [ISO 3166-1 alpha-2 country code](http://en.wikipedia.org/wiki/ISO_3166-1).",
            "response": "TOKNEG"
        },
        "url[TOK_Q_DELIM]https://www.gameroco.com/contact[TOK_Q_DELIM]ContactPoint": {
            "query": "url: URL of the item.",
            "response": "TOKPOS"
        },
        "sameAs[TOK_Q_DELIM]https://www.gameroco.com/about-us[TOK_Q_DELIM]Organization": {
            "query": "sameAs: URL of a reference Web page that unambiguously indicates the item's identity. E.g. the URL of the item's Wikipedia page, Wikidata entry, or official website.",
            "response": "TOKPOS"
        },
        "gender[TOK_Q_DELIM]Male[TOK_Q_DELIM]Person": {
            "query": "gender: Gender of something, typically a [[Person]], but possibly also fictional characters, animals, etc. While http://schema.org/Male and http://schema.org/Female may be used, text strings are also acceptable for people who do not identify as a binary gender. The [[gender]] property can also be used in an extended sense to cover e.g. the gender of sports teams. As with the gender of individuals, we do not try to enumerate all possibilities. A mixed-gender [[SportsTeam]] can be indicated with a text value of \"Mixed\".",
            "response": "TOKPOS"
        },
        "contactType[TOK_Q_DELIM]User Feedback[TOK_Q_DELIM]ContactPoint": {
            "query": "contactType: A person or organization can have different contact points, for different purposes. For example, a sales contact point, a PR contact point and so on. This property is used to specify the kind of contact point.",
            "response": "TOKPOS"
        },
        "logo[TOK_Q_DELIM]https://www.gameroco.com/uploads/logo.png[TOK_Q_DELIM]Organization": {
            "query": "logo: An associated logo.",
            "response": "TOKPOS"
        },
        "name[TOK_Q_DELIM]Game Roco[TOK_Q_DELIM]Organization": {
            "query": "name: The name of the item.",
            "response": "TOKPOS"
        },
        "jobTitle[TOK_Q_DELIM]CEO[TOK_Q_DELIM]Person": {
            "query": "jobTitle: The job title of the person (for example, Financial Manager).",
            "response": "TOKPOS"
        },
        "foundingDate[TOK_Q_DELIM]2019-05-15[TOK_Q_DELIM]Organization": {
            "query": "foundingDate: The date that this organization was founded.",
            "response": "TOKPOS"
        },
        "score": 0.9090909090909091
    }
}