{
    "chunk_0": {
        "status": "success",
        "telephone[TOK_Q_DELIM]+886-0800-090-800[TOK_Q_DELIM]ContactPoint": {
            "query": "telephone: The telephone number.",
            "response": "TOKPOS"
        },
        "name[TOK_Q_DELIM]全民英檢GEPT®英文補習班│菁英國際語言教育中心[TOK_Q_DELIM]EducationalOrganization": {
            "query": "name: The name of the item.",
            "response": "TOKNEG"
        },
        "description[TOK_Q_DELIM]學英文推薦【菁英國際語言教育中心】英文補習班，有專業的全民英檢英文課程，有效提升英語能力，還有多益托福雅思等課程，全台分校：台北、桃園、新竹、台中、高雄。[TOK_Q_DELIM]EducationalOrganization": {
            "query": "description: A description of the item.",
            "response": "TOKNEG"
        },
        "contactType[TOK_Q_DELIM]Customer service[TOK_Q_DELIM]ContactPoint": {
            "query": "contactType: A person or organization can have different contact points, for different purposes. For example, a sales contact point, a PR contact point and so on. This property is used to specify the kind of contact point.",
            "response": "TOKPOS"
        },
        "url[TOK_Q_DELIM]http://gept-tw.com/[TOK_Q_DELIM]EducationalOrganization": {
            "query": "url: URL of the item.",
            "response": "TOKPOS"
        },
        "logo[TOK_Q_DELIM]http://gept-tw.com/images/elite-fb.jpg[TOK_Q_DELIM]EducationalOrganization": {
            "query": "logo: An associated logo.",
            "response": "TOKPOS"
        },
        "score": 0.6666666666666666
    }
}