{
    "chunk_0": {
        "status": "success",
        "performTime[TOK_Q_DELIM]PT10M[TOK_Q_DELIM]Recipe": {
            "query": "prop=performTime, value=PT10M, parent_class=Recipe",
            "response": "TOKNEG"
        },
        "cholesterolContent[TOK_Q_DELIM]0 milligrams cholesterol[TOK_Q_DELIM]NutritionInformation": {
            "query": "prop=cholesterolContent, value=0 milligrams cholesterol, parent_class=NutritionInformation",
            "response": "TOKNEG"
        },
        "recipeIngredient[TOK_Q_DELIM]1 teaspoon Vanilla[TOK_Q_DELIM]Recipe": {
            "query": "prop=recipeIngredient, value=1 teaspoon Vanilla, parent_class=Recipe",
            "response": "TOKPOS"
        },
        "recipeIngredient[TOK_Q_DELIM]1/2 teaspoon Cinnamon (optional)[TOK_Q_DELIM]Recipe": {
            "query": "prop=recipeIngredient, value=1/2 teaspoon Cinnamon (optional), parent_class=Recipe",
            "response": "TOKPOS"
        },
        "recipeIngredient[TOK_Q_DELIM]1 tablespoon Unsweetened Almond Milk[TOK_Q_DELIM]Recipe": {
            "query": "prop=recipeIngredient, value=1 tablespoon Unsweetened Almond Milk, parent_class=Recipe",
            "response": "TOKPOS"
        },
        "text[TOK_Q_DELIM]Using a small bowl, mix the caramel sauce, almond milk and vanilla together.[TOK_Q_DELIM]HowToStep": {
            "query": "prop=text, value=Using a small bowl, mix the caramel sauce, almond milk and vanilla together., parent_class=HowToStep",
            "response": "TOKPOS"
        },
        "name[TOK_Q_DELIM]Enjoy![TOK_Q_DELIM]HowToStep": {
            "query": "prop=name, value=Enjoy!, parent_class=HowToStep",
            "response": "TOKPOS"
        },
        "name[TOK_Q_DELIM]Using a small bowl, mix the caramel sauce,...[TOK_Q_DELIM]HowToStep": {
            "query": "prop=name, value=Using a small bowl, mix the caramel sauce,..., parent_class=HowToStep",
            "response": "TOKPOS"
        },
        "transFatContent[TOK_Q_DELIM]0 grams trans fat[TOK_Q_DELIM]NutritionInformation": {
            "query": "prop=transFatContent, value=0 grams trans fat, parent_class=NutritionInformation",
            "response": "TOKNEG"
        },
        "text[TOK_Q_DELIM]Pour Skinny popcorn into a bowl.[TOK_Q_DELIM]HowToStep": {
            "query": "prop=text, value=Pour Skinny popcorn into a bowl., parent_class=HowToStep",
            "response": "TOKPOS"
        },
        "fiberContent[TOK_Q_DELIM]6 grams fiber[TOK_Q_DELIM]NutritionInformation": {
            "query": "prop=fiberContent, value=6 grams fiber, parent_class=NutritionInformation",
            "response": "TOKPOS"
        },
        "description[TOK_Q_DELIM]Our easy sugar free caramel popcorn uses SkinnyPop microwave popcorn to make a super indulgent guilt free snack![TOK_Q_DELIM]Recipe": {
            "query": "prop=description, value=Our easy sugar free caramel popcorn uses SkinnyPop microwave popcorn to make a super indulgent guilt free snack!, parent_class=Recipe",
            "response": "TOKPOS"
        },
        "recipeIngredient[TOK_Q_DELIM]1 Bag SkinnyPop Microwave Popcorn, Already Popped and Cool [TOK_Q_DELIM]Recipe": {
            "query": "prop=recipeIngredient, value=1 Bag SkinnyPop Microwave Popcorn, Already Popped and Cool , parent_class=Recipe",
            "response": "TOKNEG"
        },
        "name[TOK_Q_DELIM]Melissa[TOK_Q_DELIM]Person": {
            "query": "prop=name, value=Melissa, parent_class=Person",
            "response": "TOKPOS"
        },
        "recipeIngredient[TOK_Q_DELIM]1/3 cup Sugar Free Caramel Sauce[TOK_Q_DELIM]Recipe": {
            "query": "prop=recipeIngredient, value=1/3 cup Sugar Free Caramel Sauce, parent_class=Recipe",
            "response": "TOKPOS"
        },
        "carbohydrateContent[TOK_Q_DELIM]13 grams carbohydrates[TOK_Q_DELIM]NutritionInformation": {
            "query": "prop=carbohydrateContent, value=13 grams carbohydrates, parent_class=NutritionInformation",
            "response": "TOKPOS"
        },
        "position[TOK_Q_DELIM]3[TOK_Q_DELIM]HowToStep": {
            "query": "prop=position, value=3, parent_class=HowToStep",
            "response": "TOKPOS"
        },
        "keywords[TOK_Q_DELIM]sugar free, caramel, popcorn, skinnypop , popcorn [TOK_Q_DELIM]Recipe": {
            "query": "prop=keywords, value=sugar free, caramel, popcorn, skinnypop , popcorn , parent_class=Recipe",
            "response": "TOKPOS"
        },
        "recipeCategory[TOK_Q_DELIM]Desserts Recipes[TOK_Q_DELIM]Recipe": {
            "query": "prop=recipeCategory, value=Desserts Recipes, parent_class=Recipe",
            "response": "TOKPOS"
        },
        "url[TOK_Q_DELIM]https://howtothisandthat.com/skinny-pop-popcorn-review-plus-recipe/#mv_create_300_3[TOK_Q_DELIM]HowToStep": {
            "query": "prop=url, value=https://howtothisandthat.com/skinny-pop-popcorn-review-plus-recipe/#mv_create_300_3, parent_class=HowToStep",
            "response": "TOKNEG"
        },
        "image[TOK_Q_DELIM]https://howtothisandthat.com/wp-content/uploads/2016/03/john-tecuceanu-DPv61r6uCg8-unsplash-2-720x720.jpg[TOK_Q_DELIM]Recipe": {
            "query": "prop=image, value=https://howtothisandthat.com/wp-content/uploads/2016/03/john-tecuceanu-DPv61r6uCg8-unsplash-2-720x720.jpg, parent_class=Recipe",
            "response": "TOKPOS"
        },
        "calories[TOK_Q_DELIM]150 calories[TOK_Q_DELIM]NutritionInformation": {
            "query": "prop=calories, value=150 calories, parent_class=NutritionInformation",
            "response": "TOKPOS"
        },
        "totalTime[TOK_Q_DELIM]PT15M[TOK_Q_DELIM]Recipe": {
            "query": "prop=totalTime, value=PT15M, parent_class=Recipe",
            "response": "TOKNEG"
        },
        "url[TOK_Q_DELIM]https://howtothisandthat.com/skinny-pop-popcorn-review-plus-recipe/[TOK_Q_DELIM]Recipe": {
            "query": "prop=url, value=https://howtothisandthat.com/skinny-pop-popcorn-review-plus-recipe/, parent_class=Recipe",
            "response": "TOKPOS"
        },
        "position[TOK_Q_DELIM]4[TOK_Q_DELIM]HowToStep": {
            "query": "prop=position, value=4, parent_class=HowToStep",
            "response": "TOKPOS"
        },
        "text[TOK_Q_DELIM]Pour over popcorn and toss to coat.[TOK_Q_DELIM]HowToStep": {
            "query": "prop=text, value=Pour over popcorn and toss to coat., parent_class=HowToStep",
            "response": "TOKPOS"
        },
        "url[TOK_Q_DELIM]https://howtothisandthat.com/skinny-pop-popcorn-review-plus-recipe/#mv_create_300_1[TOK_Q_DELIM]HowToStep": {
            "query": "prop=url, value=https://howtothisandthat.com/skinny-pop-popcorn-review-plus-recipe/#mv_create_300_1, parent_class=HowToStep",
            "response": "TOKNEG"
        },
        "datePublished[TOK_Q_DELIM]2022-09-11[TOK_Q_DELIM]Recipe": {
            "query": "prop=datePublished, value=2022-09-11, parent_class=Recipe",
            "response": "TOKNEG"
        },
        "url[TOK_Q_DELIM]https://howtothisandthat.com/skinny-pop-popcorn-review-plus-recipe/#mv_create_300_4[TOK_Q_DELIM]HowToStep": {
            "query": "prop=url, value=https://howtothisandthat.com/skinny-pop-popcorn-review-plus-recipe/#mv_create_300_4, parent_class=HowToStep",
            "response": "TOKPOS"
        },
        "image[TOK_Q_DELIM]https://howtothisandthat.com/wp-content/uploads/2016/03/john-tecuceanu-DPv61r6uCg8-unsplash-2-720x540.jpg[TOK_Q_DELIM]Recipe": {
            "query": "prop=image, value=https://howtothisandthat.com/wp-content/uploads/2016/03/john-tecuceanu-DPv61r6uCg8-unsplash-2-720x540.jpg, parent_class=Recipe",
            "response": "TOKPOS"
        },
        "recipeCuisine[TOK_Q_DELIM]American[TOK_Q_DELIM]Recipe": {
            "query": "prop=recipeCuisine, value=American, parent_class=Recipe",
            "response": "TOKNEG"
        },
        "name[TOK_Q_DELIM]Pour over popcorn and toss to coat.[TOK_Q_DELIM]HowToStep": {
            "query": "prop=name, value=Pour over popcorn and toss to coat., parent_class=HowToStep",
            "response": "TOKPOS"
        },
        "url[TOK_Q_DELIM]https://howtothisandthat.com/skinny-pop-popcorn-review-plus-recipe/#mv_create_300_2[TOK_Q_DELIM]HowToStep": {
            "query": "prop=url, value=https://howtothisandthat.com/skinny-pop-popcorn-review-plus-recipe/#mv_create_300_2, parent_class=HowToStep",
            "response": "TOKPOS"
        },
        "image[TOK_Q_DELIM]https://howtothisandthat.com/wp-content/uploads/2016/03/john-tecuceanu-DPv61r6uCg8-unsplash-2-540x720.jpg[TOK_Q_DELIM]Recipe": {
            "query": "prop=image, value=https://howtothisandthat.com/wp-content/uploads/2016/03/john-tecuceanu-DPv61r6uCg8-unsplash-2-540x720.jpg, parent_class=Recipe",
            "response": "TOKPOS"
        },
        "position[TOK_Q_DELIM]1[TOK_Q_DELIM]HowToStep": {
            "query": "prop=position, value=1, parent_class=HowToStep",
            "response": "TOKNEG"
        },
        "prepTime[TOK_Q_DELIM]PT5M[TOK_Q_DELIM]Recipe": {
            "query": "prop=prepTime, value=PT5M, parent_class=Recipe",
            "response": "TOKNEG"
        },
        "suitableForDiet[TOK_Q_DELIM]LowCalorieDiet[TOK_Q_DELIM]Recipe": {
            "query": "prop=suitableForDiet, value=LowCalorieDiet, parent_class=Recipe",
            "response": "TOKNEG"
        },
        "fatContent[TOK_Q_DELIM]6 grams fat[TOK_Q_DELIM]NutritionInformation": {
            "query": "prop=fatContent, value=6 grams fat, parent_class=NutritionInformation",
            "response": "TOKPOS"
        },
        "name[TOK_Q_DELIM]Sugar Free Caramel Popcorn Recipe using SkinnyPop Low Calorie Popcorn[TOK_Q_DELIM]Recipe": {
            "query": "prop=name, value=Sugar Free Caramel Popcorn Recipe using SkinnyPop Low Calorie Popcorn, parent_class=Recipe",
            "response": "TOKPOS"
        },
        "servingSize[TOK_Q_DELIM]1[TOK_Q_DELIM]NutritionInformation": {
            "query": "prop=servingSize, value=1, parent_class=NutritionInformation",
            "response": "TOKPOS"
        },
        "text[TOK_Q_DELIM]Enjoy![TOK_Q_DELIM]HowToStep": {
            "query": "prop=text, value=Enjoy!, parent_class=HowToStep",
            "response": "TOKPOS"
        },
        "image[TOK_Q_DELIM]https://howtothisandthat.com/wp-content/uploads/2016/03/john-tecuceanu-DPv61r6uCg8-unsplash-2-735x725.jpg[TOK_Q_DELIM]Recipe": {
            "query": "prop=image, value=https://howtothisandthat.com/wp-content/uploads/2016/03/john-tecuceanu-DPv61r6uCg8-unsplash-2-735x725.jpg, parent_class=Recipe",
            "response": "TOKPOS"
        },
        "ratingValue[TOK_Q_DELIM]5[TOK_Q_DELIM]AggregateRating": {
            "query": "prop=ratingValue, value=5, parent_class=AggregateRating",
            "response": "TOKPOS"
        },
        "image[TOK_Q_DELIM]https://howtothisandthat.com/wp-content/uploads/2016/03/john-tecuceanu-DPv61r6uCg8-unsplash-2-720x405.jpg[TOK_Q_DELIM]Recipe": {
            "query": "prop=image, value=https://howtothisandthat.com/wp-content/uploads/2016/03/john-tecuceanu-DPv61r6uCg8-unsplash-2-720x405.jpg, parent_class=Recipe",
            "response": "TOKPOS"
        },
        "name[TOK_Q_DELIM]Pour Skinny popcorn into a bowl.[TOK_Q_DELIM]HowToStep": {
            "query": "prop=name, value=Pour Skinny popcorn into a bowl., parent_class=HowToStep",
            "response": "TOKPOS"
        },
        "cookTime[TOK_Q_DELIM]PT5M[TOK_Q_DELIM]Recipe": {
            "query": "prop=cookTime, value=PT5M, parent_class=Recipe",
            "response": "TOKPOS"
        },
        "score": 0.7346938775510204,
        "recipeYield[TOK_Q_DELIM]2[TOK_Q_DELIM]Recipe": {
            "query": "prop=recipeYield, value=2, parent_class=Recipe",
            "response": "TOKPOS"
        },
        "reviewCount[TOK_Q_DELIM]2[TOK_Q_DELIM]AggregateRating": {
            "query": "prop=reviewCount, value=2, parent_class=AggregateRating",
            "response": "TOKPOS"
        },
        "position[TOK_Q_DELIM]2[TOK_Q_DELIM]HowToStep": {
            "query": "prop=position, value=2, parent_class=HowToStep",
            "response": "TOKNEG"
        }
    }
}