{
    "chunk_0": {
        "status": "success",
        "name[TOK_Q_DELIM]Xicheng[TOK_Q_DELIM]TouristAttraction": {
            "query": "name: The name of the item.",
            "response": "TOKPOS"
        },
        "url[TOK_Q_DELIM]https://chine365.fr/voyage/pekin-meilleure-periode/[TOK_Q_DELIM]WebPage": {
            "query": "url: URL of the item.",
            "response": "TOKPOS"
        },
        "description[TOK_Q_DELIM]Avec une histoire remontant à plus de 3000 ans, Pékin est réputée pour ses palais, temples et parcs, c'est une étape incontournable de tout voyage en Chine. [TOK_Q_DELIM]City": {
            "query": "description: A description of the item.",
            "response": "TOKPOS"
        },
        "url[TOK_Q_DELIM]https://chine365.fr/voyage/pekin-hotel/[TOK_Q_DELIM]WebPage": {
            "query": "url: URL of the item.",
            "response": "TOKPOS"
        },
        "url[TOK_Q_DELIM]https://chine365.fr/voyage/pekin-xicheng/[TOK_Q_DELIM]TouristAttraction": {
            "query": "url: URL of the item.",
            "response": "TOKPOS"
        },
        "url[TOK_Q_DELIM]https://chine365.fr/voyage/pekin-combien-de-temps/[TOK_Q_DELIM]WebPage": {
            "query": "url: URL of the item.",
            "response": "TOKPOS"
        },
        "url[TOK_Q_DELIM]https://chine365.fr/voyage/pekin/[TOK_Q_DELIM]City": {
            "query": "url: URL of the item.",
            "response": "TOKPOS"
        },
        "name[TOK_Q_DELIM]Dongcheng[TOK_Q_DELIM]TouristAttraction": {
            "query": "name: The name of the item.",
            "response": "TOKPOS"
        },
        "name[TOK_Q_DELIM][TOK_Q_DELIM]WebPage": {
            "query": "name: The name of the item.",
            "response": "TOKNEG"
        },
        "name[TOK_Q_DELIM]Pékin[TOK_Q_DELIM]City": {
            "query": "name: The name of the item.",
            "response": "TOKPOS"
        },
        "url[TOK_Q_DELIM]https://chine365.fr/voyage/pekin-dongcheng/[TOK_Q_DELIM]TouristAttraction": {
            "query": "url: URL of the item.",
            "response": "TOKPOS"
        },
        "url[TOK_Q_DELIM]https://chine365.fr/voyage/pekin-premier-voyage/[TOK_Q_DELIM]WebPage": {
            "query": "url: URL of the item.",
            "response": "TOKPOS"
        },
        "name[TOK_Q_DELIM]Quand partir[TOK_Q_DELIM]WebPage": {
            "query": "name: The name of the item.",
            "response": "TOKNEG"
        },
        "photo[TOK_Q_DELIM]https://chine365.fr/images/2000x1300/pekin.jpg[TOK_Q_DELIM]City": {
            "query": "photo: A photograph of this place.",
            "response": "TOKPOS"
        },
        "url[TOK_Q_DELIM]https://chine365.fr/voyage/pekin-visiter/[TOK_Q_DELIM]WebPage": {
            "query": "url: URL of the item.",
            "response": "TOKPOS"
        },
        "url[TOK_Q_DELIM]https://chine365.fr/voyage/huabei/[TOK_Q_DELIM]AdministrativeArea": {
            "query": "url: URL of the item.",
            "response": "TOKPOS"
        },
        "name[TOK_Q_DELIM]Que visiter à Pékin[TOK_Q_DELIM]WebPage": {
            "query": "name: The name of the item.",
            "response": "TOKNEG"
        },
        "url[TOK_Q_DELIM]https://chine365.fr/voyage/pekin-pourquoi/[TOK_Q_DELIM]WebPage": {
            "query": "url: URL of the item.",
            "response": "TOKPOS"
        },
        "score": 0.8333333333333334
    }
}