{
    "chunk_0": {
        "status": "success",
        "isFamilyFriendly[TOK_Q_DELIM]true[TOK_Q_DELIM]ImageObject": {
            "query": "prop=isFamilyFriendly, value=true, parent_class=ImageObject",
            "response": "TOKNEG"
        },
        "name[TOK_Q_DELIM]Bachmann Personal Injury Law Group - Toronto Office[TOK_Q_DELIM]LocalBusiness": {
            "query": "prop=name, value=Bachmann Personal Injury Law Group - Toronto Office, parent_class=LocalBusiness",
            "response": "TOKNEG"
        },
        "ratingValue[TOK_Q_DELIM]5[TOK_Q_DELIM]AggregateRating": {
            "query": "prop=ratingValue, value=5, parent_class=AggregateRating",
            "response": "TOKNEG"
        },
        "width[TOK_Q_DELIM]1280[TOK_Q_DELIM]ImageObject": {
            "query": "prop=width, value=1280, parent_class=ImageObject",
            "response": "TOKPOS"
        },
        "birthPlace[TOK_Q_DELIM]Sibiu, Transylvania[TOK_Q_DELIM]Person": {
            "query": "prop=birthPlace, value=Sibiu, Transylvania, parent_class=Person",
            "response": "TOKNEG"
        },
        "image[TOK_Q_DELIM]https://bachmannlaw.ca/media/Bachmann_Personal_Injury_Law_Toronto_Office.jpg[TOK_Q_DELIM]LocalBusiness": {
            "query": "prop=image, value=https://bachmannlaw.ca/media/Bachmann_Personal_Injury_Law_Toronto_Office.jpg, parent_class=LocalBusiness",
            "response": "TOKPOS"
        },
        "additionalType[TOK_Q_DELIM]http://www.productontology.org/id/Personal_injury_lawyer[TOK_Q_DELIM]LocalBusiness": {
            "query": "prop=additionalType, value=http://www.productontology.org/id/Personal_injury_lawyer, parent_class=LocalBusiness",
            "response": "TOKPOS"
        },
        "addressRegion[TOK_Q_DELIM]ON[TOK_Q_DELIM]PostalAddress": {
            "query": "prop=addressRegion, value=ON, parent_class=PostalAddress",
            "response": "TOKPOS"
        },
        "telephone[TOK_Q_DELIM]1-519 428 8090 #225[TOK_Q_DELIM]Person": {
            "query": "prop=telephone, value=1-519 428 8090 #225, parent_class=Person",
            "response": "TOKNEG"
        },
        "telephone[TOK_Q_DELIM]1 519 428 8090[TOK_Q_DELIM]LocalBusiness": {
            "query": "prop=telephone, value=1 519 428 8090, parent_class=LocalBusiness",
            "response": "TOKPOS"
        },
        "longitude[TOK_Q_DELIM]-79.3631083,17[TOK_Q_DELIM]GeoCoordinates": {
            "query": "prop=longitude, value=-79.3631083,17, parent_class=GeoCoordinates",
            "response": "TOKNEG"
        },
        "creator[TOK_Q_DELIM]Corina Bachmann[TOK_Q_DELIM]ImageObject": {
            "query": "prop=creator, value=Corina Bachmann, parent_class=ImageObject",
            "response": "TOKNEG"
        },
        "representativeOfPage[TOK_Q_DELIM]true[TOK_Q_DELIM]ImageObject": {
            "query": "prop=representativeOfPage, value=true, parent_class=ImageObject",
            "response": "TOKNEG"
        },
        "sameAs[TOK_Q_DELIM]https://twitter.com/BachmannLaw[TOK_Q_DELIM]Person": {
            "query": "prop=sameAs, value=https://twitter.com/BachmannLaw, parent_class=Person",
            "response": "TOKNEG"
        },
        "name[TOK_Q_DELIM]Whitby[TOK_Q_DELIM]City": {
            "query": "prop=name, value=Whitby, parent_class=City",
            "response": "TOKNEG"
        },
        "caption[TOK_Q_DELIM]Bachmann Personal Injury Law Group Simcoe Toronto and Kawartha Lakes Logo[TOK_Q_DELIM]ImageObject": {
            "query": "prop=caption, value=Bachmann Personal Injury Law Group Simcoe Toronto and Kawartha Lakes Logo, parent_class=ImageObject",
            "response": "TOKNEG"
        },
        "name[TOK_Q_DELIM]Mississauga[TOK_Q_DELIM]City": {
            "query": "prop=name, value=Mississauga, parent_class=City",
            "response": "TOKPOS"
        },
        "requiresSubscription[TOK_Q_DELIM]false[TOK_Q_DELIM]ImageObject": {
            "query": "prop=requiresSubscription, value=false, parent_class=ImageObject",
            "response": "TOKNEG"
        },
        "brand[TOK_Q_DELIM]Bachmann Law[TOK_Q_DELIM]Person": {
            "query": "prop=brand, value=Bachmann Law, parent_class=Person",
            "response": "TOKNEG"
        },
        "name[TOK_Q_DELIM]Vaughan[TOK_Q_DELIM]City": {
            "query": "prop=name, value=Vaughan, parent_class=City",
            "response": "TOKNEG"
        },
        "name[TOK_Q_DELIM]Peel Region[TOK_Q_DELIM]City": {
            "query": "prop=name, value=Peel Region, parent_class=City",
            "response": "TOKNEG"
        },
        "image[TOK_Q_DELIM]https://bachmannlaw.ca/images/Bachmann_Law_Owner_Corina_Bachmann.jpg[TOK_Q_DELIM]Person": {
            "query": "prop=image, value=https://bachmannlaw.ca/images/Bachmann_Law_Owner_Corina_Bachmann.jpg, parent_class=Person",
            "response": "TOKNEG"
        },
        "name[TOK_Q_DELIM]Richmond Hill[TOK_Q_DELIM]City": {
            "query": "prop=name, value=Richmond Hill, parent_class=City",
            "response": "TOKNEG"
        },
        "name[TOK_Q_DELIM]Burham Region[TOK_Q_DELIM]City": {
            "query": "prop=name, value=Burham Region, parent_class=City",
            "response": "TOKNEG"
        },
        "sameAs[TOK_Q_DELIM]https://www.facebook.com/BachmannLaw[TOK_Q_DELIM]LocalBusiness": {
            "query": "prop=sameAs, value=https://www.facebook.com/BachmannLaw, parent_class=LocalBusiness",
            "response": "TOKNEG"
        },
        "knows[TOK_Q_DELIM]Nicole Case, Linda Misener, Catherine Hamilton[TOK_Q_DELIM]Person": {
            "query": "prop=knows, value=Nicole Case, Linda Misener, Catherine Hamilton, parent_class=Person",
            "response": "TOKNEG"
        },
        "sameAs[TOK_Q_DELIM]https://g.page/bachmannlawtoronto[TOK_Q_DELIM]Person": {
            "query": "prop=sameAs, value=https://g.page/bachmannlawtoronto, parent_class=Person",
            "response": "TOKNEG"
        },
        "streetAddress[TOK_Q_DELIM]33 Mill St[TOK_Q_DELIM]PostalAddress": {
            "query": "prop=streetAddress, value=33 Mill St, parent_class=PostalAddress",
            "response": "TOKPOS"
        },
        "creator[TOK_Q_DELIM]Corina Bachmman[TOK_Q_DELIM]ImageObject": {
            "query": "prop=creator, value=Corina Bachmman, parent_class=ImageObject",
            "response": "TOKNEG"
        },
        "name[TOK_Q_DELIM]Bachmann Personal Injury Law Group - Toronto[TOK_Q_DELIM]LocalBusiness": {
            "query": "prop=name, value=Bachmann Personal Injury Law Group - Toronto, parent_class=LocalBusiness",
            "response": "TOKPOS"
        },
        "name[TOK_Q_DELIM]Pickering[TOK_Q_DELIM]City": {
            "query": "prop=name, value=Pickering, parent_class=City",
            "response": "TOKNEG"
        },
        "name[TOK_Q_DELIM]Corina Bachmann[TOK_Q_DELIM]Person": {
            "query": "prop=name, value=Corina Bachmann, parent_class=Person",
            "response": "TOKPOS"
        },
        "sameAs[TOK_Q_DELIM]https://www.youtube.com/channel/UCjKUu9kiTIP36Xf0sWimJOA[TOK_Q_DELIM]LocalBusiness": {
            "query": "prop=sameAs, value=https://www.youtube.com/channel/UCjKUu9kiTIP36Xf0sWimJOA, parent_class=LocalBusiness",
            "response": "TOKNEG"
        },
        "name[TOK_Q_DELIM]Ajax[TOK_Q_DELIM]City": {
            "query": "prop=name, value=Ajax, parent_class=City",
            "response": "TOKNEG"
        },
        "name[TOK_Q_DELIM]Bachmann Personal Injury Law Group[TOK_Q_DELIM]LocalBusiness": {
            "query": "prop=name, value=Bachmann Personal Injury Law Group, parent_class=LocalBusiness",
            "response": "TOKPOS"
        },
        "image[TOK_Q_DELIM]https://bachmannlaw.ca/images/Bachmann_Personal_Injury_Law_Toronto_Office.jpg[TOK_Q_DELIM]LocalBusiness": {
            "query": "prop=image, value=https://bachmannlaw.ca/images/Bachmann_Personal_Injury_Law_Toronto_Office.jpg, parent_class=LocalBusiness",
            "response": "TOKPOS"
        },
        "author[TOK_Q_DELIM]Google[TOK_Q_DELIM]AggregateRating": {
            "query": "prop=author, value=Google, parent_class=AggregateRating",
            "response": "TOKNEG"
        },
        "height[TOK_Q_DELIM]158cm[TOK_Q_DELIM]Person": {
            "query": "prop=height, value=158cm, parent_class=Person",
            "response": "TOKNEG"
        },
        "height[TOK_Q_DELIM]720[TOK_Q_DELIM]ImageObject": {
            "query": "prop=height, value=720, parent_class=ImageObject",
            "response": "TOKNEG"
        },
        "name[TOK_Q_DELIM]Brampton[TOK_Q_DELIM]City": {
            "query": "prop=name, value=Brampton, parent_class=City",
            "response": "TOKNEG"
        },
        "priceRange[TOK_Q_DELIM]$[TOK_Q_DELIM]LocalBusiness": {
            "query": "prop=priceRange, value=$, parent_class=LocalBusiness",
            "response": "TOKPOS"
        },
        "addressCountry[TOK_Q_DELIM]Canada[TOK_Q_DELIM]PostalAddress": {
            "query": "prop=addressCountry, value=Canada, parent_class=PostalAddress",
            "response": "TOKPOS"
        },
        "contentUrl[TOK_Q_DELIM]https://bachmannlaw.ca/media/Bachmann_Law_Logo.png[TOK_Q_DELIM]ImageObject": {
            "query": "prop=contentUrl, value=https://bachmannlaw.ca/media/Bachmann_Law_Logo.png, parent_class=ImageObject",
            "response": "TOKNEG"
        },
        "weight[TOK_Q_DELIM]52.6kg[TOK_Q_DELIM]Person": {
            "query": "prop=weight, value=52.6kg, parent_class=Person",
            "response": "TOKNEG"
        },
        "jobTitle[TOK_Q_DELIM]Owner, Senior Lawyer[TOK_Q_DELIM]Person": {
            "query": "prop=jobTitle, value=Owner, Senior Lawyer, parent_class=Person",
            "response": "TOKPOS"
        },
        "name[TOK_Q_DELIM]Peel[TOK_Q_DELIM]City": {
            "query": "prop=name, value=Peel, parent_class=City",
            "response": "TOKNEG"
        },
        "latitude[TOK_Q_DELIM]43.6502401,[TOK_Q_DELIM]GeoCoordinates": {
            "query": "prop=latitude, value=43.6502401,, parent_class=GeoCoordinates",
            "response": "TOKPOS"
        },
        "contentUrl[TOK_Q_DELIM]https://bachmannlaw.ca/media/Bachmann_Personal_Injury_Law_Group_Logo.png[TOK_Q_DELIM]ImageObject": {
            "query": "prop=contentUrl, value=https://bachmannlaw.ca/media/Bachmann_Personal_Injury_Law_Group_Logo.png, parent_class=ImageObject",
            "response": "TOKPOS"
        },
        "description[TOK_Q_DELIM]We have 3 location offices to serve you better, with our new Toronto office located in the Distillery District.[TOK_Q_DELIM]LocalBusiness": {
            "query": "prop=description, value=We have 3 location offices to serve you better, with our new Toronto office located in the Distillery District., parent_class=LocalBusiness",
            "response": "TOKPOS"
        },
        "longitude[TOK_Q_DELIM]-79.3631083[TOK_Q_DELIM]GeoCoordinates": {
            "query": "prop=longitude, value=-79.3631083, parent_class=GeoCoordinates",
            "response": "TOKPOS"
        },
        "name[TOK_Q_DELIM]Scarborough[TOK_Q_DELIM]City": {
            "query": "prop=name, value=Scarborough, parent_class=City",
            "response": "TOKNEG"
        },
        "description[TOK_Q_DELIM]Bachmann Law is dedicated to personal injury litigation hosting it's flagfhip location in Simcoe Ontario and is the only legal firm in this area that practices exclusively in the personal injury field, with locations in Simcoe, Toronto and Kawartha Lakes to serve you best.[TOK_Q_DELIM]LocalBusiness": {
            "query": "prop=description, value=Bachmann Law is dedicated to personal injury litigation hosting it's flagfhip location in Simcoe Ontario and is the only legal firm in this area that practices exclusively in the personal injury field, with locations in Simcoe, Toronto and Kawartha Lakes to serve you best., parent_class=LocalBusiness",
            "response": "TOKPOS"
        },
        "email[TOK_Q_DELIM]info@bachmannlaw.ca[TOK_Q_DELIM]LocalBusiness": {
            "query": "prop=email, value=info@bachmannlaw.ca, parent_class=LocalBusiness",
            "response": "TOKNEG"
        },
        "addressRegion[TOK_Q_DELIM]Toronto[TOK_Q_DELIM]PostalAddress": {
            "query": "prop=addressRegion, value=Toronto, parent_class=PostalAddress",
            "response": "TOKNEG"
        },
        "name[TOK_Q_DELIM]Bachmann Personal Injury Law Group Logo[TOK_Q_DELIM]ImageObject": {
            "query": "prop=name, value=Bachmann Personal Injury Law Group Logo, parent_class=ImageObject",
            "response": "TOKPOS"
        },
        "sameAs[TOK_Q_DELIM]https://www.linkedin.com/in/corina-bachmann-8a2bb122/[TOK_Q_DELIM]Person": {
            "query": "prop=sameAs, value=https://www.linkedin.com/in/corina-bachmann-8a2bb122/, parent_class=Person",
            "response": "TOKNEG"
        },
        "reviewCount[TOK_Q_DELIM]4[TOK_Q_DELIM]AggregateRating": {
            "query": "prop=reviewCount, value=4, parent_class=AggregateRating",
            "response": "TOKNEG"
        },
        "gender[TOK_Q_DELIM]female[TOK_Q_DELIM]Person": {
            "query": "prop=gender, value=female, parent_class=Person",
            "response": "TOKNEG"
        },
        "height[TOK_Q_DELIM]420[TOK_Q_DELIM]ImageObject": {
            "query": "prop=height, value=420, parent_class=ImageObject",
            "response": "TOKNEG"
        },
        "sameAs[TOK_Q_DELIM]https://g.page/bachmannlawtoronto[TOK_Q_DELIM]LocalBusiness": {
            "query": "prop=sameAs, value=https://g.page/bachmannlawtoronto, parent_class=LocalBusiness",
            "response": "TOKNEG"
        },
        "name[TOK_Q_DELIM]Etobicoke[TOK_Q_DELIM]City": {
            "query": "prop=name, value=Etobicoke, parent_class=City",
            "response": "TOKNEG"
        },
        "name[TOK_Q_DELIM]York Region[TOK_Q_DELIM]City": {
            "query": "prop=name, value=York Region, parent_class=City",
            "response": "TOKNEG"
        },
        "postalCode[TOK_Q_DELIM]M5A 3R3[TOK_Q_DELIM]PostalAddress": {
            "query": "prop=postalCode, value=M5A 3R3, parent_class=PostalAddress",
            "response": "TOKPOS"
        },
        "keywords[TOK_Q_DELIM]Kawartha Lake best accident lawyer, accident injury lawyer near me, best motor vehicle collision claims lawyer, best brain injury lawyer, best spinal cord injury lawyer, best Norfolk County Personal Injury Lawyer, best Toronto Personal Injury Lawyer,  best Kawartha Lakes Personal Injury Lawyer[TOK_Q_DELIM]ImageObject": {
            "query": "prop=keywords, value=Kawartha Lake best accident lawyer, accident injury lawyer near me, best motor vehicle collision claims lawyer, best brain injury lawyer, best spinal cord injury lawyer, best Norfolk County Personal Injury Lawyer, best Toronto Personal Injury Lawyer,  best Kawartha Lakes Personal Injury Lawyer, parent_class=ImageObject",
            "response": "TOKPOS"
        },
        "name[TOK_Q_DELIM]Toronto[TOK_Q_DELIM]City": {
            "query": "prop=name, value=Toronto, parent_class=City",
            "response": "TOKPOS"
        },
        "alumniOf[TOK_Q_DELIM]University of Western Ontario[TOK_Q_DELIM]Person": {
            "query": "prop=alumniOf, value=University of Western Ontario, parent_class=Person",
            "response": "TOKNEG"
        },
        "streetAddress[TOK_Q_DELIM]33 Mill Street[TOK_Q_DELIM]PostalAddress": {
            "query": "prop=streetAddress, value=33 Mill Street, parent_class=PostalAddress",
            "response": "TOKPOS"
        },
        "url[TOK_Q_DELIM]https://bachmannlaw.ca/toronto.html[TOK_Q_DELIM]LocalBusiness": {
            "query": "prop=url, value=https://bachmannlaw.ca/toronto.html, parent_class=LocalBusiness",
            "response": "TOKNEG"
        },
        "telephone[TOK_Q_DELIM]1 877 428 8090[TOK_Q_DELIM]LocalBusiness": {
            "query": "prop=telephone, value=1 877 428 8090, parent_class=LocalBusiness",
            "response": "TOKPOS"
        },
        "foundingLocation[TOK_Q_DELIM]Sincoe, ON[TOK_Q_DELIM]LocalBusiness": {
            "query": "prop=foundingLocation, value=Sincoe, ON, parent_class=LocalBusiness",
            "response": "TOKNEG"
        },
        "url[TOK_Q_DELIM]https://bachmannlaw.ca/toronto.html[TOK_Q_DELIM]ImageObject": {
            "query": "prop=url, value=https://bachmannlaw.ca/toronto.html, parent_class=ImageObject",
            "response": "TOKNEG"
        },
        "priceRange[TOK_Q_DELIM]$$[TOK_Q_DELIM]LocalBusiness": {
            "query": "prop=priceRange, value=$$, parent_class=LocalBusiness",
            "response": "TOKPOS"
        },
        "alternateName[TOK_Q_DELIM]Bachmann Personal Injury Law Group[TOK_Q_DELIM]LocalBusiness": {
            "query": "prop=alternateName, value=Bachmann Personal Injury Law Group, parent_class=LocalBusiness",
            "response": "TOKPOS"
        },
        "nationality[TOK_Q_DELIM]Romanian Canadian[TOK_Q_DELIM]Person": {
            "query": "prop=nationality, value=Romanian Canadian, parent_class=Person",
            "response": "TOKNEG"
        },
        "name[TOK_Q_DELIM]York[TOK_Q_DELIM]City": {
            "query": "prop=name, value=York, parent_class=City",
            "response": "TOKNEG"
        },
        "description[TOK_Q_DELIM]We have 3 location offices to serave you better, with our new Toronto satelite office located in the Distillery District[TOK_Q_DELIM]LocalBusiness": {
            "query": "prop=description, value=We have 3 location offices to serave you better, with our new Toronto satelite office located in the Distillery District, parent_class=LocalBusiness",
            "response": "TOKPOS"
        },
        "latitude[TOK_Q_DELIM]43.6502401[TOK_Q_DELIM]GeoCoordinates": {
            "query": "prop=latitude, value=43.6502401, parent_class=GeoCoordinates",
            "response": "TOKPOS"
        },
        "email[TOK_Q_DELIM]cbachmann@bachmannlaw.ca[TOK_Q_DELIM]Person": {
            "query": "prop=email, value=cbachmann@bachmannlaw.ca, parent_class=Person",
            "response": "TOKNEG"
        },
        "addressLocality[TOK_Q_DELIM]Toronto[TOK_Q_DELIM]PostalAddress": {
            "query": "prop=addressLocality, value=Toronto, parent_class=PostalAddress",
            "response": "TOKPOS"
        },
        "sameAs[TOK_Q_DELIM]https://www.instagram.com/corinabachmann[TOK_Q_DELIM]Person": {
            "query": "prop=sameAs, value=https://www.instagram.com/corinabachmann, parent_class=Person",
            "response": "TOKNEG"
        },
        "keywords[TOK_Q_DELIM]personal injury lawyer near me, @BachmannLaw, Accident lawyer near me, Personal Injury Lawyer Toronto, best motor vehicle car accident lawyer, best brain injury lawyer, best spinal cord injury lawyer, best Toronto Personal Injury Lawyer, best lawyer near me, best looking personal injury lawyer[TOK_Q_DELIM]ImageObject": {
            "query": "prop=keywords, value=personal injury lawyer near me, @BachmannLaw, Accident lawyer near me, Personal Injury Lawyer Toronto, best motor vehicle car accident lawyer, best brain injury lawyer, best spinal cord injury lawyer, best Toronto Personal Injury Lawyer, best lawyer near me, best looking personal injury lawyer, parent_class=ImageObject",
            "response": "TOKPOS"
        },
        "homeLocation[TOK_Q_DELIM]Toronto, Canada[TOK_Q_DELIM]Person": {
            "query": "prop=homeLocation, value=Toronto, Canada, parent_class=Person",
            "response": "TOKPOS"
        },
        "sameAs[TOK_Q_DELIM]https://twitter.com/BachmannLaw[TOK_Q_DELIM]LocalBusiness": {
            "query": "prop=sameAs, value=https://twitter.com/BachmannLaw, parent_class=LocalBusiness",
            "response": "TOKNEG"
        },
        "name[TOK_Q_DELIM]Markham[TOK_Q_DELIM]City": {
            "query": "prop=name, value=Markham, parent_class=City",
            "response": "TOKNEG"
        },
        "addressLocality[TOK_Q_DELIM]Ontario[TOK_Q_DELIM]PostalAddress": {
            "query": "prop=addressLocality, value=Ontario, parent_class=PostalAddress",
            "response": "TOKPOS"
        },
        "caption[TOK_Q_DELIM]Bachmann Personal Injury Law Group Simcoe Toronto Logo[TOK_Q_DELIM]ImageObject": {
            "query": "prop=caption, value=Bachmann Personal Injury Law Group Simcoe Toronto Logo, parent_class=ImageObject",
            "response": "TOKPOS"
        },
        "score": 0.3953488372093023
    }
}