{
    "msgs": {},
    "score": 1.0,
    "n_infos": 56,
    "valid": true
}