{
    "chunk_0": {
        "status": "success",
        "additionalType[TOK_Q_DELIM]http://www.productontology.org/id/Personal_injury_lawyer[TOK_Q_DELIM]WebPage": {
            "query": "prop=additionalType, value=http://www.productontology.org/id/Personal_injury_lawyer, parent_class=WebPage",
            "response": "TOKPOS"
        },
        "alumniOf[TOK_Q_DELIM]Western University, University of Timisoara[TOK_Q_DELIM]Person": {
            "query": "prop=alumniOf, value=Western University, University of Timisoara, parent_class=Person",
            "response": "TOKNEG"
        },
        "gender[TOK_Q_DELIM]female[TOK_Q_DELIM]Person": {
            "query": "prop=gender, value=female, parent_class=Person",
            "response": "TOKNEG"
        },
        "isFamilyFriendly[TOK_Q_DELIM]true[TOK_Q_DELIM]WebPage": {
            "query": "prop=isFamilyFriendly, value=true, parent_class=WebPage",
            "response": "TOKPOS"
        },
        "weight[TOK_Q_DELIM]52.6kg[TOK_Q_DELIM]Person": {
            "query": "prop=weight, value=52.6kg, parent_class=Person",
            "response": "TOKNEG"
        },
        "sameAs[TOK_Q_DELIM]https://www.instagram.com/corina.bachmann[TOK_Q_DELIM]Person": {
            "query": "prop=sameAs, value=https://www.instagram.com/corina.bachmann, parent_class=Person",
            "response": "TOKNEG"
        },
        "uploadDate[TOK_Q_DELIM]2020-04-18[TOK_Q_DELIM]ImageObject": {
            "query": "prop=uploadDate, value=2020-04-18, parent_class=ImageObject",
            "response": "TOKNEG"
        },
        "height[TOK_Q_DELIM]160cm[TOK_Q_DELIM]Person": {
            "query": "prop=height, value=160cm, parent_class=Person",
            "response": "TOKNEG"
        },
        "sameAs[TOK_Q_DELIM]https://www.facebook.com/corina.a.bachmann[TOK_Q_DELIM]Person": {
            "query": "prop=sameAs, value=https://www.facebook.com/corina.a.bachmann, parent_class=Person",
            "response": "TOKNEG"
        },
        "creator[TOK_Q_DELIM]Corina Bachmann[TOK_Q_DELIM]ImageObject": {
            "query": "prop=creator, value=Corina Bachmann, parent_class=ImageObject",
            "response": "TOKNEG"
        },
        "memberOf[TOK_Q_DELIM]Norfolk Law Association[TOK_Q_DELIM]Person": {
            "query": "prop=memberOf, value=Norfolk Law Association, parent_class=Person",
            "response": "TOKNEG"
        },
        "creator[TOK_Q_DELIM]Corina Bachmann[TOK_Q_DELIM]WebPage": {
            "query": "prop=creator, value=Corina Bachmann, parent_class=WebPage",
            "response": "TOKNEG"
        },
        "sameAs[TOK_Q_DELIM]https://www.facebook.com/bachmannlaw[TOK_Q_DELIM]Person": {
            "query": "prop=sameAs, value=https://www.facebook.com/bachmannlaw, parent_class=Person",
            "response": "TOKNEG"
        },
        "contentSize[TOK_Q_DELIM]51k[TOK_Q_DELIM]ImageObject": {
            "query": "prop=contentSize, value=51k, parent_class=ImageObject",
            "response": "TOKNEG"
        },
        "jobTitle[TOK_Q_DELIM]Senior Lawyer, Owner of Bachmann Law[TOK_Q_DELIM]Person": {
            "query": "prop=jobTitle, value=Senior Lawyer, Owner of Bachmann Law, parent_class=Person",
            "response": "TOKPOS"
        },
        "audience[TOK_Q_DELIM]PG[TOK_Q_DELIM]ImageObject": {
            "query": "prop=audience, value=PG, parent_class=ImageObject",
            "response": "TOKNEG"
        },
        "keywords[TOK_Q_DELIM]@BachmannLaw, BachmannLaw.ca, Personal Injury Lawyer Simcoe Toronto Kawartha Lake, best motor vehicle collision claims lawyer, best brain injury lawyer, best spinal cord injury lawyer, best Norfolk County Personal Injury Lawyer, best Toronto Personal Injury Lawyer,  best Kawartha Lakes Personal Injury Lawyer[TOK_Q_DELIM]ImageObject": {
            "query": "prop=keywords, value=@BachmannLaw, BachmannLaw.ca, Personal Injury Lawyer Simcoe Toronto Kawartha Lake, best motor vehicle collision claims lawyer, best brain injury lawyer, best spinal cord injury lawyer, best Norfolk County Personal Injury Lawyer, best Toronto Personal Injury Lawyer,  best Kawartha Lakes Personal Injury Lawyer, parent_class=ImageObject",
            "response": "TOKPOS"
        },
        "memberOf[TOK_Q_DELIM]Hamilton Law Association[TOK_Q_DELIM]Person": {
            "query": "prop=memberOf, value=Hamilton Law Association, parent_class=Person",
            "response": "TOKNEG"
        },
        "nationality[TOK_Q_DELIM]Romanian/Canadian[TOK_Q_DELIM]Person": {
            "query": "prop=nationality, value=Romanian/Canadian, parent_class=Person",
            "response": "TOKNEG"
        },
        "requiresSubscription[TOK_Q_DELIM]false[TOK_Q_DELIM]ImageObject": {
            "query": "prop=requiresSubscription, value=false, parent_class=ImageObject",
            "response": "TOKNEG"
        },
        "representativeOfPage[TOK_Q_DELIM]true[TOK_Q_DELIM]ImageObject": {
            "query": "prop=representativeOfPage, value=true, parent_class=ImageObject",
            "response": "TOKNEG"
        },
        "caption[TOK_Q_DELIM]Senior Lawyer and owner of Bachmann Personal Injury Law Group[TOK_Q_DELIM]ImageObject": {
            "query": "prop=caption, value=Senior Lawyer and owner of Bachmann Personal Injury Law Group, parent_class=ImageObject",
            "response": "TOKNEG"
        },
        "description[TOK_Q_DELIM]Bachmann Law is dedicated to personal injury litigation hosting it's flagfhip location in Simcoe Ontario and now it's brand new location in the Distillery District of Toronto.[TOK_Q_DELIM]WebPage": {
            "query": "prop=description, value=Bachmann Law is dedicated to personal injury litigation hosting it's flagfhip location in Simcoe Ontario and now it's brand new location in the Distillery District of Toronto., parent_class=WebPage",
            "response": "TOKPOS"
        },
        "homeLocation[TOK_Q_DELIM]33 Mill St. Toronto ON[TOK_Q_DELIM]Person": {
            "query": "prop=homeLocation, value=33 Mill St. Toronto ON, parent_class=Person",
            "response": "TOKNEG"
        },
        "url[TOK_Q_DELIM]https://bachmannlaw.ca/toronto.html[TOK_Q_DELIM]WebPage": {
            "query": "prop=url, value=https://bachmannlaw.ca/toronto.html, parent_class=WebPage",
            "response": "TOKPOS"
        },
        "name[TOK_Q_DELIM]Corina Bachmann[TOK_Q_DELIM]Person": {
            "query": "prop=name, value=Corina Bachmann, parent_class=Person",
            "response": "TOKPOS"
        },
        "width[TOK_Q_DELIM]500[TOK_Q_DELIM]ImageObject": {
            "query": "prop=width, value=500, parent_class=ImageObject",
            "response": "TOKNEG"
        },
        "contentUrl[TOK_Q_DELIM]https://bachmannlaw.ca/images/Bachmann_Personal_Injury_Law_Owner_Corina_Bachmann.jpg[TOK_Q_DELIM]ImageObject": {
            "query": "prop=contentUrl, value=https://bachmannlaw.ca/images/Bachmann_Personal_Injury_Law_Owner_Corina_Bachmann.jpg, parent_class=ImageObject",
            "response": "TOKNEG"
        },
        "memberOf[TOK_Q_DELIM]Ontario Bar Association[TOK_Q_DELIM]Person": {
            "query": "prop=memberOf, value=Ontario Bar Association, parent_class=Person",
            "response": "TOKNEG"
        },
        "telephone[TOK_Q_DELIM]1-519 428 8090 #225[TOK_Q_DELIM]Person": {
            "query": "prop=telephone, value=1-519 428 8090 #225, parent_class=Person",
            "response": "TOKNEG"
        },
        "height[TOK_Q_DELIM]500[TOK_Q_DELIM]ImageObject": {
            "query": "prop=height, value=500, parent_class=ImageObject",
            "response": "TOKNEG"
        },
        "email[TOK_Q_DELIM]cbachmann@bachmannlaw.ca[TOK_Q_DELIM]Person": {
            "query": "prop=email, value=cbachmann@bachmannlaw.ca, parent_class=Person",
            "response": "TOKNEG"
        },
        "memberOf[TOK_Q_DELIM]Ontario Trial Lawyers Association[TOK_Q_DELIM]Person": {
            "query": "prop=memberOf, value=Ontario Trial Lawyers Association, parent_class=Person",
            "response": "TOKNEG"
        },
        "url[TOK_Q_DELIM]https://bachmannlaw.ca[TOK_Q_DELIM]Person": {
            "query": "prop=url, value=https://bachmannlaw.ca, parent_class=Person",
            "response": "TOKNEG"
        },
        "about[TOK_Q_DELIM]Personal Injury Law Group specializing in personal injury alone or over 2 decades, with locations in Simcoe, Toronto and Kawartha Lakes to serve you best[TOK_Q_DELIM]WebPage": {
            "query": "prop=about, value=Personal Injury Law Group specializing in personal injury alone or over 2 decades, with locations in Simcoe, Toronto and Kawartha Lakes to serve you best, parent_class=WebPage",
            "response": "TOKPOS"
        },
        "name[TOK_Q_DELIM]Bachmann Personal Injury Law Group Toronto Office[TOK_Q_DELIM]WebPage": {
            "query": "prop=name, value=Bachmann Personal Injury Law Group Toronto Office, parent_class=WebPage",
            "response": "TOKPOS"
        },
        "birthPlace[TOK_Q_DELIM]Sibiu, Transylvania[TOK_Q_DELIM]Person": {
            "query": "prop=birthPlace, value=Sibiu, Transylvania, parent_class=Person",
            "response": "TOKNEG"
        },
        "brand[TOK_Q_DELIM]Bachmann Personal Injury Law Group[TOK_Q_DELIM]Person": {
            "query": "prop=brand, value=Bachmann Personal Injury Law Group, parent_class=Person",
            "response": "TOKPOS"
        },
        "knows[TOK_Q_DELIM]James Vigmond, Brian Cameron, Robert Monroe, Greg Monforton, Duncan Embury, Barbara Legate, Judith Hull, Adam Wagman, Charles Gluckstein[TOK_Q_DELIM]Person": {
            "query": "prop=knows, value=James Vigmond, Brian Cameron, Robert Monroe, Greg Monforton, Duncan Embury, Barbara Legate, Judith Hull, Adam Wagman, Charles Gluckstein, parent_class=Person",
            "response": "TOKNEG"
        },
        "score": 0.2564102564102564
    }
}