{
    "chunk_0": {
        "status": "success",
        "contactType[TOK_Q_DELIM]customer service[TOK_Q_DELIM]ContactPoint": {
            "query": "contactType: A person or organization can have different contact points, for different purposes. For example, a sales contact point, a PR contact point and so on. This property is used to specify the kind of contact point.",
            "response": "TOKPOS"
        },
        "logo[TOK_Q_DELIM]https://shop.online-learning.bg//assets/components/themenit/images/shop40.png[TOK_Q_DELIM]OnlineStore": {
            "query": "logo: An associated logo.",
            "response": "TOKPOS"
        },
        "url[TOK_Q_DELIM]https://www.online-learning.bg[TOK_Q_DELIM]OnlineBusiness": {
            "query": "url: URL of the item.",
            "response": "TOKPOS"
        },
        "url[TOK_Q_DELIM]https://www.nit.bg[TOK_Q_DELIM]Organization": {
            "query": "url: URL of the item.",
            "response": "TOKPOS"
        },
        "score": 1.0,
        "name[TOK_Q_DELIM]Online Learning Shop[TOK_Q_DELIM]OnlineStore": {
            "query": "name: The name of the item.",
            "response": "TOKPOS"
        },
        "name[TOK_Q_DELIM]NIT New Internet Technologies Ltd.[TOK_Q_DELIM]Organization": {
            "query": "name: The name of the item.",
            "response": "TOKPOS"
        },
        "url[TOK_Q_DELIM]https://shop.online-learning.bg/[TOK_Q_DELIM]OnlineStore": {
            "query": "url: URL of the item.",
            "response": "TOKPOS"
        },
        "telephone[TOK_Q_DELIM]+359-2-850-5364[TOK_Q_DELIM]ContactPoint": {
            "query": "telephone: The telephone number.",
            "response": "TOKPOS"
        },
        "name[TOK_Q_DELIM]Innovative Online Learning Solutions[TOK_Q_DELIM]OnlineBusiness": {
            "query": "name: The name of the item.",
            "response": "TOKPOS"
        }
    }
}