{"msgs": {"Description|Our chiropractic marketing agency can be found here|GeoCoordinates": ["(Description) is not a property of (GeoCoordinates)."]}, "score": 0.9843750002441406, "n_infos": 64, "valid": false}