{"msgs": {"Image||WebPage": ["(Image) is not a property of (WebPage)."]}, "score": 0.9166666736111105, "n_infos": 12, "valid": false}