{
    "chunk_0": {
        "status": "success",
        "description[TOK_Q_DELIM]<p>The purpose of this guide is to give students clear and helpful information on finding and using images for their schoolwork and other creative projects. The first part of the guide goes over the basics of why some images are free to use and some are not. The second part shows where and how to find images to use. And the third part tells about some best practices for using images, including giving credit to creators. <em>Cover image by <a href=\"https://unsplash.com/@blsnki\">Yeh Xintong</a> via <a href=\"https://unsplash.com/photos/hFl4L5iUgy0\">Unsplash</a></em>.</p>[TOK_Q_DELIM]Book": {
            "query": "description: A description of the item.",
            "response": "TOKPOS"
        },
        "name[TOK_Q_DELIM]English[TOK_Q_DELIM]Language": {
            "query": "name: The name of the item.",
            "response": "TOKPOS"
        },
        "code[TOK_Q_DELIM]CC BY-NC[TOK_Q_DELIM]CreativeWork": {
            "query": "code: A medical code for the entity, taken from a controlled vocabulary or ontology such as ICD-9, DiseasesDB, MeSH, SNOMED-CT, RxNorm, etc.",
            "response": "TOKNEG"
        },
        "name[TOK_Q_DELIM]Educational: Art and design[TOK_Q_DELIM]Thing": {
            "query": "name: The name of the item.",
            "response": "TOKPOS"
        },
        "name[TOK_Q_DELIM]Finding and Using Openly Licensed Images: A Quick Guide for Students[TOK_Q_DELIM]Book": {
            "query": "name: The name of the item.",
            "response": "TOKPOS"
        },
        "url[TOK_Q_DELIM]https://creativecommons.org/licenses/by-nc/4.0/[TOK_Q_DELIM]CreativeWork": {
            "query": "url: URL of the item.",
            "response": "TOKPOS"
        },
        "name[TOK_Q_DELIM]Rachael Nevins[TOK_Q_DELIM]Person": {
            "query": "name: The name of the item.",
            "response": "TOKPOS"
        },
        "disambiguatingDescription[TOK_Q_DELIM]The purpose of this guide is to give students clear and helpful information on finding and using images for their schoolwork and other creative projects.[TOK_Q_DELIM]Book": {
            "query": "disambiguatingDescription: A sub property of description. A short description of the item used to disambiguate from other, similar items. Information from other properties (in particular, name) may be necessary for the description to be useful for disambiguation.",
            "response": "TOKPOS"
        },
        "name[TOK_Q_DELIM]CC BY-NC (Attribution NonCommercial)[TOK_Q_DELIM]CreativeWork": {
            "query": "name: The name of the item.",
            "response": "TOKPOS"
        },
        "code[TOK_Q_DELIM]en[TOK_Q_DELIM]Language": {
            "query": "code: A medical code for the entity, taken from a controlled vocabulary or ontology such as ICD-9, DiseasesDB, MeSH, SNOMED-CT, RxNorm, etc.",
            "response": "TOKPOS"
        },
        "inLanguage[TOK_Q_DELIM]en[TOK_Q_DELIM]Book": {
            "query": "inLanguage: The language of the content or performance or used in an action. Please use one of the language codes from the [IETF BCP 47 standard](http://tools.ietf.org/html/bcp47). See also [[availableLanguage]].",
            "response": "TOKPOS"
        },
        "score": 0.7142857142857143
    }
}