{
    "chunk_0": {
        "status": "success",
        "url[TOK_Q_DELIM]https://www.lyntonblack.net/_images/portfolio/portfolio_design/clients/46/Logo-drafts-and-development-to-final-design/standard/Ice-cream-parlour-identity-2.jpg[TOK_Q_DELIM]ListItem": {
            "query": "prop=url, value=https://www.lyntonblack.net/_images/portfolio/portfolio_design/clients/46/Logo-drafts-and-development-to-final-design/standard/Ice-cream-parlour-identity-2.jpg, parent_class=ListItem",
            "response": "TOKPOS"
        },
        "position[TOK_Q_DELIM]4[TOK_Q_DELIM]ListItem": {
            "query": "prop=position, value=4, parent_class=ListItem",
            "response": "TOKPOS"
        },
        "position[TOK_Q_DELIM]1[TOK_Q_DELIM]ListItem": {
            "query": "prop=position, value=1, parent_class=ListItem",
            "response": "TOKPOS"
        },
        "name[TOK_Q_DELIM]Logo drafts and development to final design, for Vintage Tea &amp; Coffee Co.[TOK_Q_DELIM]ItemList": {
            "query": "prop=name, value=Logo drafts and development to final design, for Vintage Tea &amp; Coffee Co., parent_class=ItemList",
            "response": "TOKPOS"
        },
        "url[TOK_Q_DELIM]https://www.lyntonblack.net/_images/portfolio/portfolio_design/clients/46/Logo-drafts-and-development-to-final-design/standard/Ice-cream-parlour-identity-1.jpg[TOK_Q_DELIM]ListItem": {
            "query": "prop=url, value=https://www.lyntonblack.net/_images/portfolio/portfolio_design/clients/46/Logo-drafts-and-development-to-final-design/standard/Ice-cream-parlour-identity-1.jpg, parent_class=ListItem",
            "response": "TOKPOS"
        },
        "position[TOK_Q_DELIM]0[TOK_Q_DELIM]ListItem": {
            "query": "prop=position, value=0, parent_class=ListItem",
            "response": "TOKPOS"
        },
        "name[TOK_Q_DELIM]Lynton Black Media, Cardiff[TOK_Q_DELIM]Organization": {
            "query": "prop=name, value=Lynton Black Media, Cardiff, parent_class=Organization",
            "response": "TOKPOS"
        },
        "position[TOK_Q_DELIM]5[TOK_Q_DELIM]ListItem": {
            "query": "prop=position, value=5, parent_class=ListItem",
            "response": "TOKPOS"
        },
        "itemListOrder[TOK_Q_DELIM]http://schema.org/ItemListOrderAscending[TOK_Q_DELIM]CreativeWork": {
            "query": "prop=itemListOrder, value=http://schema.org/ItemListOrderAscending, parent_class=CreativeWork",
            "response": "TOKPOS"
        },
        "image[TOK_Q_DELIM]https://www.lyntonblack.net/_images/portfolio/portfolio_design/clients/46/Logo-drafts-and-development-to-final-design/standard/Ice-cream-parlour-identity-5.jpg[TOK_Q_DELIM]ListItem": {
            "query": "prop=image, value=https://www.lyntonblack.net/_images/portfolio/portfolio_design/clients/46/Logo-drafts-and-development-to-final-design/standard/Ice-cream-parlour-identity-5.jpg, parent_class=ListItem",
            "response": "TOKPOS"
        },
        "image[TOK_Q_DELIM]https://www.lyntonblack.net/_images/portfolio/portfolio_design/clients/46/Logo-drafts-and-development-to-final-design/standard/Ice-cream-parlour-identity-2.jpg[TOK_Q_DELIM]ListItem": {
            "query": "prop=image, value=https://www.lyntonblack.net/_images/portfolio/portfolio_design/clients/46/Logo-drafts-and-development-to-final-design/standard/Ice-cream-parlour-identity-2.jpg, parent_class=ListItem",
            "response": "TOKPOS"
        },
        "description[TOK_Q_DELIM]Ice cream parlour[TOK_Q_DELIM]ListItem": {
            "query": "prop=description, value=Ice cream parlour, parent_class=ListItem",
            "response": "TOKPOS"
        },
        "author[TOK_Q_DELIM]Lynton Black Media[TOK_Q_DELIM]ItemList": {
            "query": "prop=author, value=Lynton Black Media, parent_class=ItemList",
            "response": "TOKPOS"
        },
        "image[TOK_Q_DELIM]https://www.lyntonblack.net/_images/portfolio/portfolio_design/clients/46/Logo-drafts-and-development-to-final-design/standard/Ice-cream-parlour-identity-1.jpg[TOK_Q_DELIM]ListItem": {
            "query": "prop=image, value=https://www.lyntonblack.net/_images/portfolio/portfolio_design/clients/46/Logo-drafts-and-development-to-final-design/standard/Ice-cream-parlour-identity-1.jpg, parent_class=ListItem",
            "response": "TOKPOS"
        },
        "image[TOK_Q_DELIM]https://www.lyntonblack.net/_images/portfolio/portfolio_design/clients/46/Logo-drafts-and-development-to-final-design/standard/Ice-cream-parlour-identity-6.jpg[TOK_Q_DELIM]ListItem": {
            "query": "prop=image, value=https://www.lyntonblack.net/_images/portfolio/portfolio_design/clients/46/Logo-drafts-and-development-to-final-design/standard/Ice-cream-parlour-identity-6.jpg, parent_class=ListItem",
            "response": "TOKPOS"
        },
        "numberOfItems[TOK_Q_DELIM]7[TOK_Q_DELIM]CreativeWork": {
            "query": "prop=numberOfItems, value=7, parent_class=CreativeWork",
            "response": "TOKPOS"
        },
        "itemListOrder[TOK_Q_DELIM]http://schema.org/ItemListOrderAscending[TOK_Q_DELIM]ItemList": {
            "query": "prop=itemListOrder, value=http://schema.org/ItemListOrderAscending, parent_class=ItemList",
            "response": "TOKPOS"
        },
        "image[TOK_Q_DELIM]https://www.lyntonblack.net/_images/portfolio/portfolio_design/clients/46/Logo-drafts-and-development-to-final-design.jpg[TOK_Q_DELIM]CreativeWork": {
            "query": "prop=image, value=https://www.lyntonblack.net/_images/portfolio/portfolio_design/clients/46/Logo-drafts-and-development-to-final-design.jpg, parent_class=CreativeWork",
            "response": "TOKPOS"
        },
        "numberOfItems[TOK_Q_DELIM]7[TOK_Q_DELIM]ItemList": {
            "query": "prop=numberOfItems, value=7, parent_class=ItemList",
            "response": "TOKPOS"
        },
        "url[TOK_Q_DELIM]https://www.lyntonblack.net/_images/portfolio/portfolio_design/clients/46/Logo-drafts-and-development-to-final-design/standard/Ice-cream-parlour-identity-6.jpg[TOK_Q_DELIM]ListItem": {
            "query": "prop=url, value=https://www.lyntonblack.net/_images/portfolio/portfolio_design/clients/46/Logo-drafts-and-development-to-final-design/standard/Ice-cream-parlour-identity-6.jpg, parent_class=ListItem",
            "response": "TOKPOS"
        },
        "author[TOK_Q_DELIM]Lynton Black Media[TOK_Q_DELIM]CreativeWork": {
            "query": "prop=author, value=Lynton Black Media, parent_class=CreativeWork",
            "response": "TOKPOS"
        },
        "url[TOK_Q_DELIM]https://www.lyntonblack.net/_images/portfolio/portfolio_design/clients/46/Logo-drafts-and-development-to-final-design/standard/Ice-cream-parlour-identity-3.jpg[TOK_Q_DELIM]ListItem": {
            "query": "prop=url, value=https://www.lyntonblack.net/_images/portfolio/portfolio_design/clients/46/Logo-drafts-and-development-to-final-design/standard/Ice-cream-parlour-identity-3.jpg, parent_class=ListItem",
            "response": "TOKPOS"
        },
        "name[TOK_Q_DELIM]Lynton Black Media[TOK_Q_DELIM]Organization": {
            "query": "prop=name, value=Lynton Black Media, parent_class=Organization",
            "response": "TOKPOS"
        },
        "image[TOK_Q_DELIM]https://www.lyntonblack.net/_images/portfolio/portfolio_design/clients/46/Logo-drafts-and-development-to-final-design/standard/Ice-cream-parlour-identity-4.jpg[TOK_Q_DELIM]ListItem": {
            "query": "prop=image, value=https://www.lyntonblack.net/_images/portfolio/portfolio_design/clients/46/Logo-drafts-and-development-to-final-design/standard/Ice-cream-parlour-identity-4.jpg, parent_class=ListItem",
            "response": "TOKPOS"
        },
        "url[TOK_Q_DELIM]https://www.lyntonblack.net/_images/portfolio/portfolio_design/clients/46/Logo-drafts-and-development-to-final-design/standard/Ice-cream-parlour-identity-0.jpg[TOK_Q_DELIM]ListItem": {
            "query": "prop=url, value=https://www.lyntonblack.net/_images/portfolio/portfolio_design/clients/46/Logo-drafts-and-development-to-final-design/standard/Ice-cream-parlour-identity-0.jpg, parent_class=ListItem",
            "response": "TOKPOS"
        },
        "url[TOK_Q_DELIM]https://www.lyntonblack.net/_images/portfolio/portfolio_design/clients/46/Logo-drafts-and-development-to-final-design/standard/Ice-cream-parlour-identity-4.jpg[TOK_Q_DELIM]ListItem": {
            "query": "prop=url, value=https://www.lyntonblack.net/_images/portfolio/portfolio_design/clients/46/Logo-drafts-and-development-to-final-design/standard/Ice-cream-parlour-identity-4.jpg, parent_class=ListItem",
            "response": "TOKPOS"
        },
        "image[TOK_Q_DELIM]https://www.lyntonblack.net/_images/portfolio/portfolio_design/clients/46/Logo-drafts-and-development-to-final-design.jpg[TOK_Q_DELIM]ItemList": {
            "query": "prop=image, value=https://www.lyntonblack.net/_images/portfolio/portfolio_design/clients/46/Logo-drafts-and-development-to-final-design.jpg, parent_class=ItemList",
            "response": "TOKPOS"
        },
        "url[TOK_Q_DELIM]https://www.lyntonblack.net/_images/portfolio/portfolio_design/clients/46/Logo-drafts-and-development-to-final-design/standard/Ice-cream-parlour-identity-5.jpg[TOK_Q_DELIM]ListItem": {
            "query": "prop=url, value=https://www.lyntonblack.net/_images/portfolio/portfolio_design/clients/46/Logo-drafts-and-development-to-final-design/standard/Ice-cream-parlour-identity-5.jpg, parent_class=ListItem",
            "response": "TOKPOS"
        },
        "position[TOK_Q_DELIM]3[TOK_Q_DELIM]ListItem": {
            "query": "prop=position, value=3, parent_class=ListItem",
            "response": "TOKPOS"
        },
        "name[TOK_Q_DELIM]Ice cream parlour identity[TOK_Q_DELIM]ListItem": {
            "query": "prop=name, value=Ice cream parlour identity, parent_class=ListItem",
            "response": "TOKPOS"
        },
        "url[TOK_Q_DELIM]https://www.lyntonblack.net/_images/lbm-logo.png[TOK_Q_DELIM]ImageObject": {
            "query": "prop=url, value=https://www.lyntonblack.net/_images/lbm-logo.png, parent_class=ImageObject",
            "response": "TOKPOS"
        },
        "position[TOK_Q_DELIM]6[TOK_Q_DELIM]ListItem": {
            "query": "prop=position, value=6, parent_class=ListItem",
            "response": "TOKPOS"
        },
        "image[TOK_Q_DELIM]https://www.lyntonblack.net/_images/portfolio/portfolio_design/clients/46/Logo-drafts-and-development-to-final-design/standard/Ice-cream-parlour-identity-3.jpg[TOK_Q_DELIM]ListItem": {
            "query": "prop=image, value=https://www.lyntonblack.net/_images/portfolio/portfolio_design/clients/46/Logo-drafts-and-development-to-final-design/standard/Ice-cream-parlour-identity-3.jpg, parent_class=ListItem",
            "response": "TOKPOS"
        },
        "position[TOK_Q_DELIM]2[TOK_Q_DELIM]ListItem": {
            "query": "prop=position, value=2, parent_class=ListItem",
            "response": "TOKPOS"
        },
        "name[TOK_Q_DELIM]Logo drafts and development to final design, for Vintage Tea &amp; Coffee Co.[TOK_Q_DELIM]CreativeWork": {
            "query": "prop=name, value=Logo drafts and development to final design, for Vintage Tea &amp; Coffee Co., parent_class=CreativeWork",
            "response": "TOKPOS"
        },
        "image[TOK_Q_DELIM]https://www.lyntonblack.net/_images/portfolio/portfolio_design/clients/46/Logo-drafts-and-development-to-final-design/standard/Ice-cream-parlour-identity-0.jpg[TOK_Q_DELIM]ListItem": {
            "query": "prop=image, value=https://www.lyntonblack.net/_images/portfolio/portfolio_design/clients/46/Logo-drafts-and-development-to-final-design/standard/Ice-cream-parlour-identity-0.jpg, parent_class=ListItem",
            "response": "TOKPOS"
        },
        "score": 1.0
    }
}