{"msgs": {"keyword|Anarchist|OnlineStore": ["(keyword) is not a property of (OnlineStore)."], "keyword|ACAB|OnlineStore": ["(keyword) is not a property of (OnlineStore)."], "keyword|Activist T-shirts|OnlineStore": ["(keyword) is not a property of (OnlineStore)."], "keyword|Ecological|OnlineStore": ["(keyword) is not a property of (OnlineStore)."], "keyword|Vegan|OnlineStore": ["(keyword) is not a property of (OnlineStore)."], "keyword|Animal Liberation|OnlineStore": ["(keyword) is not a property of (OnlineStore)."], "keyword|No Gods No masters|OnlineStore": ["(keyword) is not a property of (OnlineStore)."], "keyword|Ethical Clothing|OnlineStore": ["(keyword) is not a property of (OnlineStore)."], "paymentAccepted|Paypal, Credit Card, Cash|OnlineStore": ["(paymentAccepted) is not a property of (OnlineStore)."], "priceRange|$|OnlineStore": ["(priceRange) is not a property of (OnlineStore)."], "inLanguage|en|OnlineStore": ["(inLanguage) is not a property of (OnlineStore)."], "refundType|FullRefund|ProductReturnPolicy": ["(refundType) is not a property of (ProductReturnPolicy)."]}, "score": 0.7551020458142439, "n_infos": 49, "valid": false}