{
    "chunk_0": {
        "status": "success",
        "name[TOK_Q_DELIM]Maureen (Bond) Albrecht (deceased)[TOK_Q_DELIM]Person": {
            "query": "prop=name, value=Maureen (Bond) Albrecht (deceased), parent_class=Person",
            "response": "TOKPOS"
        },
        "name[TOK_Q_DELIM]Clarence Albrecht (deceased)[TOK_Q_DELIM]Person": {
            "query": "prop=name, value=Clarence Albrecht (deceased), parent_class=Person",
            "response": "TOKPOS"
        },
        "name[TOK_Q_DELIM]Gary Paul Albrecht[TOK_Q_DELIM]Person": {
            "query": "prop=name, value=Gary Paul Albrecht, parent_class=Person",
            "response": "TOKPOS"
        },
        "name[TOK_Q_DELIM]Anna (Brunow) Albrecht (deceased)[TOK_Q_DELIM]Person": {
            "query": "prop=name, value=Anna (Brunow) Albrecht (deceased), parent_class=Person",
            "response": "TOKNEG"
        },
        "name[TOK_Q_DELIM]Cynthia Albrecht [TOK_Q_DELIM]Person": {
            "query": "prop=name, value=Cynthia Albrecht , parent_class=Person",
            "response": "TOKPOS"
        },
        "score": 0.8
    }
}